python3 tools/quality/check_placeholder_visuals.py
{
  "ok": true,
  "PLAYER_FACING_UNAPPROVED_PLACEHOLDER_VISUALS": 0,
  "findings": [],
  "scan_roots": [
    "game-godot/scenes/combat",
    "game-godot/scripts/combat",
    "game-godot/scripts/fighters",
    "game-godot/scenes/fighters",
    "game-godot/scenes/battle"
  ],
  "HUMAN_Q5": false,
  "note": "Count is detector hits, not quality ladder level."
}
python3 tools/quality/check_model_visibility_reliability.py
{
  "NAMEPLATE_VISIBLE_AND_MODEL_MISSING": "failure",
  "STATIC_CONTRACT_DEFINED": true,
  "STATIC_CHECKS": [
    {
      "id": "nameplate_node_present",
      "pass": true,
      "note": "Fighter exposes NameLabel (nameplate)"
    },
    {
      "id": "body_hidden_when_model_loaded",
      "pass": true,
      "note": "ColorRect Body hidden when 3D model loads (anti nameplate-only)"
    },
    {
      "id": "is_model_loaded_api",
      "pass": true,
      "note": "Runtime API to detect model load"
    },
    {
      "id": "godot_harness_present",
      "pass": true,
      "note": "TasteGateModelVisibility.gd harness available for BattleScene"
    }
  ],
  "DESKTOP_BATTLESCENE_EVIDENCE": {
    "path": "artifacts/engineering_wave014/BATTLESCENE_VISUAL_E2E.json",
    "present": true,
    "interpreted_pass": true,
    "note": "Wave014 BattleScene visual E2E asserts model loaded for seven fighters. Re-run harness for fresh SHA; do not treat stale JSON as Pixel proof."
  },
  "PIXEL_CAMPAIGN": {
    "PIXEL_MODEL_VISIBILITY_VALIDATED": false,
    "PIXEL_EVIDENCE_INVENTED": false,
    "requirement": "Physical Pixel 6a campaign must capture co-visibility of nameplate + model in BattleScene; do not mark pass without device screenshots + harness log.",
    "campaign_doc": "docs/design/GOLDEN_VERTICAL_SLICE.md",
    "reliability_doc": "docs/quality/MODEL_VISIBILITY_RELIABILITY.md"
  },
  "HUMAN_Q5": false,
  "pass": true
}
python3 tools/quality/emit_taste_gate_report.py
{
  "GAME_TASTE_GATE": "PENDING_OWNER",
  "CURRENT_QUALITY_LEVEL": "Q1",
  "CURRENT_QUALITY_LEVEL_NOTE": "Automated estimate only; overall roster player-facing quality likely Q1/Q2. Do not claim Q3/Q4/Q5 without owner review.",
  "HUMAN_TARGET_QUALITY_APPROVAL": false,
  "OWNER_TASTE_REVIEW": "PENDING",
  "HUMAN_Q5": false,
  "PLAYER_FACING_UNAPPROVED_PLACEHOLDER_VISUALS": 0,
  "TASTE_DEBT_T0": 0,
  "TASTE_DEBT_T1": 0,
  "TASTE_DEBT_T2": 1,
  "TASTE_DEBT_T3": 0,
  "GOLDEN_SLICE_PATH": "docs/design/GOLDEN_VERTICAL_SLICE.md",
  "GOLDEN_SLICE_GAP_MATRIX": "content/quality/GOLDEN_SLICE_GAP_MATRIX.json",
  "GOLDEN_SLICE_STATUS_COUNTS": {
    "BELOW": 68,
    "MEETS": 0,
    "EXCEEDS": 0,
    "HUMAN_REVIEW_REQUIRED": 3
  },
  "MODEL_VISIBILITY": {
    "NAMEPLATE_VISIBLE_AND_MODEL_MISSING": "failure",
    "STATIC_PASS": true,
    "PIXEL_MODEL_VISIBILITY_VALIDATED": false
  },
  "CONTACT_SHEET_MANIFEST": "artifacts/taste_gate/contact_sheet/manifest.json",
  "DOCTRINE": "docs/quality/GAME_TASTE_GATE.md",
  "BUILD_SHA": "85418e99b395f56b644e72b7ac91d60e42be5c61",
  "CURSOR_MERGED_NOTHING": true,
  "OWNER_ACTION": "Edmund: review docs/quality/OWNER_TASTE_REVIEW.md; decide merge; do not treat this report as HUMAN_Q5 or taste PASS."
}
