Godot Engine v4.7.1.stable.official.a13da4feb - https://godotengine.org
OpenGL API 4.1 Metal - 91.7 - Compatibility - Using Device: Apple - Apple M2

ORDINARY_PROFILE /Users/gunnchos/Library/Application Support/Godot/app_userdata/Anime Aggressors Review kaia_render_probe02_20261009
ORDINARY_SCENE res://scenes/boot/BootScene.tscn
ORDINARY_SCENE res://scenes/menus/MainMenuScene.tscn
ORDINARY_SCENE res://scenes/menus/StoryCampaignScene.tscn
ORDINARY_SCENE res://scenes/battle/BattleScene.tscn
ORDINARY_PROGRESS {"frame":1800,"inputs":["grab"],"node":"kaia-windrow:prologue","objective":{},"p1_damage":5.958656,"p1_facing":-1,"p1_position":[-154.516998291016,280.175262451172],"p1_shield":59.3000000000004,"p1_state":"shield_hold","p1_stocks":2,"p2_damage":11.444944896,"p2_position":[-210.484283447266,283.085052490234],"p2_shield":2.13333333333333,"p2_state":"shield_hold","p2_stocks":2}
ORDINARY_PROGRESS {"frame":3600,"inputs":["grab"],"node":"kaia-windrow:prologue","objective":{},"p1_damage":5.958656,"p1_facing":-1,"p1_position":[-273.440551757812,280.175262451172],"p1_shield":11.0000000000006,"p1_state":"shield_hold","p1_stocks":2,"p2_damage":11.444944896,"p2_position":[-334.874237060547,283.095184326172],"p2_shield":43.4000000000004,"p2_state":"special_recovery","p2_stocks":2}
ORDINARY_PROGRESS {"frame":5400,"inputs":["grab"],"node":"kaia-windrow:prologue","objective":{},"p1_damage":0.0,"p1_facing":-1,"p1_position":[-462.633422851562,280.249694824219],"p1_shield":98.0,"p1_state":"idle","p1_stocks":1,"p2_damage":11.444944896,"p2_position":[-484.0,302.0],"p2_shield":1.19999999999997,"p2_state":"ledge_hang","p2_stocks":2}
ORDINARY_PROGRESS {"frame":7200,"inputs":["grab"],"node":"kaia-windrow:prologue","objective":{},"p1_damage":0.0,"p1_facing":-1,"p1_position":[-463.714172363281,280.218383789062],"p1_shield":98.0,"p1_state":"idle","p1_stocks":1,"p2_damage":11.444944896,"p2_position":[-484.0,302.0],"p2_shield":1.19999999999997,"p2_state":"ledge_hang","p2_stocks":2}
ORDINARY_PROGRESS {"frame":9000,"inputs":["right"],"node":"kaia-windrow:prologue","objective":{},"p1_damage":5.958656,"p1_facing":1,"p1_position":[-332.460693359375,280.175262451172],"p1_shield":23.9000000000004,"p1_state":"shield_hold","p1_stocks":1,"p2_damage":11.444944896,"p2_position":[-281.159820556641,283.08935546875],"p2_shield":0.0,"p2_state":"shield_break","p2_stocks":2}
ORDINARY_PROGRESS {"frame":10800,"inputs":["grab"],"node":"kaia-windrow:prologue","objective":{},"p1_damage":5.958656,"p1_facing":1,"p1_position":[-142.732696533203,280.175262451172],"p1_shield":68.3000000000003,"p1_state":"shield_hold","p1_stocks":1,"p2_damage":21.860057088,"p2_position":[-100.452713012695,283.0849609375],"p2_shield":45.5000000000004,"p2_state":"idle","p2_stocks":2}
ORDINARY_SCENE res://scenes/ui/ResultsScene.tscn
ORDINARY_RESULT {"blocks":53,"enemy_hits":2,"enemy_moves":239,"frames":10980,"max_player_damage":5.958656,"node":"kaia-windrow:prologue","normal_rules":true,"player_hits":6,"receipt":{"additional_opponent":"","advanced":false,"node_id":"kaia-windrow:prologue","objective_contract":"STOCK_WIN","objective_evidence":{"elapsed":0.0,"stock_win":false,"survived":false},"qualifying":true,"replay":false,"route_id":"kaia-windrow","survive_seconds":0,"token":"kaia-windrow:prologue:7239452:1","winner":2},"start_stocks":2,"winner":2}
ORDINARY_SCENE res://scenes/battle/BattleScene.tscn
ORDINARY_PROGRESS {"frame":1800,"inputs":["grab"],"node":"kaia-windrow:prologue","objective":{},"p1_damage":5.958656,"p1_facing":-1,"p1_position":[-154.516998291016,280.175262451172],"p1_shield":59.3000000000004,"p1_state":"shield_hold","p1_stocks":2,"p2_damage":11.444944896,"p2_position":[-210.484283447266,283.085052490234],"p2_shield":2.13333333333333,"p2_state":"shield_hold","p2_stocks":2}
ORDINARY_PROGRESS {"frame":3600,"inputs":["grab"],"node":"kaia-windrow:prologue","objective":{},"p1_damage":5.958656,"p1_facing":-1,"p1_position":[-273.440551757812,280.175262451172],"p1_shield":11.0000000000006,"p1_state":"shield_hold","p1_stocks":2,"p2_damage":11.444944896,"p2_position":[-334.874237060547,283.095184326172],"p2_shield":43.4000000000004,"p2_state":"special_recovery","p2_stocks":2}
ORDINARY_PROGRESS {"frame":5400,"inputs":["grab"],"node":"kaia-windrow:prologue","objective":{},"p1_damage":0.0,"p1_facing":-1,"p1_position":[-462.633422851562,280.249694824219],"p1_shield":98.0,"p1_state":"idle","p1_stocks":1,"p2_damage":11.444944896,"p2_position":[-484.0,302.0],"p2_shield":1.19999999999997,"p2_state":"ledge_hang","p2_stocks":2}
ORDINARY_PROGRESS {"frame":7200,"inputs":["grab"],"node":"kaia-windrow:prologue","objective":{},"p1_damage":0.0,"p1_facing":-1,"p1_position":[-463.714172363281,280.218383789062],"p1_shield":98.0,"p1_state":"idle","p1_stocks":1,"p2_damage":11.444944896,"p2_position":[-484.0,302.0],"p2_shield":1.19999999999997,"p2_state":"ledge_hang","p2_stocks":2}
ORDINARY_PROGRESS {"frame":9000,"inputs":["right"],"node":"kaia-windrow:prologue","objective":{},"p1_damage":5.958656,"p1_facing":1,"p1_position":[-332.460693359375,280.175262451172],"p1_shield":23.9000000000004,"p1_state":"shield_hold","p1_stocks":1,"p2_damage":11.444944896,"p2_position":[-281.159820556641,283.08935546875],"p2_shield":0.0,"p2_state":"shield_break","p2_stocks":2}
ORDINARY_PROGRESS {"frame":10800,"inputs":["grab"],"node":"kaia-windrow:prologue","objective":{},"p1_damage":5.958656,"p1_facing":1,"p1_position":[-142.732696533203,280.175262451172],"p1_shield":68.3000000000003,"p1_state":"shield_hold","p1_stocks":1,"p2_damage":21.860057088,"p2_position":[-100.452713012695,283.0849609375],"p2_shield":45.5000000000004,"p2_state":"idle","p2_stocks":2}
ORDINARY_SCENE res://scenes/ui/ResultsScene.tscn
ORDINARY_RESULT {"blocks":53,"enemy_hits":2,"enemy_moves":239,"frames":10980,"max_player_damage":5.958656,"node":"kaia-windrow:prologue","normal_rules":true,"player_hits":6,"receipt":{"additional_opponent":"","advanced":false,"node_id":"kaia-windrow:prologue","objective_contract":"STOCK_WIN","objective_evidence":{"elapsed":0.0,"stock_win":false,"survived":false},"qualifying":true,"replay":false,"route_id":"kaia-windrow","survive_seconds":0,"token":"kaia-windrow:prologue:345735455:2","winner":2},"start_stocks":2,"winner":2}
ORDINARY_SCENE res://scenes/battle/BattleScene.tscn
ORDINARY_PROGRESS {"frame":1800,"inputs":["grab"],"node":"kaia-windrow:prologue","objective":{},"p1_damage":5.958656,"p1_facing":-1,"p1_position":[-154.516998291016,280.175262451172],"p1_shield":59.3000000000004,"p1_state":"shield_hold","p1_stocks":2,"p2_damage":11.444944896,"p2_position":[-210.484283447266,283.085052490234],"p2_shield":2.13333333333333,"p2_state":"shield_hold","p2_stocks":2}
ORDINARY_PROGRESS {"frame":3600,"inputs":["grab"],"node":"kaia-windrow:prologue","objective":{},"p1_damage":5.958656,"p1_facing":-1,"p1_position":[-273.440551757812,280.175262451172],"p1_shield":11.0000000000006,"p1_state":"shield_hold","p1_stocks":2,"p2_damage":11.444944896,"p2_position":[-334.874237060547,283.095184326172],"p2_shield":43.4000000000004,"p2_state":"special_recovery","p2_stocks":2}
ORDINARY_PROGRESS {"frame":5400,"inputs":["grab"],"node":"kaia-windrow:prologue","objective":{},"p1_damage":0.0,"p1_facing":-1,"p1_position":[-462.633422851562,280.249694824219],"p1_shield":98.0,"p1_state":"idle","p1_stocks":1,"p2_damage":11.444944896,"p2_position":[-484.0,302.0],"p2_shield":1.19999999999997,"p2_state":"ledge_hang","p2_stocks":2}
ORDINARY_PROGRESS {"frame":7200,"inputs":["grab"],"node":"kaia-windrow:prologue","objective":{},"p1_damage":0.0,"p1_facing":-1,"p1_position":[-463.714172363281,280.218383789062],"p1_shield":98.0,"p1_state":"idle","p1_stocks":1,"p2_damage":11.444944896,"p2_position":[-484.0,302.0],"p2_shield":1.19999999999997,"p2_state":"ledge_hang","p2_stocks":2}
ORDINARY_PROGRESS {"frame":9000,"inputs":["right"],"node":"kaia-windrow:prologue","objective":{},"p1_damage":5.958656,"p1_facing":1,"p1_position":[-332.460693359375,280.175262451172],"p1_shield":23.9000000000004,"p1_state":"shield_hold","p1_stocks":1,"p2_damage":11.444944896,"p2_position":[-281.159820556641,283.08935546875],"p2_shield":0.0,"p2_state":"shield_break","p2_stocks":2}
ORDINARY_PROGRESS {"frame":10800,"inputs":["grab"],"node":"kaia-windrow:prologue","objective":{},"p1_damage":5.958656,"p1_facing":1,"p1_position":[-142.732696533203,280.175262451172],"p1_shield":68.3000000000003,"p1_state":"shield_hold","p1_stocks":1,"p2_damage":21.860057088,"p2_position":[-100.452713012695,283.0849609375],"p2_shield":45.5000000000004,"p2_state":"idle","p2_stocks":2}
ORDINARY_SCENE res://scenes/ui/ResultsScene.tscn
ORDINARY_RESULT {"blocks":53,"enemy_hits":2,"enemy_moves":239,"frames":10980,"max_player_damage":5.958656,"node":"kaia-windrow:prologue","normal_rules":true,"player_hits":6,"receipt":{"additional_opponent":"","advanced":false,"node_id":"kaia-windrow:prologue","objective_contract":"STOCK_WIN","objective_evidence":{"elapsed":0.0,"stock_win":false,"survived":false},"qualifying":true,"replay":false,"route_id":"kaia-windrow","survive_seconds":0,"token":"kaia-windrow:prologue:722436822:3","winner":2},"start_stocks":2,"winner":2}
ORDINARY_SCENE res://scenes/battle/BattleScene.tscn
ORDINARY_PROGRESS {"frame":1800,"inputs":["grab"],"node":"kaia-windrow:prologue","objective":{},"p1_damage":5.958656,"p1_facing":-1,"p1_position":[-154.516998291016,280.175262451172],"p1_shield":59.3000000000004,"p1_state":"shield_hold","p1_stocks":2,"p2_damage":11.444944896,"p2_position":[-210.484283447266,283.085052490234],"p2_shield":2.13333333333333,"p2_state":"shield_hold","p2_stocks":2}
ORDINARY_PROGRESS {"frame":3600,"inputs":["grab"],"node":"kaia-windrow:prologue","objective":{},"p1_damage":5.958656,"p1_facing":-1,"p1_position":[-273.440551757812,280.175262451172],"p1_shield":11.0000000000006,"p1_state":"shield_hold","p1_stocks":2,"p2_damage":11.444944896,"p2_position":[-334.874237060547,283.095184326172],"p2_shield":43.4000000000004,"p2_state":"special_recovery","p2_stocks":2}
ORDINARY_PROGRESS {"frame":5400,"inputs":["grab"],"node":"kaia-windrow:prologue","objective":{},"p1_damage":0.0,"p1_facing":-1,"p1_position":[-462.633422851562,280.249694824219],"p1_shield":98.0,"p1_state":"idle","p1_stocks":1,"p2_damage":11.444944896,"p2_position":[-484.0,302.0],"p2_shield":1.19999999999997,"p2_state":"ledge_hang","p2_stocks":2}
ORDINARY_PROGRESS {"frame":7200,"inputs":["grab"],"node":"kaia-windrow:prologue","objective":{},"p1_damage":0.0,"p1_facing":-1,"p1_position":[-463.714172363281,280.218383789062],"p1_shield":98.0,"p1_state":"idle","p1_stocks":1,"p2_damage":11.444944896,"p2_position":[-484.0,302.0],"p2_shield":1.19999999999997,"p2_state":"ledge_hang","p2_stocks":2}
ORDINARY_PROGRESS {"frame":9000,"inputs":["right"],"node":"kaia-windrow:prologue","objective":{},"p1_damage":5.958656,"p1_facing":1,"p1_position":[-332.460693359375,280.175262451172],"p1_shield":23.9000000000004,"p1_state":"shield_hold","p1_stocks":1,"p2_damage":11.444944896,"p2_position":[-281.159820556641,283.08935546875],"p2_shield":0.0,"p2_state":"shield_break","p2_stocks":2}
ORDINARY_PROGRESS {"frame":10800,"inputs":["grab"],"node":"kaia-windrow:prologue","objective":{},"p1_damage":5.958656,"p1_facing":1,"p1_position":[-142.732696533203,280.175262451172],"p1_shield":68.3000000000003,"p1_state":"shield_hold","p1_stocks":1,"p2_damage":21.860057088,"p2_position":[-100.452713012695,283.0849609375],"p2_shield":45.5000000000004,"p2_state":"idle","p2_stocks":2}
ORDINARY_SCENE res://scenes/ui/ResultsScene.tscn
ORDINARY_RESULT {"blocks":53,"enemy_hits":2,"enemy_moves":239,"frames":10980,"max_player_damage":5.958656,"node":"kaia-windrow:prologue","normal_rules":true,"player_hits":6,"receipt":{"additional_opponent":"","advanced":false,"node_id":"kaia-windrow:prologue","objective_contract":"STOCK_WIN","objective_evidence":{"elapsed":0.0,"stock_win":false,"survived":false},"qualifying":true,"replay":false,"route_id":"kaia-windrow","survive_seconds":0,"token":"kaia-windrow:prologue:975014189:4","winner":2},"start_stocks":2,"winner":2}
ORDINARY_SCENE res://scenes/battle/BattleScene.tscn
ORDINARY_PROGRESS {"frame":1800,"inputs":["grab"],"node":"kaia-windrow:prologue","objective":{},"p1_damage":5.958656,"p1_facing":-1,"p1_position":[-154.516998291016,280.175262451172],"p1_shield":59.3000000000004,"p1_state":"shield_hold","p1_stocks":2,"p2_damage":11.444944896,"p2_position":[-210.484283447266,283.085052490234],"p2_shield":2.13333333333333,"p2_state":"shield_hold","p2_stocks":2}
ORDINARY_PROGRESS {"frame":3600,"inputs":["grab"],"node":"kaia-windrow:prologue","objective":{},"p1_damage":5.958656,"p1_facing":-1,"p1_position":[-273.440551757812,280.175262451172],"p1_shield":11.0000000000006,"p1_state":"shield_hold","p1_stocks":2,"p2_damage":11.444944896,"p2_position":[-334.874237060547,283.095184326172],"p2_shield":43.4000000000004,"p2_state":"special_recovery","p2_stocks":2}
ORDINARY_PROGRESS {"frame":5400,"inputs":["grab"],"node":"kaia-windrow:prologue","objective":{},"p1_damage":0.0,"p1_facing":-1,"p1_position":[-462.633422851562,280.249694824219],"p1_shield":98.0,"p1_state":"idle","p1_stocks":1,"p2_damage":11.444944896,"p2_position":[-484.0,302.0],"p2_shield":1.19999999999997,"p2_state":"ledge_hang","p2_stocks":2}
ORDINARY_PROGRESS {"frame":7200,"inputs":["grab"],"node":"kaia-windrow:prologue","objective":{},"p1_damage":0.0,"p1_facing":-1,"p1_position":[-463.714172363281,280.218383789062],"p1_shield":98.0,"p1_state":"idle","p1_stocks":1,"p2_damage":11.444944896,"p2_position":[-484.0,302.0],"p2_shield":1.19999999999997,"p2_state":"ledge_hang","p2_stocks":2}
ORDINARY_PROGRESS {"frame":9000,"inputs":["right"],"node":"kaia-windrow:prologue","objective":{},"p1_damage":5.958656,"p1_facing":1,"p1_position":[-332.460693359375,280.175262451172],"p1_shield":23.9000000000004,"p1_state":"shield_hold","p1_stocks":1,"p2_damage":11.444944896,"p2_position":[-281.159820556641,283.08935546875],"p2_shield":0.0,"p2_state":"shield_break","p2_stocks":2}
ORDINARY_PROGRESS {"frame":10800,"inputs":["grab"],"node":"kaia-windrow:prologue","objective":{},"p1_damage":5.958656,"p1_facing":1,"p1_position":[-142.732696533203,280.175262451172],"p1_shield":68.3000000000003,"p1_state":"shield_hold","p1_stocks":1,"p2_damage":21.860057088,"p2_position":[-100.452713012695,283.0849609375],"p2_shield":45.5000000000004,"p2_state":"idle","p2_stocks":2}
ORDINARY_SCENE res://scenes/ui/ResultsScene.tscn
ORDINARY_RESULT {"blocks":53,"enemy_hits":2,"enemy_moves":239,"frames":10980,"max_player_damage":5.958656,"node":"kaia-windrow:prologue","normal_rules":true,"player_hits":6,"receipt":{"additional_opponent":"","advanced":false,"node_id":"kaia-windrow:prologue","objective_contract":"STOCK_WIN","objective_evidence":{"elapsed":0.0,"stock_win":false,"survived":false},"qualifying":true,"replay":false,"route_id":"kaia-windrow","survive_seconds":0,"token":"kaia-windrow:prologue:1146030872:5","winner":2},"start_stocks":2,"winner":2}
ORDINARY_COMPLETE ["Ordinary-input driver lost repeatedly at kaia-windrow:prologue"]
