{"project": "/var/folders/dp/z5frf3m511jcdpdf8v878v8h0000gn/T/aa-ordinary-review-ll32kpic/game-godot", "profile": "production_elementalperformance_20261010", "isolated_project_name": "Anime Aggressors Review production_elementalperformance_20261010", "command": ["/opt/homebrew/bin/godot", "--path", "/var/folders/dp/z5frf3m511jcdpdf8v878v8h0000gn/T/aa-ordinary-review-ll32kpic/game-godot", "--log-file", "/Users/gunnchos/Downloads/gunnchos-7gc-research-product-spine/repos/_anime_v1_closure/artifacts/v1_closure/dialogue_performance/regressions/ElementalPerformance/godot.log", "--headless", "--fixed-fps", "60", "--script", "res://tests/v1_closure/ElementalPerformance.gd", "--", "--ordinary-output=/Users/gunnchos/Downloads/gunnchos-7gc-research-product-spine/repos/_anime_v1_closure/artifacts/v1_closure/dialogue_performance/regressions/ElementalPerformance", "--source-sha=d8327ae354bfcce131e382a1e69b24c7fd8bc715", "--ordinary-max-nodes=20", "--ordinary-route=kaia-windrow"]}
Godot Engine v4.7.1.stable.official.a13da4feb - https://godotengine.org

ERROR: Parameter "material" is null.
   at: material_get_instance_shader_parameters (servers/rendering/dummy/storage/material_storage.cpp:264)
ERROR: Parameter "material" is null.
   at: material_get_instance_shader_parameters (servers/rendering/dummy/storage/material_storage.cpp:264)
ERROR: Parameter "material" is null.
   at: material_get_instance_shader_parameters (servers/rendering/dummy/storage/material_storage.cpp:264)
ERROR: Parameter "material" is null.
   at: material_get_instance_shader_parameters (servers/rendering/dummy/storage/material_storage.cpp:264)
ERROR: Parameter "material" is null.
   at: material_get_instance_shader_parameters (servers/rendering/dummy/storage/material_storage.cpp:264)
ERROR: Parameter "material" is null.
   at: material_get_instance_shader_parameters (servers/rendering/dummy/storage/material_storage.cpp:264)
ERROR: Parameter "material" is null.
   at: material_get_instance_shader_parameters (servers/rendering/dummy/storage/material_storage.cpp:264)
ERROR: Parameter "material" is null.
   at: material_get_instance_shader_parameters (servers/rendering/dummy/storage/material_storage.cpp:264)
ERROR: Parameter "material" is null.
   at: material_get_instance_shader_parameters (servers/rendering/dummy/storage/material_storage.cpp:264)
ERROR: Parameter "material" is null.
   at: material_get_instance_shader_parameters (servers/rendering/dummy/storage/material_storage.cpp:264)
ERROR: Parameter "material" is null.
   at: material_get_instance_shader_parameters (servers/rendering/dummy/storage/material_storage.cpp:264)
ERROR: Parameter "material" is null.
   at: material_get_instance_shader_parameters (servers/rendering/dummy/storage/material_storage.cpp:264)
ERROR: Parameter "material" is null.
   at: material_get_instance_shader_parameters (servers/rendering/dummy/storage/material_storage.cpp:264)
ERROR: Parameter "material" is null.
   at: material_get_instance_shader_parameters (servers/rendering/dummy/storage/material_storage.cpp:264)
ERROR: Parameter "material" is null.
   at: material_get_instance_shader_parameters (servers/rendering/dummy/storage/material_storage.cpp:264)
ERROR: Parameter "material" is null.
   at: material_get_instance_shader_parameters (servers/rendering/dummy/storage/material_storage.cpp:264)
ERROR: Parameter "material" is null.
   at: material_get_instance_shader_parameters (servers/rendering/dummy/storage/material_storage.cpp:264)
ELEMENTAL_PERFORMANCE true failures=[]
WARNING: 57 ObjectDB instances were leaked at exit (run with `--verbose` for details).
   at: cleanup (core/object/object.cpp:2536)
ERROR: 22 resources still in use at exit (run with --verbose for details).
   at: clear (core/io/resource.cpp:822)
