 ArchWarn: ARCH_CACHE_LINE_SIZE != Arch_ObtainCacheLineSize()
 Function: Arch_ValidateAssumptions
     File: /Users/brecht/dev/build_darwin/deps/build/usd/src/external_usd/pxr/base/arch/assumptions.cpp
     Line: 153
Blender 3.3.1 (hash b292cfe5a936 built 2022-10-04 23:46:43)
Info: Total files 0 | Changed 0 | Failed 0
imb_savepng: Cannot open file for writing: '/Users/gunnchos/.thumbnails/large/blender_51212_a72f21c2a1e101f73c1bf739965225b4.png.png'
Info: Saved "candidate.blend"
Fra:0 Mem:50.31M (Peak 50.32M) | Time:00:00.02 | Mem:0.00M, Peak:0.00M | Scene, ViewLayer | Synchronizing object | Articulated compact torso
Fra:0 Mem:50.31M (Peak 50.32M) | Time:00:00.02 | Mem:0.00M, Peak:0.00M | Scene, ViewLayer | Synchronizing object | Finger L 0
Fra:0 Mem:50.49M (Peak 50.50M) | Time:00:00.02 | Mem:0.00M, Peak:0.00M | Scene, ViewLayer | Synchronizing object | Finger L 1
Fra:0 Mem:50.50M (Peak 50.50M) | Time:00:00.02 | Mem:0.00M, Peak:0.00M | Scene, ViewLayer | Synchronizing object | Finger L 2
Fra:0 Mem:50.54M (Peak 50.54M) | Time:00:00.02 | Mem:0.00M, Peak:0.00M | Scene, ViewLayer | Synchronizing object | Boot L
Fra:0 Mem:50.56M (Peak 50.56M) | Time:00:00.02 | Mem:0.00M, Peak:0.00M | Scene, ViewLayer | Synchronizing object | Palm R
Fra:0 Mem:50.61M (Peak 50.61M) | Time:00:00.02 | Mem:0.00M, Peak:0.00M | Scene, ViewLayer | Synchronizing object | Finger R 0
Fra:0 Mem:50.65M (Peak 50.65M) | Time:00:00.02 | Mem:0.00M, Peak:0.00M | Scene, ViewLayer | Synchronizing object | Finger R 1
Fra:0 Mem:50.67M (Peak 50.67M) | Time:00:00.02 | Mem:0.00M, Peak:0.00M | Scene, ViewLayer | Synchronizing object | Finger R 2
Fra:0 Mem:50.70M (Peak 50.70M) | Time:00:00.02 | Mem:0.00M, Peak:0.00M | Scene, ViewLayer | Synchronizing object | Boot R
Fra:0 Mem:50.78M (Peak 50.78M) | Time:00:00.02 | Mem:0.00M, Peak:0.00M | Scene, ViewLayer | Synchronizing object | Boot toe R
Fra:0 Mem:50.78M (Peak 50.79M) | Time:00:00.02 | Mem:0.00M, Peak:0.00M | Scene, ViewLayer | Synchronizing object | Hair cap
Fra:0 Mem:50.82M (Peak 50.82M) | Time:00:00.02 | Mem:0.00M, Peak:0.00M | Scene, ViewLayer | Synchronizing object | Eye almond.001
Fra:0 Mem:50.84M (Peak 50.84M) | Time:00:00.02 | Mem:0.00M, Peak:0.00M | Scene, ViewLayer | Synchronizing object | Iris.001
Fra:0 Mem:50.87M (Peak 50.87M) | Time:00:00.02 | Mem:0.00M, Peak:0.00M | Scene, ViewLayer | Synchronizing object | Pupil.001
Fra:0 Mem:50.90M (Peak 50.90M) | Time:00:00.02 | Mem:0.00M, Peak:0.00M | Scene, ViewLayer | Synchronizing object | Eye glint.001
Fra:0 Mem:50.92M (Peak 50.92M) | Time:00:00.02 | Mem:0.00M, Peak:0.00M | Scene, ViewLayer | Synchronizing object | Brow
Fra:0 Mem:50.94M (Peak 50.94M) | Time:00:00.02 | Mem:0.00M, Peak:0.00M | Scene, ViewLayer | Synchronizing object | Thermal seam.004
Fra:0 Mem:50.95M (Peak 50.95M) | Time:00:00.02 | Mem:0.00M, Peak:0.00M | Scene, ViewLayer | Synchronizing object | Ear.001
Fra:0 Mem:50.98M (Peak 50.98M) | Time:00:00.02 | Mem:0.00M, Peak:0.00M | Scene, ViewLayer | Synchronizing object | Eye almond
Fra:0 Mem:51.06M (Peak 51.06M) | Time:00:00.02 | Mem:0.00M, Peak:0.00M | Scene, ViewLayer | Synchronizing object | Ear
Fra:0 Mem:51.13M (Peak 51.13M) | Time:00:00.02 | Mem:0.00M, Peak:0.00M | Scene, ViewLayer | Synchronizing object | Thermal seam.003
Fra:0 Mem:51.17M (Peak 51.17M) | Time:00:00.02 | Mem:0.00M, Peak:0.00M | Scene, ViewLayer | Synchronizing object | Nose plane
Fra:0 Mem:51.24M (Peak 51.24M) | Time:00:00.02 | Mem:0.00M, Peak:0.00M | Scene, ViewLayer | Synchronizing object | Ignition gauntlet.001
Fra:0 Mem:51.27M (Peak 51.27M) | Time:00:00.02 | Mem:0.00M, Peak:0.00M | Scene, ViewLayer | Synchronizing object | Hair flame0
Fra:0 Mem:51.27M (Peak 51.28M) | Time:00:00.02 | Mem:0.00M, Peak:0.00M | Scene, ViewLayer | Synchronizing object | Hair flame4
Fra:0 Mem:51.30M (Peak 51.30M) | Time:00:00.02 | Mem:0.00M, Peak:0.00M | Scene, ViewLayer | Synchronizing object | Back crest
Fra:0 Mem:51.35M (Peak 51.37M) | Time:00:00.02 | Mem:0.00M, Peak:0.00M | Scene, ViewLayer | Synchronizing object | Furnace heart
Fra:0 Mem:51.37M (Peak 51.37M) | Time:00:00.02 | Mem:0.00M, Peak:0.00M | Scene, ViewLayer | Synchronizing object | Thermal seam
Fra:0 Mem:51.39M (Peak 51.41M) | Time:00:00.02 | Mem:0.00M, Peak:0.00M | Scene, ViewLayer | Synchronizing object | Thermal seam.001
Fra:0 Mem:51.39M (Peak 51.41M) | Time:00:00.02 | Mem:0.00M, Peak:0.00M | Scene, ViewLayer | Synchronizing object | Thermal seam.002
Fra:0 Mem:51.55M (Peak 51.56M) | Time:00:00.02 | Mem:0.00M, Peak:0.00M | Scene, ViewLayer | Initializing
Fra:0 Mem:36.79M (Peak 51.56M) | Time:00:00.03 | Mem:0.00M, Peak:0.00M | Scene, ViewLayer | Waiting for render to start
Fra:0 Mem:36.79M (Peak 51.56M) | Time:00:00.03 | Mem:0.00M, Peak:0.00M | Scene, ViewLayer | Loading render kernels (may take a few minutes the first time)
Fra:0 Mem:36.79M (Peak 51.56M) | Time:00:00.03 | Mem:0.00M, Peak:0.00M | Scene, ViewLayer | Updating Scene
Fra:0 Mem:36.79M (Peak 51.56M) | Time:00:00.03 | Mem:0.00M, Peak:0.00M | Scene, ViewLayer | Updating Shaders
Fra:0 Mem:37.30M (Peak 51.56M) | Time:00:00.03 | Mem:0.00M, Peak:0.00M | Scene, ViewLayer | Updating Procedurals
Fra:0 Mem:37.30M (Peak 51.56M) | Time:00:00.03 | Mem:0.00M, Peak:0.00M | Scene, ViewLayer | Updating Background
Fra:0 Mem:37.30M (Peak 51.56M) | Time:00:00.03 | Mem:0.00M, Peak:0.00M | Scene, ViewLayer | Updating Camera
Fra:0 Mem:37.30M (Peak 51.56M) | Time:00:00.03 | Mem:0.00M, Peak:0.00M | Scene, ViewLayer | Updating Meshes Flags
Fra:0 Mem:37.30M (Peak 51.56M) | Time:00:00.03 | Mem:0.00M, Peak:0.00M | Scene, ViewLayer | Updating Objects
Fra:0 Mem:37.30M (Peak 51.56M) | Time:00:00.03 | Mem:0.00M, Peak:0.00M | Scene, ViewLayer | Updating Objects | Copying Transformations to device
Fra:0 Mem:37.31M (Peak 51.56M) | Time:00:00.03 | Mem:0.02M, Peak:0.02M | Scene, ViewLayer | Updating Objects | Applying Static Transformations
Fra:0 Mem:37.31M (Peak 51.56M) | Time:00:00.03 | Mem:0.02M, Peak:0.02M | Scene, ViewLayer | Updating Particle Systems
Fra:0 Mem:37.31M (Peak 51.56M) | Time:00:00.03 | Mem:0.02M, Peak:0.02M | Scene, ViewLayer | Updating Particle Systems | Copying Particles to device
Fra:0 Mem:37.31M (Peak 51.56M) | Time:00:00.03 | Mem:0.02M, Peak:0.02M | Scene, ViewLayer | Updating Meshes
Fra:0 Mem:37.65M (Peak 51.56M) | Time:00:00.03 | Mem:0.02M, Peak:0.02M | Scene, ViewLayer | Updating Mesh | Computing attributes
Fra:0 Mem:37.79M (Peak 51.56M) | Time:00:00.03 | Mem:0.02M, Peak:0.02M | Scene, ViewLayer | Updating Mesh | Copying Attributes to device
Fra:0 Mem:37.79M (Peak 51.56M) | Time:00:00.03 | Mem:0.15M, Peak:0.15M | Scene, ViewLayer | Updating Scene BVH | Building
Fra:0 Mem:37.79M (Peak 51.56M) | Time:00:00.03 | Mem:0.15M, Peak:0.15M | Scene, ViewLayer | Updating Scene BVH | Building BVH
Fra:0 Mem:37.79M (Peak 51.56M) | Time:00:00.04 | Mem:1.54M, Peak:1.54M | Scene, ViewLayer | Updating Scene BVH | Building BVH 0%
Fra:0 Mem:37.79M (Peak 51.56M) | Time:00:00.04 | Mem:2.04M, Peak:3.04M | Scene, ViewLayer | Updating Scene BVH | Copying BVH to device
Fra:0 Mem:37.79M (Peak 51.56M) | Time:00:00.04 | Mem:2.04M, Peak:3.04M | Scene, ViewLayer | Updating Mesh | Computing normals
Fra:0 Mem:39.29M (Peak 51.56M) | Time:00:00.04 | Mem:2.04M, Peak:3.04M | Scene, ViewLayer | Updating Mesh | Copying Mesh to device
Fra:0 Mem:39.29M (Peak 51.56M) | Time:00:00.04 | Mem:3.54M, Peak:3.54M | Scene, ViewLayer | Updating Objects Flags
Fra:0 Mem:39.29M (Peak 51.56M) | Time:00:00.04 | Mem:3.54M, Peak:3.54M | Scene, ViewLayer | Updating Primitive Offsets
Fra:0 Mem:39.29M (Peak 51.56M) | Time:00:00.04 | Mem:3.54M, Peak:3.54M | Scene, ViewLayer | Updating Images
Fra:0 Mem:39.29M (Peak 51.56M) | Time:00:00.04 | Mem:3.54M, Peak:3.54M | Scene, ViewLayer | Updating Camera Volume
Fra:0 Mem:39.29M (Peak 51.56M) | Time:00:00.04 | Mem:3.54M, Peak:3.54M | Scene, ViewLayer | Updating Lookup Tables
Fra:0 Mem:39.29M (Peak 51.56M) | Time:00:00.04 | Mem:3.79M, Peak:3.79M | Scene, ViewLayer | Updating Lights
Fra:0 Mem:39.29M (Peak 51.56M) | Time:00:00.04 | Mem:3.79M, Peak:3.79M | Scene, ViewLayer | Updating Lights | Computing distribution
Fra:0 Mem:39.36M (Peak 51.56M) | Time:00:00.04 | Mem:3.87M, Peak:3.87M | Scene, ViewLayer | Updating Integrator
Fra:0 Mem:39.37M (Peak 51.56M) | Time:00:00.04 | Mem:3.87M, Peak:3.87M | Scene, ViewLayer | Updating Film
Fra:0 Mem:39.37M (Peak 51.56M) | Time:00:00.04 | Mem:3.62M, Peak:3.87M | Scene, ViewLayer | Updating Lookup Tables
Fra:0 Mem:39.37M (Peak 51.56M) | Time:00:00.04 | Mem:3.88M, Peak:3.88M | Scene, ViewLayer | Updating Baking
Fra:0 Mem:39.37M (Peak 51.56M) | Time:00:00.04 | Mem:3.88M, Peak:3.88M | Scene, ViewLayer | Updating Device | Writing constant memory
Fra:0 Mem:39.37M (Peak 51.56M) | Time:00:00.04 | Mem:3.88M, Peak:3.88M | Scene, ViewLayer | Sample 0/16
Fra:0 Mem:56.10M (Peak 56.10M) | Time:00:00.06 | Remaining:00:00.27 | Mem:20.58M, Peak:20.58M | Scene, ViewLayer | Sample 1/16
Fra:0 Mem:63.13M (Peak 73.68M) | Time:00:00.56 | Mem:20.58M, Peak:20.58M | Scene, ViewLayer | Sample 16/16
Fra:0 Mem:63.13M (Peak 73.68M) | Time:00:00.56 | Mem:20.58M, Peak:20.58M | Scene, ViewLayer | Finished
Saved: '/Users/gunnchos/Downloads/gunnchos-7gc-research-product-spine/repos/_anime_v1_closure/artifacts/v1_closure/review/renders/ember-vale/male/BASE/front.png'
 Time: 00:00.73 (Saving: 00:00.16)

Fra:0 Mem:50.56M (Peak 50.57M) | Time:00:00.01 | Mem:0.00M, Peak:0.00M | Scene, ViewLayer | Synchronizing object | Articulated compact torso
Fra:0 Mem:50.56M (Peak 50.57M) | Time:00:00.01 | Mem:0.00M, Peak:0.00M | Scene, ViewLayer | Synchronizing object | Palm L
Fra:0 Mem:50.61M (Peak 50.61M) | Time:00:00.01 | Mem:0.00M, Peak:0.00M | Scene, ViewLayer | Synchronizing object | Finger L 0
Fra:0 Mem:50.64M (Peak 50.64M) | Time:00:00.01 | Mem:0.00M, Peak:0.00M | Scene, ViewLayer | Synchronizing object | Finger L 2
Fra:0 Mem:50.69M (Peak 50.69M) | Time:00:00.01 | Mem:0.00M, Peak:0.00M | Scene, ViewLayer | Synchronizing object | Thigh L
Fra:0 Mem:50.71M (Peak 50.71M) | Time:00:00.01 | Mem:0.00M, Peak:0.00M | Scene, ViewLayer | Synchronizing object | Shin L
Fra:0 Mem:50.73M (Peak 50.73M) | Time:00:00.01 | Mem:0.00M, Peak:0.00M | Scene, ViewLayer | Synchronizing object | Boot L
Fra:0 Mem:50.76M (Peak 50.76M) | Time:00:00.01 | Mem:0.00M, Peak:0.00M | Scene, ViewLayer | Synchronizing object | Boot toe L
Fra:0 Mem:50.76M (Peak 50.77M) | Time:00:00.01 | Mem:0.00M, Peak:0.00M | Scene, ViewLayer | Synchronizing object | Upper arm R
Fra:0 Mem:50.81M (Peak 50.81M) | Time:00:00.01 | Mem:0.00M, Peak:0.00M | Scene, ViewLayer | Synchronizing object | Forearm R
Fra:0 Mem:50.86M (Peak 50.86M) | Time:00:00.01 | Mem:0.00M, Peak:0.00M | Scene, ViewLayer | Synchronizing object | Palm R
Fra:0 Mem:50.89M (Peak 50.89M) | Time:00:00.01 | Mem:0.00M, Peak:0.00M | Scene, ViewLayer | Synchronizing object | Finger R 0
Fra:0 Mem:50.91M (Peak 50.91M) | Time:00:00.01 | Mem:0.00M, Peak:0.00M | Scene, ViewLayer | Synchronizing object | Thigh R
Fra:0 Mem:51.01M (Peak 51.01M) | Time:00:00.01 | Mem:0.00M, Peak:0.00M | Scene, ViewLayer | Synchronizing object | Shin R
Fra:0 Mem:51.09M (Peak 51.09M) | Time:00:00.01 | Mem:0.00M, Peak:0.00M | Scene, ViewLayer | Synchronizing object | Boot R
Fra:0 Mem:51.13M (Peak 51.13M) | Time:00:00.01 | Mem:0.00M, Peak:0.00M | Scene, ViewLayer | Synchronizing object | Thermal seam.004
Fra:0 Mem:51.15M (Peak 51.15M) | Time:00:00.01 | Mem:0.00M, Peak:0.00M | Scene, ViewLayer | Synchronizing object | Iris.001
Fra:0 Mem:51.18M (Peak 51.18M) | Time:00:00.01 | Mem:0.00M, Peak:0.00M | Scene, ViewLayer | Synchronizing object | Pupil.001
Fra:0 Mem:51.19M (Peak 51.19M) | Time:00:00.01 | Mem:0.00M, Peak:0.00M | Scene, ViewLayer | Synchronizing object | Eye glint.001
Fra:0 Mem:51.22M (Peak 51.22M) | Time:00:00.01 | Mem:0.00M, Peak:0.00M | Scene, ViewLayer | Synchronizing object | Brow
Fra:0 Mem:51.25M (Peak 51.25M) | Time:00:00.01 | Mem:0.00M, Peak:0.00M | Scene, ViewLayer | Synchronizing object | Ear.001
Fra:0 Mem:51.27M (Peak 51.27M) | Time:00:00.01 | Mem:0.00M, Peak:0.00M | Scene, ViewLayer | Synchronizing object | Eye almond
Fra:0 Mem:51.29M (Peak 51.30M) | Time:00:00.01 | Mem:0.00M, Peak:0.00M | Scene, ViewLayer | Synchronizing object | Iris
Fra:0 Mem:51.32M (Peak 51.32M) | Time:00:00.01 | Mem:0.00M, Peak:0.00M | Scene, ViewLayer | Synchronizing object | Pupil
Fra:0 Mem:51.34M (Peak 51.34M) | Time:00:00.01 | Mem:0.00M, Peak:0.00M | Scene, ViewLayer | Synchronizing object | Ignition gauntlet.001
Fra:0 Mem:51.40M (Peak 51.40M) | Time:00:00.01 | Mem:0.00M, Peak:0.00M | Scene, ViewLayer | Synchronizing object | Brow.001
Fra:0 Mem:51.45M (Peak 51.45M) | Time:00:00.01 | Mem:0.00M, Peak:0.00M | Scene, ViewLayer | Synchronizing object | Ear
Fra:0 Mem:51.45M (Peak 51.45M) | Time:00:00.01 | Mem:0.00M, Peak:0.00M | Scene, ViewLayer | Synchronizing object | Mouth
Fra:0 Mem:51.49M (Peak 51.49M) | Time:00:00.01 | Mem:0.00M, Peak:0.00M | Scene, ViewLayer | Synchronizing object | Hair flame1
Fra:0 Mem:51.59M (Peak 51.59M) | Time:00:00.01 | Mem:0.00M, Peak:0.00M | Scene, ViewLayer | Synchronizing object | Hair flame2
Fra:0 Mem:51.61M (Peak 51.62M) | Time:00:00.01 | Mem:0.00M, Peak:0.00M | Scene, ViewLayer | Synchronizing object | Hair flame4
Fra:0 Mem:51.62M (Peak 51.62M) | Time:00:00.01 | Mem:0.00M, Peak:0.00M | Scene, ViewLayer | Synchronizing object | Ignition gauntlet
Fra:0 Mem:51.73M (Peak 51.74M) | Time:00:00.01 | Mem:0.00M, Peak:0.00M | Scene, ViewLayer | Synchronizing object | Thermal seam.002
Fra:0 Mem:51.74M (Peak 51.74M) | Time:00:00.01 | Mem:0.00M, Peak:0.00M | Scene, ViewLayer | Synchronizing object | Thermal seam
Fra:0 Mem:51.77M (Peak 51.77M) | Time:00:00.01 | Mem:0.00M, Peak:0.00M | Scene, ViewLayer | Synchronizing object | Thermal seam.001
Fra:0 Mem:51.80M (Peak 51.81M) | Time:00:00.01 | Mem:0.00M, Peak:0.00M | Scene, ViewLayer | Initializing
Fra:0 Mem:37.04M (Peak 51.81M) | Time:00:00.02 | Mem:0.00M, Peak:0.00M | Scene, ViewLayer | Waiting for render to start
Fra:0 Mem:37.04M (Peak 51.81M) | Time:00:00.02 | Mem:0.00M, Peak:0.00M | Scene, ViewLayer | Loading render kernels (may take a few minutes the first time)
Fra:0 Mem:37.04M (Peak 51.81M) | Time:00:00.02 | Mem:0.00M, Peak:0.00M | Scene, ViewLayer | Updating Scene
Fra:0 Mem:37.04M (Peak 51.81M) | Time:00:00.02 | Mem:0.00M, Peak:0.00M | Scene, ViewLayer | Updating Shaders
Fra:0 Mem:37.30M (Peak 51.81M) | Time:00:00.02 | Mem:0.00M, Peak:0.00M | Scene, ViewLayer | Updating Procedurals
Fra:0 Mem:37.30M (Peak 51.81M) | Time:00:00.02 | Mem:0.00M, Peak:0.00M | Scene, ViewLayer | Updating Background
Fra:0 Mem:37.30M (Peak 51.81M) | Time:00:00.02 | Mem:0.00M, Peak:0.00M | Scene, ViewLayer | Updating Camera
Fra:0 Mem:37.30M (Peak 51.81M) | Time:00:00.02 | Mem:0.00M, Peak:0.00M | Scene, ViewLayer | Updating Meshes Flags
Fra:0 Mem:37.30M (Peak 51.81M) | Time:00:00.02 | Mem:0.00M, Peak:0.00M | Scene, ViewLayer | Updating Objects
Fra:0 Mem:37.30M (Peak 51.81M) | Time:00:00.02 | Mem:0.00M, Peak:0.00M | Scene, ViewLayer | Updating Objects | Copying Transformations to device
Fra:0 Mem:37.31M (Peak 51.81M) | Time:00:00.02 | Mem:0.02M, Peak:0.02M | Scene, ViewLayer | Updating Objects | Applying Static Transformations
Fra:0 Mem:37.31M (Peak 51.81M) | Time:00:00.02 | Mem:0.02M, Peak:0.02M | Scene, ViewLayer | Updating Particle Systems
Fra:0 Mem:37.31M (Peak 51.81M) | Time:00:00.02 | Mem:0.02M, Peak:0.02M | Scene, ViewLayer | Updating Particle Systems | Copying Particles to device
Fra:0 Mem:37.31M (Peak 51.81M) | Time:00:00.02 | Mem:0.02M, Peak:0.02M | Scene, ViewLayer | Updating Meshes
Fra:0 Mem:37.65M (Peak 51.81M) | Time:00:00.02 | Mem:0.02M, Peak:0.02M | Scene, ViewLayer | Updating Mesh | Computing attributes
Fra:0 Mem:37.79M (Peak 51.81M) | Time:00:00.02 | Mem:0.02M, Peak:0.02M | Scene, ViewLayer | Updating Mesh | Copying Attributes to device
Fra:0 Mem:37.79M (Peak 51.81M) | Time:00:00.02 | Mem:0.15M, Peak:0.15M | Scene, ViewLayer | Updating Scene BVH | Building
Fra:0 Mem:37.79M (Peak 51.81M) | Time:00:00.02 | Mem:0.15M, Peak:0.15M | Scene, ViewLayer | Updating Scene BVH | Building BVH
Fra:0 Mem:37.79M (Peak 51.81M) | Time:00:00.02 | Mem:1.54M, Peak:1.54M | Scene, ViewLayer | Updating Scene BVH | Building BVH 0%
Fra:0 Mem:37.79M (Peak 51.81M) | Time:00:00.02 | Mem:2.04M, Peak:3.04M | Scene, ViewLayer | Updating Scene BVH | Copying BVH to device
Fra:0 Mem:37.79M (Peak 51.81M) | Time:00:00.02 | Mem:2.04M, Peak:3.04M | Scene, ViewLayer | Updating Mesh | Computing normals
Fra:0 Mem:39.29M (Peak 51.81M) | Time:00:00.02 | Mem:2.04M, Peak:3.04M | Scene, ViewLayer | Updating Mesh | Copying Mesh to device
Fra:0 Mem:39.29M (Peak 51.81M) | Time:00:00.02 | Mem:3.54M, Peak:3.54M | Scene, ViewLayer | Updating Objects Flags
Fra:0 Mem:39.29M (Peak 51.81M) | Time:00:00.02 | Mem:3.54M, Peak:3.54M | Scene, ViewLayer | Updating Primitive Offsets
Fra:0 Mem:39.29M (Peak 51.81M) | Time:00:00.02 | Mem:3.54M, Peak:3.54M | Scene, ViewLayer | Updating Images
Fra:0 Mem:39.29M (Peak 51.81M) | Time:00:00.02 | Mem:3.54M, Peak:3.54M | Scene, ViewLayer | Updating Camera Volume
Fra:0 Mem:39.29M (Peak 51.81M) | Time:00:00.02 | Mem:3.54M, Peak:3.54M | Scene, ViewLayer | Updating Lookup Tables
Fra:0 Mem:39.29M (Peak 51.81M) | Time:00:00.02 | Mem:3.79M, Peak:3.79M | Scene, ViewLayer | Updating Lights
Fra:0 Mem:39.29M (Peak 51.81M) | Time:00:00.02 | Mem:3.79M, Peak:3.79M | Scene, ViewLayer | Updating Lights | Computing distribution
Fra:0 Mem:39.36M (Peak 51.81M) | Time:00:00.02 | Mem:3.87M, Peak:3.87M | Scene, ViewLayer | Updating Integrator
Fra:0 Mem:39.37M (Peak 51.81M) | Time:00:00.02 | Mem:3.87M, Peak:3.87M | Scene, ViewLayer | Updating Film
Fra:0 Mem:39.37M (Peak 51.81M) | Time:00:00.02 | Mem:3.62M, Peak:3.87M | Scene, ViewLayer | Updating Lookup Tables
Fra:0 Mem:39.37M (Peak 51.81M) | Time:00:00.02 | Mem:3.88M, Peak:3.88M | Scene, ViewLayer | Updating Baking
Fra:0 Mem:39.37M (Peak 51.81M) | Time:00:00.02 | Mem:3.88M, Peak:3.88M | Scene, ViewLayer | Updating Device | Writing constant memory
Fra:0 Mem:39.37M (Peak 51.81M) | Time:00:00.02 | Mem:3.88M, Peak:3.88M | Scene, ViewLayer | Sample 0/16
Fra:0 Mem:56.10M (Peak 56.10M) | Time:00:00.03 | Remaining:00:00.19 | Mem:20.58M, Peak:20.58M | Scene, ViewLayer | Sample 1/16
Fra:0 Mem:63.13M (Peak 73.68M) | Time:00:00.42 | Mem:20.58M, Peak:20.58M | Scene, ViewLayer | Sample 16/16
Fra:0 Mem:63.13M (Peak 73.68M) | Time:00:00.42 | Mem:20.58M, Peak:20.58M | Scene, ViewLayer | Finished
Saved: '/Users/gunnchos/Downloads/gunnchos-7gc-research-product-spine/repos/_anime_v1_closure/artifacts/v1_closure/review/renders/ember-vale/male/BASE/side.png'
 Time: 00:00.44 (Saving: 00:00.01)

Fra:0 Mem:50.56M (Peak 50.57M) | Time:00:00.02 | Mem:0.00M, Peak:0.00M | Scene, ViewLayer | Synchronizing object | Articulated compact torso
Fra:0 Mem:50.57M (Peak 50.57M) | Time:00:00.02 | Mem:0.00M, Peak:0.00M | Scene, ViewLayer | Synchronizing object | Finger L 0
Fra:0 Mem:50.59M (Peak 50.59M) | Time:00:00.02 | Mem:0.00M, Peak:0.00M | Scene, ViewLayer | Synchronizing object | Finger L 1
Fra:0 Mem:50.67M (Peak 50.67M) | Time:00:00.02 | Mem:0.00M, Peak:0.00M | Scene, ViewLayer | Synchronizing object | Finger L 2
Fra:0 Mem:50.69M (Peak 50.69M) | Time:00:00.02 | Mem:0.00M, Peak:0.00M | Scene, ViewLayer | Synchronizing object | Thermal seam.005
Fra:0 Mem:50.72M (Peak 50.72M) | Time:00:00.02 | Mem:0.00M, Peak:0.00M | Scene, ViewLayer | Synchronizing object | Boot L
Fra:0 Mem:50.74M (Peak 50.74M) | Time:00:00.02 | Mem:0.00M, Peak:0.00M | Scene, ViewLayer | Synchronizing object | Boot toe L
Fra:0 Mem:50.75M (Peak 50.75M) | Time:00:00.02 | Mem:0.00M, Peak:0.00M | Scene, ViewLayer | Synchronizing object | Upper arm R
Fra:0 Mem:50.84M (Peak 50.84M) | Time:00:00.02 | Mem:0.00M, Peak:0.00M | Scene, ViewLayer | Synchronizing object | Forearm R
Fra:0 Mem:50.88M (Peak 50.88M) | Time:00:00.02 | Mem:0.00M, Peak:0.00M | Scene, ViewLayer | Synchronizing object | Thermal seam.004
Fra:0 Mem:50.98M (Peak 50.98M) | Time:00:00.02 | Mem:0.00M, Peak:0.00M | Scene, ViewLayer | Synchronizing object | Thigh R
Fra:0 Mem:51.01M (Peak 51.01M) | Time:00:00.02 | Mem:0.00M, Peak:0.00M | Scene, ViewLayer | Synchronizing object | Boot toe R
Fra:0 Mem:51.03M (Peak 51.03M) | Time:00:00.02 | Mem:0.00M, Peak:0.00M | Scene, ViewLayer | Synchronizing object | Face
Fra:0 Mem:51.05M (Peak 51.05M) | Time:00:00.02 | Mem:0.00M, Peak:0.00M | Scene, ViewLayer | Synchronizing object | Hair cap
Fra:0 Mem:51.07M (Peak 51.07M) | Time:00:00.02 | Mem:0.00M, Peak:0.00M | Scene, ViewLayer | Synchronizing object | Thermal seam.003
Fra:0 Mem:51.10M (Peak 51.10M) | Time:00:00.02 | Mem:0.00M, Peak:0.00M | Scene, ViewLayer | Synchronizing object | Eye almond.001
Fra:0 Mem:51.13M (Peak 51.13M) | Time:00:00.02 | Mem:0.00M, Peak:0.00M | Scene, ViewLayer | Synchronizing object | Iris.001
Fra:0 Mem:51.15M (Peak 51.15M) | Time:00:00.02 | Mem:0.00M, Peak:0.00M | Scene, ViewLayer | Synchronizing object | Pupil.001
Fra:0 Mem:51.18M (Peak 51.18M) | Time:00:00.02 | Mem:0.00M, Peak:0.00M | Scene, ViewLayer | Synchronizing object | Eye glint.001
Fra:0 Mem:51.22M (Peak 51.22M) | Time:00:00.02 | Mem:0.00M, Peak:0.00M | Scene, ViewLayer | Synchronizing object | Ear.001
Fra:0 Mem:51.24M (Peak 51.25M) | Time:00:00.02 | Mem:0.00M, Peak:0.00M | Scene, ViewLayer | Synchronizing object | Eye almond
Fra:0 Mem:51.27M (Peak 51.27M) | Time:00:00.02 | Mem:0.00M, Peak:0.00M | Scene, ViewLayer | Synchronizing object | Ignition gauntlet.001
Fra:0 Mem:51.29M (Peak 51.29M) | Time:00:00.02 | Mem:0.00M, Peak:0.00M | Scene, ViewLayer | Synchronizing object | Iris
Fra:0 Mem:51.32M (Peak 51.32M) | Time:00:00.02 | Mem:0.00M, Peak:0.00M | Scene, ViewLayer | Synchronizing object | Pupil
Fra:0 Mem:51.34M (Peak 51.34M) | Time:00:00.02 | Mem:0.00M, Peak:0.00M | Scene, ViewLayer | Synchronizing object | Eye glint
Fra:0 Mem:51.37M (Peak 51.37M) | Time:00:00.02 | Mem:0.00M, Peak:0.00M | Scene, ViewLayer | Synchronizing object | Brow.001
Fra:0 Mem:51.38M (Peak 51.38M) | Time:00:00.02 | Mem:0.00M, Peak:0.00M | Scene, ViewLayer | Synchronizing object | Nose plane
Fra:0 Mem:51.40M (Peak 51.40M) | Time:00:00.02 | Mem:0.00M, Peak:0.00M | Scene, ViewLayer | Synchronizing object | Mouth
Fra:0 Mem:51.54M (Peak 51.54M) | Time:00:00.02 | Mem:0.00M, Peak:0.00M | Scene, ViewLayer | Synchronizing object | Hair flame0
Fra:0 Mem:51.56M (Peak 51.56M) | Time:00:00.02 | Mem:0.00M, Peak:0.00M | Scene, ViewLayer | Synchronizing object | Hair flame1
Fra:0 Mem:51.56M (Peak 51.58M) | Time:00:00.02 | Mem:0.00M, Peak:0.00M | Scene, ViewLayer | Synchronizing object | Hair flame4
Fra:0 Mem:51.56M (Peak 51.58M) | Time:00:00.02 | Mem:0.00M, Peak:0.00M | Scene, ViewLayer | Synchronizing object | Back crest
Fra:0 Mem:51.58M (Peak 51.59M) | Time:00:00.02 | Mem:0.00M, Peak:0.00M | Scene, ViewLayer | Synchronizing object | Furnace heart
Fra:0 Mem:51.61M (Peak 51.61M) | Time:00:00.02 | Mem:0.00M, Peak:0.00M | Scene, ViewLayer | Synchronizing object | Ignition gauntlet
Fra:0 Mem:51.63M (Peak 51.63M) | Time:00:00.02 | Mem:0.00M, Peak:0.00M | Scene, ViewLayer | Synchronizing object | Thermal seam
Fra:0 Mem:51.64M (Peak 51.65M) | Time:00:00.02 | Mem:0.00M, Peak:0.00M | Scene, ViewLayer | Synchronizing object | Thermal seam.001
Fra:0 Mem:51.80M (Peak 51.81M) | Time:00:00.02 | Mem:0.00M, Peak:0.00M | Scene, ViewLayer | Initializing
Fra:0 Mem:37.04M (Peak 51.81M) | Time:00:00.02 | Mem:0.00M, Peak:0.00M | Scene, ViewLayer | Waiting for render to start
Fra:0 Mem:37.04M (Peak 51.81M) | Time:00:00.02 | Mem:0.00M, Peak:0.00M | Scene, ViewLayer | Loading render kernels (may take a few minutes the first time)
Fra:0 Mem:37.04M (Peak 51.81M) | Time:00:00.02 | Mem:0.00M, Peak:0.00M | Scene, ViewLayer | Updating Scene
Fra:0 Mem:37.04M (Peak 51.81M) | Time:00:00.02 | Mem:0.00M, Peak:0.00M | Scene, ViewLayer | Updating Shaders
Fra:0 Mem:37.30M (Peak 51.81M) | Time:00:00.02 | Mem:0.00M, Peak:0.00M | Scene, ViewLayer | Updating Procedurals
Fra:0 Mem:37.30M (Peak 51.81M) | Time:00:00.02 | Mem:0.00M, Peak:0.00M | Scene, ViewLayer | Updating Background
Fra:0 Mem:37.30M (Peak 51.81M) | Time:00:00.02 | Mem:0.00M, Peak:0.00M | Scene, ViewLayer | Updating Camera
Fra:0 Mem:37.30M (Peak 51.81M) | Time:00:00.02 | Mem:0.00M, Peak:0.00M | Scene, ViewLayer | Updating Meshes Flags
Fra:0 Mem:37.30M (Peak 51.81M) | Time:00:00.02 | Mem:0.00M, Peak:0.00M | Scene, ViewLayer | Updating Objects
Fra:0 Mem:37.30M (Peak 51.81M) | Time:00:00.02 | Mem:0.00M, Peak:0.00M | Scene, ViewLayer | Updating Objects | Copying Transformations to device
Fra:0 Mem:37.31M (Peak 51.81M) | Time:00:00.02 | Mem:0.02M, Peak:0.02M | Scene, ViewLayer | Updating Objects | Applying Static Transformations
Fra:0 Mem:37.31M (Peak 51.81M) | Time:00:00.02 | Mem:0.02M, Peak:0.02M | Scene, ViewLayer | Updating Particle Systems
Fra:0 Mem:37.31M (Peak 51.81M) | Time:00:00.02 | Mem:0.02M, Peak:0.02M | Scene, ViewLayer | Updating Particle Systems | Copying Particles to device
Fra:0 Mem:37.31M (Peak 51.81M) | Time:00:00.02 | Mem:0.02M, Peak:0.02M | Scene, ViewLayer | Updating Meshes
Fra:0 Mem:37.65M (Peak 51.81M) | Time:00:00.02 | Mem:0.02M, Peak:0.02M | Scene, ViewLayer | Updating Mesh | Computing attributes
Fra:0 Mem:37.79M (Peak 51.81M) | Time:00:00.02 | Mem:0.02M, Peak:0.02M | Scene, ViewLayer | Updating Mesh | Copying Attributes to device
Fra:0 Mem:37.79M (Peak 51.81M) | Time:00:00.02 | Mem:0.15M, Peak:0.15M | Scene, ViewLayer | Updating Scene BVH | Building
Fra:0 Mem:37.79M (Peak 51.81M) | Time:00:00.02 | Mem:0.15M, Peak:0.15M | Scene, ViewLayer | Updating Scene BVH | Building BVH
Fra:0 Mem:37.79M (Peak 51.81M) | Time:00:00.02 | Mem:1.54M, Peak:1.54M | Scene, ViewLayer | Updating Scene BVH | Building BVH 0%
Fra:0 Mem:37.79M (Peak 51.81M) | Time:00:00.02 | Mem:2.04M, Peak:3.04M | Scene, ViewLayer | Updating Scene BVH | Copying BVH to device
Fra:0 Mem:37.79M (Peak 51.81M) | Time:00:00.02 | Mem:2.04M, Peak:3.04M | Scene, ViewLayer | Updating Mesh | Computing normals
Fra:0 Mem:39.29M (Peak 51.81M) | Time:00:00.02 | Mem:2.04M, Peak:3.04M | Scene, ViewLayer | Updating Mesh | Copying Mesh to device
Fra:0 Mem:39.29M (Peak 51.81M) | Time:00:00.02 | Mem:3.54M, Peak:3.54M | Scene, ViewLayer | Updating Objects Flags
Fra:0 Mem:39.29M (Peak 51.81M) | Time:00:00.02 | Mem:3.54M, Peak:3.54M | Scene, ViewLayer | Updating Primitive Offsets
Fra:0 Mem:39.29M (Peak 51.81M) | Time:00:00.02 | Mem:3.54M, Peak:3.54M | Scene, ViewLayer | Updating Images
Fra:0 Mem:39.29M (Peak 51.81M) | Time:00:00.02 | Mem:3.54M, Peak:3.54M | Scene, ViewLayer | Updating Camera Volume
Fra:0 Mem:39.29M (Peak 51.81M) | Time:00:00.02 | Mem:3.54M, Peak:3.54M | Scene, ViewLayer | Updating Lookup Tables
Fra:0 Mem:39.29M (Peak 51.81M) | Time:00:00.02 | Mem:3.79M, Peak:3.79M | Scene, ViewLayer | Updating Lights
Fra:0 Mem:39.29M (Peak 51.81M) | Time:00:00.02 | Mem:3.79M, Peak:3.79M | Scene, ViewLayer | Updating Lights | Computing distribution
Fra:0 Mem:39.36M (Peak 51.81M) | Time:00:00.02 | Mem:3.87M, Peak:3.87M | Scene, ViewLayer | Updating Integrator
Fra:0 Mem:39.37M (Peak 51.81M) | Time:00:00.02 | Mem:3.87M, Peak:3.87M | Scene, ViewLayer | Updating Film
Fra:0 Mem:39.37M (Peak 51.81M) | Time:00:00.03 | Mem:3.62M, Peak:3.87M | Scene, ViewLayer | Updating Lookup Tables
Fra:0 Mem:39.37M (Peak 51.81M) | Time:00:00.03 | Mem:3.88M, Peak:3.88M | Scene, ViewLayer | Updating Baking
Fra:0 Mem:39.37M (Peak 51.81M) | Time:00:00.03 | Mem:3.88M, Peak:3.88M | Scene, ViewLayer | Updating Device | Writing constant memory
Fra:0 Mem:39.37M (Peak 51.81M) | Time:00:00.03 | Mem:3.88M, Peak:3.88M | Scene, ViewLayer | Sample 0/16
Fra:0 Mem:56.10M (Peak 56.10M) | Time:00:00.04 | Remaining:00:00.22 | Mem:20.58M, Peak:20.58M | Scene, ViewLayer | Sample 1/16
Fra:0 Mem:63.13M (Peak 73.68M) | Time:00:00.46 | Mem:20.58M, Peak:20.58M | Scene, ViewLayer | Sample 16/16
Fra:0 Mem:63.13M (Peak 73.68M) | Time:00:00.46 | Mem:20.58M, Peak:20.58M | Scene, ViewLayer | Finished
Saved: '/Users/gunnchos/Downloads/gunnchos-7gc-research-product-spine/repos/_anime_v1_closure/artifacts/v1_closure/review/renders/ember-vale/male/BASE/back.png'
 Time: 00:00.48 (Saving: 00:00.01)

Fra:0 Mem:50.56M (Peak 50.57M) | Time:00:00.02 | Mem:0.00M, Peak:0.00M | Scene, ViewLayer | Synchronizing object | Articulated compact torso
Fra:0 Mem:50.59M (Peak 50.59M) | Time:00:00.02 | Mem:0.00M, Peak:0.00M | Scene, ViewLayer | Synchronizing object | Finger L 0
Fra:0 Mem:50.62M (Peak 50.62M) | Time:00:00.02 | Mem:0.00M, Peak:0.00M | Scene, ViewLayer | Synchronizing object | Finger L 1
Fra:0 Mem:50.69M (Peak 50.69M) | Time:00:00.02 | Mem:0.00M, Peak:0.00M | Scene, ViewLayer | Synchronizing object | Shin L
Fra:0 Mem:50.72M (Peak 50.72M) | Time:00:00.02 | Mem:0.00M, Peak:0.00M | Scene, ViewLayer | Synchronizing object | Thermal seam.005
Fra:0 Mem:50.74M (Peak 50.74M) | Time:00:00.02 | Mem:0.00M, Peak:0.00M | Scene, ViewLayer | Synchronizing object | Boot L
Fra:0 Mem:50.77M (Peak 50.77M) | Time:00:00.02 | Mem:0.00M, Peak:0.00M | Scene, ViewLayer | Synchronizing object | Boot toe L
Fra:0 Mem:50.79M (Peak 50.79M) | Time:00:00.02 | Mem:0.00M, Peak:0.00M | Scene, ViewLayer | Synchronizing object | Forearm R
Fra:0 Mem:50.83M (Peak 50.83M) | Time:00:00.02 | Mem:0.00M, Peak:0.00M | Scene, ViewLayer | Synchronizing object | Palm R
Fra:0 Mem:50.89M (Peak 50.89M) | Time:00:00.02 | Mem:0.00M, Peak:0.00M | Scene, ViewLayer | Synchronizing object | Finger R 0
Fra:0 Mem:50.93M (Peak 50.93M) | Time:00:00.02 | Mem:0.00M, Peak:0.00M | Scene, ViewLayer | Synchronizing object | Finger R 1
Fra:0 Mem:50.95M (Peak 50.95M) | Time:00:00.02 | Mem:0.00M, Peak:0.00M | Scene, ViewLayer | Synchronizing object | Shin R
Fra:0 Mem:51.06M (Peak 51.06M) | Time:00:00.02 | Mem:0.00M, Peak:0.00M | Scene, ViewLayer | Synchronizing object | Boot R
Fra:0 Mem:51.08M (Peak 51.08M) | Time:00:00.02 | Mem:0.00M, Peak:0.00M | Scene, ViewLayer | Synchronizing object | Boot toe R
Fra:0 Mem:51.13M (Peak 51.13M) | Time:00:00.02 | Mem:0.00M, Peak:0.00M | Scene, ViewLayer | Synchronizing object | Face
Fra:0 Mem:51.15M (Peak 51.15M) | Time:00:00.02 | Mem:0.00M, Peak:0.00M | Scene, ViewLayer | Synchronizing object | Pupil.001
Fra:0 Mem:51.19M (Peak 51.19M) | Time:00:00.02 | Mem:0.00M, Peak:0.00M | Scene, ViewLayer | Synchronizing object | Eye glint.001
Fra:0 Mem:51.22M (Peak 51.22M) | Time:00:00.02 | Mem:0.00M, Peak:0.00M | Scene, ViewLayer | Synchronizing object | Ignition gauntlet.001
Fra:0 Mem:51.32M (Peak 51.32M) | Time:00:00.02 | Mem:0.00M, Peak:0.00M | Scene, ViewLayer | Synchronizing object | Eye almond
Fra:0 Mem:51.42M (Peak 51.42M) | Time:00:00.02 | Mem:0.00M, Peak:0.00M | Scene, ViewLayer | Synchronizing object | Thermal seam.002
Fra:0 Mem:51.48M (Peak 51.48M) | Time:00:00.02 | Mem:0.00M, Peak:0.00M | Scene, ViewLayer | Synchronizing object | Brow.001
Fra:0 Mem:51.51M (Peak 51.51M) | Time:00:00.02 | Mem:0.00M, Peak:0.00M | Scene, ViewLayer | Synchronizing object | Thermal seam.001
Fra:0 Mem:51.53M (Peak 51.53M) | Time:00:00.02 | Mem:0.00M, Peak:0.00M | Scene, ViewLayer | Synchronizing object | Mouth
Fra:0 Mem:51.57M (Peak 51.57M) | Time:00:00.02 | Mem:0.00M, Peak:0.00M | Scene, ViewLayer | Synchronizing object | Hair flame0
Fra:0 Mem:51.59M (Peak 51.61M) | Time:00:00.02 | Mem:0.00M, Peak:0.00M | Scene, ViewLayer | Synchronizing object | Hair flame1
Fra:0 Mem:51.59M (Peak 51.61M) | Time:00:00.02 | Mem:0.00M, Peak:0.00M | Scene, ViewLayer | Synchronizing object | Thermal seam
Fra:0 Mem:51.61M (Peak 51.61M) | Time:00:00.02 | Mem:0.00M, Peak:0.00M | Scene, ViewLayer | Synchronizing object | Hair flame4
Fra:0 Mem:51.62M (Peak 51.62M) | Time:00:00.02 | Mem:0.00M, Peak:0.00M | Scene, ViewLayer | Synchronizing object | Back crest
Fra:0 Mem:51.67M (Peak 51.69M) | Time:00:00.02 | Mem:0.00M, Peak:0.00M | Scene, ViewLayer | Synchronizing object | Furnace heart
Fra:0 Mem:51.69M (Peak 51.69M) | Time:00:00.02 | Mem:0.00M, Peak:0.00M | Scene, ViewLayer | Synchronizing object | Ignition gauntlet
Fra:0 Mem:51.80M (Peak 51.81M) | Time:00:00.02 | Mem:0.00M, Peak:0.00M | Scene, ViewLayer | Initializing
Fra:0 Mem:37.04M (Peak 51.81M) | Time:00:00.02 | Mem:0.00M, Peak:0.00M | Scene, ViewLayer | Waiting for render to start
Fra:0 Mem:37.04M (Peak 51.81M) | Time:00:00.02 | Mem:0.00M, Peak:0.00M | Scene, ViewLayer | Loading render kernels (may take a few minutes the first time)
Fra:0 Mem:37.04M (Peak 51.81M) | Time:00:00.02 | Mem:0.00M, Peak:0.00M | Scene, ViewLayer | Updating Scene
Fra:0 Mem:37.04M (Peak 51.81M) | Time:00:00.02 | Mem:0.00M, Peak:0.00M | Scene, ViewLayer | Updating Shaders
Fra:0 Mem:37.30M (Peak 51.81M) | Time:00:00.02 | Mem:0.00M, Peak:0.00M | Scene, ViewLayer | Updating Procedurals
Fra:0 Mem:37.30M (Peak 51.81M) | Time:00:00.02 | Mem:0.00M, Peak:0.00M | Scene, ViewLayer | Updating Background
Fra:0 Mem:37.30M (Peak 51.81M) | Time:00:00.02 | Mem:0.00M, Peak:0.00M | Scene, ViewLayer | Updating Camera
Fra:0 Mem:37.30M (Peak 51.81M) | Time:00:00.02 | Mem:0.00M, Peak:0.00M | Scene, ViewLayer | Updating Meshes Flags
Fra:0 Mem:37.30M (Peak 51.81M) | Time:00:00.02 | Mem:0.00M, Peak:0.00M | Scene, ViewLayer | Updating Objects
Fra:0 Mem:37.30M (Peak 51.81M) | Time:00:00.02 | Mem:0.00M, Peak:0.00M | Scene, ViewLayer | Updating Objects | Copying Transformations to device
Fra:0 Mem:37.31M (Peak 51.81M) | Time:00:00.02 | Mem:0.02M, Peak:0.02M | Scene, ViewLayer | Updating Objects | Applying Static Transformations
Fra:0 Mem:37.31M (Peak 51.81M) | Time:00:00.02 | Mem:0.02M, Peak:0.02M | Scene, ViewLayer | Updating Particle Systems
Fra:0 Mem:37.31M (Peak 51.81M) | Time:00:00.02 | Mem:0.02M, Peak:0.02M | Scene, ViewLayer | Updating Particle Systems | Copying Particles to device
Fra:0 Mem:37.31M (Peak 51.81M) | Time:00:00.02 | Mem:0.02M, Peak:0.02M | Scene, ViewLayer | Updating Meshes
Fra:0 Mem:37.65M (Peak 51.81M) | Time:00:00.02 | Mem:0.02M, Peak:0.02M | Scene, ViewLayer | Updating Mesh | Computing attributes
Fra:0 Mem:37.79M (Peak 51.81M) | Time:00:00.02 | Mem:0.02M, Peak:0.02M | Scene, ViewLayer | Updating Mesh | Copying Attributes to device
Fra:0 Mem:37.79M (Peak 51.81M) | Time:00:00.02 | Mem:0.15M, Peak:0.15M | Scene, ViewLayer | Updating Scene BVH | Building
Fra:0 Mem:37.79M (Peak 51.81M) | Time:00:00.02 | Mem:0.15M, Peak:0.15M | Scene, ViewLayer | Updating Scene BVH | Building BVH
Fra:0 Mem:37.79M (Peak 51.81M) | Time:00:00.02 | Mem:1.54M, Peak:1.54M | Scene, ViewLayer | Updating Scene BVH | Building BVH 0%
Fra:0 Mem:37.79M (Peak 51.81M) | Time:00:00.02 | Mem:2.04M, Peak:3.04M | Scene, ViewLayer | Updating Scene BVH | Copying BVH to device
Fra:0 Mem:37.79M (Peak 51.81M) | Time:00:00.02 | Mem:2.04M, Peak:3.04M | Scene, ViewLayer | Updating Mesh | Computing normals
Fra:0 Mem:39.29M (Peak 51.81M) | Time:00:00.02 | Mem:2.04M, Peak:3.04M | Scene, ViewLayer | Updating Mesh | Copying Mesh to device
Fra:0 Mem:39.29M (Peak 51.81M) | Time:00:00.02 | Mem:3.54M, Peak:3.54M | Scene, ViewLayer | Updating Objects Flags
Fra:0 Mem:39.29M (Peak 51.81M) | Time:00:00.02 | Mem:3.54M, Peak:3.54M | Scene, ViewLayer | Updating Primitive Offsets
Fra:0 Mem:39.29M (Peak 51.81M) | Time:00:00.02 | Mem:3.54M, Peak:3.54M | Scene, ViewLayer | Updating Images
Fra:0 Mem:39.29M (Peak 51.81M) | Time:00:00.02 | Mem:3.54M, Peak:3.54M | Scene, ViewLayer | Updating Camera Volume
Fra:0 Mem:39.29M (Peak 51.81M) | Time:00:00.02 | Mem:3.54M, Peak:3.54M | Scene, ViewLayer | Updating Lookup Tables
Fra:0 Mem:39.29M (Peak 51.81M) | Time:00:00.02 | Mem:3.79M, Peak:3.79M | Scene, ViewLayer | Updating Lights
Fra:0 Mem:39.29M (Peak 51.81M) | Time:00:00.02 | Mem:3.79M, Peak:3.79M | Scene, ViewLayer | Updating Lights | Computing distribution
Fra:0 Mem:39.36M (Peak 51.81M) | Time:00:00.02 | Mem:3.87M, Peak:3.87M | Scene, ViewLayer | Updating Integrator
Fra:0 Mem:39.37M (Peak 51.81M) | Time:00:00.02 | Mem:3.87M, Peak:3.87M | Scene, ViewLayer | Updating Film
Fra:0 Mem:39.37M (Peak 51.81M) | Time:00:00.02 | Mem:3.62M, Peak:3.87M | Scene, ViewLayer | Updating Lookup Tables
Fra:0 Mem:39.37M (Peak 51.81M) | Time:00:00.02 | Mem:3.88M, Peak:3.88M | Scene, ViewLayer | Updating Baking
Fra:0 Mem:39.37M (Peak 51.81M) | Time:00:00.02 | Mem:3.88M, Peak:3.88M | Scene, ViewLayer | Updating Device | Writing constant memory
Fra:0 Mem:39.37M (Peak 51.81M) | Time:00:00.02 | Mem:3.88M, Peak:3.88M | Scene, ViewLayer | Sample 0/16
Fra:0 Mem:56.10M (Peak 56.10M) | Time:00:00.04 | Remaining:00:00.21 | Mem:20.58M, Peak:20.58M | Scene, ViewLayer | Sample 1/16
Fra:0 Mem:63.13M (Peak 73.68M) | Time:00:00.54 | Mem:20.58M, Peak:20.58M | Scene, ViewLayer | Sample 16/16
Fra:0 Mem:63.13M (Peak 73.68M) | Time:00:00.54 | Mem:20.58M, Peak:20.58M | Scene, ViewLayer | Finished
Saved: '/Users/gunnchos/Downloads/gunnchos-7gc-research-product-spine/repos/_anime_v1_closure/artifacts/v1_closure/review/renders/ember-vale/male/BASE/three_quarter.png'
 Time: 00:00.55 (Saving: 00:00.01)

Info: Saved "candidate.blend"
13:36:23 | INFO: Draco mesh compression is available, use library at /Applications/Blender.app/Contents/Resources/3.3/python/lib/python3.10/site-packages/libextern_draco.dylib
13:36:24 | INFO: Starting glTF 2.0 export
13:36:24 | INFO: Extracting primitive: Sphere
13:36:24 | INFO: Primitives created: 1
13:36:24 | INFO: Extracting primitive: Cone.005
13:36:24 | INFO: Primitives created: 1
13:36:24 | INFO: Extracting primitive: Sphere.011
13:36:24 | INFO: Primitives created: 1
13:36:24 | INFO: Extracting primitive: Sphere.021
13:36:24 | INFO: Primitives created: 1
13:36:24 | INFO: Extracting primitive: Sphere.012
13:36:24 | INFO: Primitives created: 1
13:36:24 | INFO: Extracting primitive: Sphere.022
13:36:24 | INFO: Primitives created: 1
13:36:24 | INFO: Extracting primitive: Brow
13:36:24 | INFO: Primitives created: 1
13:36:24 | INFO: Extracting primitive: Brow.001
13:36:24 | INFO: Primitives created: 1
13:36:24 | INFO: Extracting primitive: Sphere.002
13:36:24 | INFO: Primitives created: 1
13:36:24 | INFO: Extracting primitive: Sphere.029
13:36:24 | INFO: Primitives created: 1
13:36:24 | INFO: Extracting primitive: Sphere.025
13:36:24 | INFO: Primitives created: 1
13:36:24 | INFO: Extracting primitive: Sphere.028
13:36:24 | INFO: Primitives created: 1
13:36:24 | INFO: Extracting primitive: Sphere.023
13:36:24 | INFO: Primitives created: 1
13:36:24 | INFO: Extracting primitive: Sphere.006
13:36:24 | INFO: Primitives created: 1
13:36:24 | INFO: Extracting primitive: Sphere.007
13:36:24 | INFO: Primitives created: 1
13:36:24 | INFO: Extracting primitive: Sphere.008
13:36:24 | INFO: Primitives created: 1
13:36:24 | INFO: Extracting primitive: Sphere.016
13:36:24 | INFO: Primitives created: 1
13:36:24 | INFO: Extracting primitive: Sphere.017
13:36:24 | INFO: Primitives created: 1
13:36:24 | INFO: Extracting primitive: Sphere.018
13:36:24 | INFO: Primitives created: 1
13:36:24 | INFO: Extracting primitive: Sphere.004
13:36:24 | INFO: Primitives created: 1
13:36:24 | INFO: Extracting primitive: Sphere.014
13:36:24 | INFO: Primitives created: 1
13:36:24 | INFO: Extracting primitive: Sphere.036
13:36:24 | INFO: Primitives created: 1
13:36:24 | INFO: Extracting primitive: Sphere.024
13:36:24 | INFO: Primitives created: 1
13:36:24 | INFO: Extracting primitive: Cone
13:36:24 | INFO: Primitives created: 1
13:36:24 | INFO: Extracting primitive: Cone.001
13:36:24 | INFO: Primitives created: 1
13:36:24 | INFO: Extracting primitive: Cone.002
13:36:24 | INFO: Primitives created: 1
13:36:24 | INFO: Extracting primitive: Cone.003
13:36:24 | INFO: Primitives created: 1
13:36:24 | INFO: Extracting primitive: Cone.004
13:36:24 | INFO: Primitives created: 1
13:36:24 | INFO: Extracting primitive: Sphere.001
13:36:24 | INFO: Primitives created: 1
13:36:24 | INFO: Extracting primitive: Ignition gauntlet
13:36:24 | INFO: Primitives created: 1
13:36:24 | INFO: Extracting primitive: Ignition gauntlet.001
13:36:24 | INFO: Primitives created: 1
13:36:24 | INFO: Extracting primitive: Sphere.026
13:36:24 | INFO: Primitives created: 1
13:36:24 | INFO: Extracting primitive: Mouth
13:36:24 | INFO: Primitives created: 1
13:36:24 | INFO: Extracting primitive: Sphere.035
13:36:24 | INFO: Primitives created: 1
13:36:24 | INFO: Extracting primitive: Sphere.005
13:36:24 | INFO: Primitives created: 1
13:36:24 | INFO: Extracting primitive: Sphere.015
13:36:24 | INFO: Primitives created: 1
13:36:24 | INFO: Extracting primitive: Sphere.027
13:36:24 | INFO: Primitives created: 1
13:36:24 | INFO: Extracting primitive: Sphere.010
13:36:24 | INFO: Primitives created: 1
13:36:24 | INFO: Extracting primitive: Sphere.020
13:36:24 | INFO: Primitives created: 1
13:36:24 | INFO: Extracting primitive: Sphere.030
13:36:24 | INFO: Primitives created: 1
13:36:24 | INFO: Extracting primitive: Sphere.031
13:36:24 | INFO: Primitives created: 1
13:36:24 | INFO: Extracting primitive: Sphere.032
13:36:24 | INFO: Primitives created: 1
13:36:24 | INFO: Extracting primitive: Sphere.033
13:36:24 | INFO: Primitives created: 1
13:36:24 | INFO: Extracting primitive: Sphere.034
13:36:24 | INFO: Primitives created: 1
13:36:24 | INFO: Extracting primitive: Sphere.037
13:36:24 | INFO: Primitives created: 1
13:36:24 | INFO: Extracting primitive: Sphere.038
13:36:24 | INFO: Primitives created: 1
13:36:24 | INFO: Extracting primitive: Sphere.039
13:36:24 | INFO: Primitives created: 1
13:36:24 | INFO: Extracting primitive: Sphere.040
13:36:24 | INFO: Primitives created: 1
13:36:24 | INFO: Extracting primitive: Sphere.041
13:36:24 | INFO: Primitives created: 1
13:36:24 | INFO: Extracting primitive: Sphere.042
13:36:24 | INFO: Primitives created: 1
13:36:24 | INFO: Extracting primitive: Sphere.009
13:36:24 | INFO: Primitives created: 1
13:36:24 | INFO: Extracting primitive: Sphere.019
13:36:24 | INFO: Primitives created: 1
13:36:24 | INFO: Extracting primitive: Sphere.003
13:36:24 | INFO: Primitives created: 1
13:36:24 | INFO: Extracting primitive: Sphere.013
13:36:24 | INFO: Primitives created: 1
13:36:31 | INFO: Finished glTF 2.0 export in 7.316700220108032 s

COLLECTIBLE_DONE ember-vale male BASE
Fra:0 Mem:52.53M (Peak 52.54M) | Time:00:00.02 | Mem:0.00M, Peak:0.00M | Scene, ViewLayer | Synchronizing object | Hip costume
Fra:0 Mem:52.55M (Peak 52.55M) | Time:00:00.02 | Mem:0.00M, Peak:0.00M | Scene, ViewLayer | Synchronizing object | Forearm L
Fra:0 Mem:52.61M (Peak 52.62M) | Time:00:00.02 | Mem:0.00M, Peak:0.00M | Scene, ViewLayer | Synchronizing object | Finger L 1
Fra:0 Mem:52.63M (Peak 52.64M) | Time:00:00.02 | Mem:0.00M, Peak:0.00M | Scene, ViewLayer | Synchronizing object | Thigh L
Fra:0 Mem:52.69M (Peak 52.69M) | Time:00:00.02 | Mem:0.00M, Peak:0.00M | Scene, ViewLayer | Synchronizing object | Shin L
Fra:0 Mem:52.70M (Peak 52.70M) | Time:00:00.02 | Mem:0.00M, Peak:0.00M | Scene, ViewLayer | Synchronizing object | Boot L
Fra:0 Mem:52.78M (Peak 52.78M) | Time:00:00.02 | Mem:0.00M, Peak:0.00M | Scene, ViewLayer | Synchronizing object | Upper arm R
Fra:0 Mem:52.81M (Peak 52.81M) | Time:00:00.02 | Mem:0.00M, Peak:0.00M | Scene, ViewLayer | Synchronizing object | Palm R
Fra:0 Mem:52.83M (Peak 52.83M) | Time:00:00.02 | Mem:0.00M, Peak:0.00M | Scene, ViewLayer | Synchronizing object | Finger R 1
Fra:0 Mem:52.86M (Peak 52.86M) | Time:00:00.02 | Mem:0.00M, Peak:0.00M | Scene, ViewLayer | Synchronizing object | Spectral inlay vesper-nyx
Fra:0 Mem:52.88M (Peak 52.88M) | Time:00:00.02 | Mem:0.00M, Peak:0.00M | Scene, ViewLayer | Synchronizing object | Thigh R
Fra:0 Mem:52.92M (Peak 52.92M) | Time:00:00.02 | Mem:0.00M, Peak:0.00M | Scene, ViewLayer | Synchronizing object | Spectral inlay orion-vell
Fra:0 Mem:52.96M (Peak 52.96M) | Time:00:00.02 | Mem:0.00M, Peak:0.00M | Scene, ViewLayer | Synchronizing object | Shin R
Fra:0 Mem:52.98M (Peak 52.98M) | Time:00:00.02 | Mem:0.00M, Peak:0.00M | Scene, ViewLayer | Synchronizing object | Spectral inlay nix-calder
Fra:0 Mem:53.00M (Peak 53.00M) | Time:00:00.02 | Mem:0.00M, Peak:0.00M | Scene, ViewLayer | Synchronizing object | Boot toe R
Fra:0 Mem:53.07M (Peak 53.07M) | Time:00:00.02 | Mem:0.00M, Peak:0.00M | Scene, ViewLayer | Synchronizing object | Face
Fra:0 Mem:53.12M (Peak 53.12M) | Time:00:00.02 | Mem:0.00M, Peak:0.00M | Scene, ViewLayer | Synchronizing object | Hair cap
Fra:0 Mem:53.15M (Peak 53.15M) | Time:00:00.02 | Mem:0.00M, Peak:0.00M | Scene, ViewLayer | Synchronizing object | Iris.001
Fra:0 Mem:53.17M (Peak 53.18M) | Time:00:00.02 | Mem:0.00M, Peak:0.00M | Scene, ViewLayer | Synchronizing object | Eye glint.001
Fra:0 Mem:53.20M (Peak 53.20M) | Time:00:00.02 | Mem:0.00M, Peak:0.00M | Scene, ViewLayer | Synchronizing object | Brow
Fra:0 Mem:53.22M (Peak 53.22M) | Time:00:00.02 | Mem:0.00M, Peak:0.00M | Scene, ViewLayer | Synchronizing object | Ear.001
Fra:0 Mem:53.25M (Peak 53.25M) | Time:00:00.02 | Mem:0.00M, Peak:0.00M | Scene, ViewLayer | Synchronizing object | Eye almond
Fra:0 Mem:53.27M (Peak 53.28M) | Time:00:00.02 | Mem:0.00M, Peak:0.00M | Scene, ViewLayer | Synchronizing object | Iris
Fra:0 Mem:53.30M (Peak 53.30M) | Time:00:00.02 | Mem:0.00M, Peak:0.00M | Scene, ViewLayer | Synchronizing object | Pupil
Fra:0 Mem:53.32M (Peak 53.32M) | Time:00:00.02 | Mem:0.00M, Peak:0.00M | Scene, ViewLayer | Synchronizing object | Eye glint
Fra:0 Mem:53.34M (Peak 53.34M) | Time:00:00.02 | Mem:0.00M, Peak:0.00M | Scene, ViewLayer | Synchronizing object | Brow.001
Fra:0 Mem:53.37M (Peak 53.37M) | Time:00:00.02 | Mem:0.00M, Peak:0.00M | Scene, ViewLayer | Synchronizing object | Ear
Fra:0 Mem:53.40M (Peak 53.40M) | Time:00:00.02 | Mem:0.00M, Peak:0.00M | Scene, ViewLayer | Synchronizing object | Nose plane
Fra:0 Mem:53.44M (Peak 53.44M) | Time:00:00.02 | Mem:0.00M, Peak:0.00M | Scene, ViewLayer | Synchronizing object | Mouth
Fra:0 Mem:53.48M (Peak 53.48M) | Time:00:00.02 | Mem:0.00M, Peak:0.00M | Scene, ViewLayer | Synchronizing object | Hair flame1
Fra:0 Mem:53.50M (Peak 53.50M) | Time:00:00.02 | Mem:0.00M, Peak:0.00M | Scene, ViewLayer | Synchronizing object | Hair flame4
Fra:0 Mem:53.53M (Peak 53.53M) | Time:00:00.02 | Mem:0.00M, Peak:0.00M | Scene, ViewLayer | Synchronizing object | Back crest
Fra:0 Mem:53.55M (Peak 53.57M) | Time:00:00.02 | Mem:0.00M, Peak:0.00M | Scene, ViewLayer | Synchronizing object | Furnace heart
Fra:0 Mem:53.55M (Peak 53.57M) | Time:00:00.02 | Mem:0.00M, Peak:0.00M | Scene, ViewLayer | Synchronizing object | Spectral inlay rook-ironside
Fra:0 Mem:53.60M (Peak 53.60M) | Time:00:00.02 | Mem:0.00M, Peak:0.00M | Scene, ViewLayer | Synchronizing object | Thermal seam
Fra:0 Mem:53.60M (Peak 53.62M) | Time:00:00.02 | Mem:0.00M, Peak:0.00M | Scene, ViewLayer | Synchronizing object | Thermal seam.001
Fra:0 Mem:53.61M (Peak 53.62M) | Time:00:00.02 | Mem:0.00M, Peak:0.00M | Scene, ViewLayer | Synchronizing object | Thermal seam.002
Fra:0 Mem:53.67M (Peak 53.67M) | Time:00:00.02 | Mem:0.00M, Peak:0.00M | Scene, ViewLayer | Synchronizing object | Ignition gauntlet.001
Fra:0 Mem:53.69M (Peak 53.71M) | Time:00:00.02 | Mem:0.00M, Peak:0.00M | Scene, ViewLayer | Synchronizing object | Thermal seam.003
Fra:0 Mem:53.71M (Peak 53.71M) | Time:00:00.02 | Mem:0.00M, Peak:0.00M | Scene, ViewLayer | Synchronizing object | Thermal seam.004
Fra:0 Mem:53.75M (Peak 53.75M) | Time:00:00.02 | Mem:0.00M, Peak:0.00M | Scene, ViewLayer | Synchronizing object | Thermal seam.005
Fra:0 Mem:53.94M (Peak 53.96M) | Time:00:00.02 | Mem:0.00M, Peak:0.00M | Scene, ViewLayer | Initializing
Fra:0 Mem:38.42M (Peak 53.96M) | Time:00:00.02 | Mem:0.00M, Peak:0.00M | Scene, ViewLayer | Waiting for render to start
Fra:0 Mem:38.42M (Peak 53.96M) | Time:00:00.02 | Mem:0.00M, Peak:0.00M | Scene, ViewLayer | Loading render kernels (may take a few minutes the first time)
Fra:0 Mem:38.42M (Peak 53.96M) | Time:00:00.02 | Mem:0.00M, Peak:0.00M | Scene, ViewLayer | Updating Scene
Fra:0 Mem:38.42M (Peak 53.96M) | Time:00:00.02 | Mem:0.00M, Peak:0.00M | Scene, ViewLayer | Updating Shaders
Fra:0 Mem:38.68M (Peak 53.96M) | Time:00:00.02 | Mem:0.01M, Peak:0.01M | Scene, ViewLayer | Updating Procedurals
Fra:0 Mem:38.68M (Peak 53.96M) | Time:00:00.02 | Mem:0.01M, Peak:0.01M | Scene, ViewLayer | Updating Background
Fra:0 Mem:38.68M (Peak 53.96M) | Time:00:00.02 | Mem:0.01M, Peak:0.01M | Scene, ViewLayer | Updating Camera
Fra:0 Mem:38.68M (Peak 53.96M) | Time:00:00.02 | Mem:0.01M, Peak:0.01M | Scene, ViewLayer | Updating Meshes Flags
Fra:0 Mem:38.68M (Peak 53.96M) | Time:00:00.02 | Mem:0.01M, Peak:0.01M | Scene, ViewLayer | Updating Objects
Fra:0 Mem:38.68M (Peak 53.96M) | Time:00:00.02 | Mem:0.01M, Peak:0.01M | Scene, ViewLayer | Updating Objects | Copying Transformations to device
Fra:0 Mem:38.70M (Peak 53.96M) | Time:00:00.02 | Mem:0.02M, Peak:0.02M | Scene, ViewLayer | Updating Objects | Applying Static Transformations
Fra:0 Mem:38.70M (Peak 53.96M) | Time:00:00.02 | Mem:0.02M, Peak:0.02M | Scene, ViewLayer | Updating Particle Systems
Fra:0 Mem:38.70M (Peak 53.96M) | Time:00:00.02 | Mem:0.02M, Peak:0.02M | Scene, ViewLayer | Updating Particle Systems | Copying Particles to device
Fra:0 Mem:38.70M (Peak 53.96M) | Time:00:00.02 | Mem:0.02M, Peak:0.02M | Scene, ViewLayer | Updating Meshes
Fra:0 Mem:39.08M (Peak 53.96M) | Time:00:00.02 | Mem:0.02M, Peak:0.02M | Scene, ViewLayer | Updating Mesh | Computing attributes
Fra:0 Mem:39.24M (Peak 53.96M) | Time:00:00.02 | Mem:0.02M, Peak:0.02M | Scene, ViewLayer | Updating Mesh | Copying Attributes to device
Fra:0 Mem:39.24M (Peak 53.96M) | Time:00:00.02 | Mem:0.17M, Peak:0.17M | Scene, ViewLayer | Updating Scene BVH | Building
Fra:0 Mem:39.24M (Peak 53.96M) | Time:00:00.02 | Mem:0.17M, Peak:0.17M | Scene, ViewLayer | Updating Scene BVH | Building BVH
Fra:0 Mem:39.24M (Peak 53.96M) | Time:00:00.02 | Mem:1.61M, Peak:1.61M | Scene, ViewLayer | Updating Scene BVH | Building BVH 0%
Fra:0 Mem:39.24M (Peak 53.96M) | Time:00:00.02 | Mem:2.32M, Peak:3.32M | Scene, ViewLayer | Updating Scene BVH | Copying BVH to device
Fra:0 Mem:39.24M (Peak 53.96M) | Time:00:00.02 | Mem:2.32M, Peak:3.32M | Scene, ViewLayer | Updating Mesh | Computing normals
Fra:0 Mem:40.94M (Peak 53.96M) | Time:00:00.02 | Mem:2.32M, Peak:3.32M | Scene, ViewLayer | Updating Mesh | Copying Mesh to device
Fra:0 Mem:40.94M (Peak 53.96M) | Time:00:00.02 | Mem:4.03M, Peak:4.03M | Scene, ViewLayer | Updating Objects Flags
Fra:0 Mem:40.94M (Peak 53.96M) | Time:00:00.02 | Mem:4.03M, Peak:4.03M | Scene, ViewLayer | Updating Primitive Offsets
Fra:0 Mem:40.94M (Peak 53.96M) | Time:00:00.02 | Mem:4.03M, Peak:4.03M | Scene, ViewLayer | Updating Images
Fra:0 Mem:40.94M (Peak 53.96M) | Time:00:00.02 | Mem:4.03M, Peak:4.03M | Scene, ViewLayer | Updating Camera Volume
Fra:0 Mem:40.94M (Peak 53.96M) | Time:00:00.02 | Mem:4.03M, Peak:4.03M | Scene, ViewLayer | Updating Lookup Tables
Fra:0 Mem:40.94M (Peak 53.96M) | Time:00:00.02 | Mem:4.28M, Peak:4.28M | Scene, ViewLayer | Updating Lights
Fra:0 Mem:40.94M (Peak 53.96M) | Time:00:00.02 | Mem:4.28M, Peak:4.28M | Scene, ViewLayer | Updating Lights | Computing distribution
Fra:0 Mem:41.06M (Peak 53.96M) | Time:00:00.02 | Mem:4.40M, Peak:4.40M | Scene, ViewLayer | Updating Integrator
Fra:0 Mem:41.07M (Peak 53.96M) | Time:00:00.02 | Mem:4.41M, Peak:4.41M | Scene, ViewLayer | Updating Film
Fra:0 Mem:41.08M (Peak 53.96M) | Time:00:00.02 | Mem:4.16M, Peak:4.41M | Scene, ViewLayer | Updating Lookup Tables
Fra:0 Mem:41.08M (Peak 53.96M) | Time:00:00.02 | Mem:4.41M, Peak:4.41M | Scene, ViewLayer | Updating Baking
Fra:0 Mem:41.08M (Peak 53.96M) | Time:00:00.02 | Mem:4.41M, Peak:4.41M | Scene, ViewLayer | Updating Device | Writing constant memory
Fra:0 Mem:41.08M (Peak 53.96M) | Time:00:00.02 | Mem:4.41M, Peak:4.41M | Scene, ViewLayer | Sample 0/16
Fra:0 Mem:57.80M (Peak 57.80M) | Time:00:00.04 | Remaining:00:00.23 | Mem:21.11M, Peak:21.11M | Scene, ViewLayer | Sample 1/16
Fra:0 Mem:64.83M (Peak 75.38M) | Time:00:00.48 | Mem:21.11M, Peak:21.11M | Scene, ViewLayer | Sample 16/16
Fra:0 Mem:64.83M (Peak 75.38M) | Time:00:00.48 | Mem:21.11M, Peak:21.11M | Scene, ViewLayer | Finished
Saved: '/Users/gunnchos/Downloads/gunnchos-7gc-research-product-spine/repos/_anime_v1_closure/artifacts/v1_closure/review/renders/ember-vale/male/PRISMATIC_GRAY/front.png'
 Time: 00:00.50 (Saving: 00:00.01)

13:36:33 | INFO: Draco mesh compression is available, use library at /Applications/Blender.app/Contents/Resources/3.3/python/lib/python3.10/site-packages/libextern_draco.dylib
13:36:33 | INFO: Starting glTF 2.0 export
13:36:33 | INFO: Extracting primitive: Sphere
13:36:33 | INFO: Primitives created: 1
13:36:33 | INFO: Extracting primitive: Cone.005
13:36:33 | INFO: Primitives created: 1
13:36:33 | INFO: Extracting primitive: Sphere.011
13:36:33 | INFO: Primitives created: 1
13:36:33 | INFO: Extracting primitive: Sphere.021
13:36:33 | INFO: Primitives created: 1
13:36:33 | INFO: Extracting primitive: Sphere.012
13:36:33 | INFO: Primitives created: 1
13:36:33 | INFO: Extracting primitive: Sphere.022
13:36:33 | INFO: Primitives created: 1
13:36:33 | INFO: Extracting primitive: Brow
13:36:33 | INFO: Primitives created: 1
13:36:33 | INFO: Extracting primitive: Brow.001
13:36:33 | INFO: Primitives created: 1
13:36:33 | INFO: Extracting primitive: Sphere.002
13:36:33 | INFO: Primitives created: 1
13:36:33 | INFO: Extracting primitive: Sphere.029
13:36:33 | INFO: Primitives created: 1
13:36:33 | INFO: Extracting primitive: Sphere.025
13:36:33 | INFO: Primitives created: 1
13:36:33 | INFO: Extracting primitive: Sphere.028
13:36:33 | INFO: Primitives created: 1
13:36:33 | INFO: Extracting primitive: Sphere.023
13:36:33 | INFO: Primitives created: 1
13:36:33 | INFO: Extracting primitive: Sphere.006
13:36:33 | INFO: Primitives created: 1
13:36:33 | INFO: Extracting primitive: Sphere.007
13:36:33 | INFO: Primitives created: 1
13:36:33 | INFO: Extracting primitive: Sphere.008
13:36:33 | INFO: Primitives created: 1
13:36:33 | INFO: Extracting primitive: Sphere.016
13:36:33 | INFO: Primitives created: 1
13:36:33 | INFO: Extracting primitive: Sphere.017
13:36:33 | INFO: Primitives created: 1
13:36:33 | INFO: Extracting primitive: Sphere.018
13:36:33 | INFO: Primitives created: 1
13:36:33 | INFO: Extracting primitive: Sphere.004
13:36:33 | INFO: Primitives created: 1
13:36:33 | INFO: Extracting primitive: Sphere.014
13:36:33 | INFO: Primitives created: 1
13:36:33 | INFO: Extracting primitive: Sphere.036
13:36:33 | INFO: Primitives created: 1
13:36:33 | INFO: Extracting primitive: Sphere.024
13:36:33 | INFO: Primitives created: 1
13:36:33 | INFO: Extracting primitive: Cone
13:36:33 | INFO: Primitives created: 1
13:36:33 | INFO: Extracting primitive: Cone.001
13:36:33 | INFO: Primitives created: 1
13:36:33 | INFO: Extracting primitive: Cone.002
13:36:33 | INFO: Primitives created: 1
13:36:33 | INFO: Extracting primitive: Cone.003
13:36:33 | INFO: Primitives created: 1
13:36:33 | INFO: Extracting primitive: Cone.004
13:36:33 | INFO: Primitives created: 1
13:36:33 | INFO: Extracting primitive: Sphere.001
13:36:33 | INFO: Primitives created: 1
13:36:33 | INFO: Extracting primitive: Ignition gauntlet
13:36:33 | INFO: Primitives created: 1
13:36:33 | INFO: Extracting primitive: Ignition gauntlet.001
13:36:33 | INFO: Primitives created: 1
13:36:33 | INFO: Extracting primitive: Sphere.026
13:36:33 | INFO: Primitives created: 1
13:36:33 | INFO: Extracting primitive: Mouth
13:36:33 | INFO: Primitives created: 1
13:36:33 | INFO: Extracting primitive: Sphere.035
13:36:33 | INFO: Primitives created: 1
13:36:33 | INFO: Extracting primitive: Sphere.005
13:36:33 | INFO: Primitives created: 1
13:36:33 | INFO: Extracting primitive: Sphere.015
13:36:33 | INFO: Primitives created: 1
13:36:33 | INFO: Extracting primitive: Sphere.027
13:36:33 | INFO: Primitives created: 1
13:36:33 | INFO: Extracting primitive: Sphere.010
13:36:33 | INFO: Primitives created: 1
13:36:33 | INFO: Extracting primitive: Sphere.020
13:36:33 | INFO: Primitives created: 1
13:36:33 | INFO: Extracting primitive: Sphere.030
13:36:33 | INFO: Primitives created: 1
13:36:33 | INFO: Extracting primitive: Sphere.031
13:36:33 | INFO: Primitives created: 1
13:36:33 | INFO: Extracting primitive: Sphere.032
13:36:33 | INFO: Primitives created: 1
13:36:33 | INFO: Extracting primitive: Sphere.033
13:36:33 | INFO: Primitives created: 1
13:36:33 | INFO: Extracting primitive: Sphere.034
13:36:33 | INFO: Primitives created: 1
13:36:33 | INFO: Extracting primitive: Sphere.043
13:36:33 | INFO: Primitives created: 1
13:36:33 | INFO: Extracting primitive: Sphere.045
13:36:33 | INFO: Primitives created: 1
13:36:33 | INFO: Extracting primitive: Sphere.046
13:36:33 | INFO: Primitives created: 1
13:36:33 | INFO: Extracting primitive: Sphere.047
13:36:33 | INFO: Primitives created: 1
13:36:33 | INFO: Extracting primitive: Sphere.048
13:36:33 | INFO: Primitives created: 1
13:36:33 | INFO: Extracting primitive: Sphere.044
13:36:33 | INFO: Primitives created: 1
13:36:33 | INFO: Extracting primitive: Sphere.049
13:36:33 | INFO: Primitives created: 1
13:36:33 | INFO: Extracting primitive: Sphere.037
13:36:33 | INFO: Primitives created: 1
13:36:33 | INFO: Extracting primitive: Sphere.038
13:36:33 | INFO: Primitives created: 1
13:36:33 | INFO: Extracting primitive: Sphere.039
13:36:33 | INFO: Primitives created: 1
13:36:33 | INFO: Extracting primitive: Sphere.040
13:36:33 | INFO: Primitives created: 1
13:36:33 | INFO: Extracting primitive: Sphere.041
13:36:33 | INFO: Primitives created: 1
13:36:33 | INFO: Extracting primitive: Sphere.042
13:36:33 | INFO: Primitives created: 1
13:36:33 | INFO: Extracting primitive: Sphere.009
13:36:33 | INFO: Primitives created: 1
13:36:33 | INFO: Extracting primitive: Sphere.019
13:36:33 | INFO: Primitives created: 1
13:36:33 | INFO: Extracting primitive: Sphere.003
13:36:33 | INFO: Primitives created: 1
13:36:33 | INFO: Extracting primitive: Sphere.013
13:36:33 | INFO: Primitives created: 1
13:36:41 | INFO: Finished glTF 2.0 export in 7.651738166809082 s

COLLECTIBLE_DONE ember-vale male PRISMATIC_GRAY
Fra:0 Mem:51.57M (Peak 51.58M) | Time:00:00.02 | Mem:0.00M, Peak:0.00M | Scene, ViewLayer | Synchronizing object | Articulated compact torso
Fra:0 Mem:51.59M (Peak 51.59M) | Time:00:00.02 | Mem:0.00M, Peak:0.00M | Scene, ViewLayer | Synchronizing object | Finger L 0
Fra:0 Mem:51.62M (Peak 51.62M) | Time:00:00.02 | Mem:0.00M, Peak:0.00M | Scene, ViewLayer | Synchronizing object | Finger L 1
Fra:0 Mem:51.69M (Peak 51.69M) | Time:00:00.02 | Mem:0.00M, Peak:0.00M | Scene, ViewLayer | Synchronizing object | Finger L 2
Fra:0 Mem:51.72M (Peak 51.72M) | Time:00:00.02 | Mem:0.00M, Peak:0.00M | Scene, ViewLayer | Synchronizing object | Shin L
Fra:0 Mem:51.80M (Peak 51.80M) | Time:00:00.02 | Mem:0.00M, Peak:0.00M | Scene, ViewLayer | Synchronizing object | Boot L
Fra:0 Mem:51.82M (Peak 51.82M) | Time:00:00.02 | Mem:0.00M, Peak:0.00M | Scene, ViewLayer | Synchronizing object | Identity signal
Fra:0 Mem:51.85M (Peak 51.85M) | Time:00:00.02 | Mem:0.00M, Peak:0.00M | Scene, ViewLayer | Synchronizing object | Finger R 0
Fra:0 Mem:51.94M (Peak 51.94M) | Time:00:00.02 | Mem:0.00M, Peak:0.00M | Scene, ViewLayer | Synchronizing object | Finger R 1
Fra:0 Mem:51.99M (Peak 51.99M) | Time:00:00.02 | Mem:0.00M, Peak:0.00M | Scene, ViewLayer | Synchronizing object | Finger R 2
Fra:0 Mem:52.01M (Peak 52.01M) | Time:00:00.02 | Mem:0.00M, Peak:0.00M | Scene, ViewLayer | Synchronizing object | Boot R
Fra:0 Mem:52.04M (Peak 52.04M) | Time:00:00.02 | Mem:0.00M, Peak:0.00M | Scene, ViewLayer | Synchronizing object | Control mask
Fra:0 Mem:52.04M (Peak 52.05M) | Time:00:00.02 | Mem:0.00M, Peak:0.00M | Scene, ViewLayer | Synchronizing object | Hair cap
Fra:0 Mem:52.11M (Peak 52.11M) | Time:00:00.02 | Mem:0.00M, Peak:0.00M | Scene, ViewLayer | Synchronizing object | Eye almond.001
Fra:0 Mem:52.16M (Peak 52.16M) | Time:00:00.02 | Mem:0.00M, Peak:0.00M | Scene, ViewLayer | Synchronizing object | Iris.001
Fra:0 Mem:52.18M (Peak 52.18M) | Time:00:00.02 | Mem:0.00M, Peak:0.00M | Scene, ViewLayer | Synchronizing object | Pupil.001
Fra:0 Mem:52.20M (Peak 52.20M) | Time:00:00.02 | Mem:0.00M, Peak:0.00M | Scene, ViewLayer | Synchronizing object | Brow
Fra:0 Mem:52.23M (Peak 52.23M) | Time:00:00.02 | Mem:0.00M, Peak:0.00M | Scene, ViewLayer | Synchronizing object | Thermal seam.005
Fra:0 Mem:52.25M (Peak 52.26M) | Time:00:00.02 | Mem:0.00M, Peak:0.00M | Scene, ViewLayer | Synchronizing object | Ear.001
Fra:0 Mem:52.28M (Peak 52.28M) | Time:00:00.02 | Mem:0.00M, Peak:0.00M | Scene, ViewLayer | Synchronizing object | Eye almond
Fra:0 Mem:52.30M (Peak 52.30M) | Time:00:00.02 | Mem:0.00M, Peak:0.00M | Scene, ViewLayer | Synchronizing object | Pupil
Fra:0 Mem:52.33M (Peak 52.33M) | Time:00:00.02 | Mem:0.00M, Peak:0.00M | Scene, ViewLayer | Synchronizing object | Eye glint
Fra:0 Mem:52.37M (Peak 52.37M) | Time:00:00.02 | Mem:0.00M, Peak:0.00M | Scene, ViewLayer | Synchronizing object | Brow.001
Fra:0 Mem:52.39M (Peak 52.39M) | Time:00:00.02 | Mem:0.00M, Peak:0.00M | Scene, ViewLayer | Synchronizing object | Ear
Fra:0 Mem:52.41M (Peak 52.41M) | Time:00:00.02 | Mem:0.00M, Peak:0.00M | Scene, ViewLayer | Synchronizing object | Hair flame0
Fra:0 Mem:52.51M (Peak 52.51M) | Time:00:00.02 | Mem:0.00M, Peak:0.00M | Scene, ViewLayer | Synchronizing object | Thermal seam.004
Fra:0 Mem:52.57M (Peak 52.57M) | Time:00:00.02 | Mem:0.00M, Peak:0.00M | Scene, ViewLayer | Synchronizing object | Hair flame2
Fra:0 Mem:52.56M (Peak 52.57M) | Time:00:00.02 | Mem:0.00M, Peak:0.00M | Scene, ViewLayer | Synchronizing object | Back crest
Fra:0 Mem:52.56M (Peak 52.58M) | Time:00:00.02 | Mem:0.00M, Peak:0.00M | Scene, ViewLayer | Synchronizing object | Ignition gauntlet
Fra:0 Mem:52.56M (Peak 52.58M) | Time:00:00.02 | Mem:0.00M, Peak:0.00M | Scene, ViewLayer | Synchronizing object | Thermal seam
Fra:0 Mem:52.56M (Peak 52.58M) | Time:00:00.02 | Mem:0.00M, Peak:0.00M | Scene, ViewLayer | Synchronizing object | Thermal seam.001
Fra:0 Mem:52.59M (Peak 52.59M) | Time:00:00.02 | Mem:0.00M, Peak:0.00M | Scene, ViewLayer | Synchronizing object | Thermal seam.002
Fra:0 Mem:52.59M (Peak 52.60M) | Time:00:00.02 | Mem:0.00M, Peak:0.00M | Scene, ViewLayer | Synchronizing object | Ignition gauntlet.001
Fra:0 Mem:52.86M (Peak 52.87M) | Time:00:00.02 | Mem:0.00M, Peak:0.00M | Scene, ViewLayer | Initializing
Fra:0 Mem:37.93M (Peak 52.87M) | Time:00:00.02 | Mem:0.00M, Peak:0.00M | Scene, ViewLayer | Waiting for render to start
Fra:0 Mem:37.93M (Peak 52.87M) | Time:00:00.02 | Mem:0.00M, Peak:0.00M | Scene, ViewLayer | Loading render kernels (may take a few minutes the first time)
Fra:0 Mem:37.93M (Peak 52.87M) | Time:00:00.02 | Mem:0.00M, Peak:0.00M | Scene, ViewLayer | Updating Scene
Fra:0 Mem:37.93M (Peak 52.87M) | Time:00:00.02 | Mem:0.00M, Peak:0.00M | Scene, ViewLayer | Updating Shaders
Fra:0 Mem:38.19M (Peak 52.87M) | Time:00:00.02 | Mem:0.00M, Peak:0.00M | Scene, ViewLayer | Updating Procedurals
Fra:0 Mem:38.19M (Peak 52.87M) | Time:00:00.02 | Mem:0.00M, Peak:0.00M | Scene, ViewLayer | Updating Background
Fra:0 Mem:38.19M (Peak 52.87M) | Time:00:00.02 | Mem:0.00M, Peak:0.00M | Scene, ViewLayer | Updating Camera
Fra:0 Mem:38.19M (Peak 52.87M) | Time:00:00.02 | Mem:0.00M, Peak:0.00M | Scene, ViewLayer | Updating Meshes Flags
Fra:0 Mem:38.19M (Peak 52.87M) | Time:00:00.02 | Mem:0.00M, Peak:0.00M | Scene, ViewLayer | Updating Objects
Fra:0 Mem:38.19M (Peak 52.87M) | Time:00:00.02 | Mem:0.00M, Peak:0.00M | Scene, ViewLayer | Updating Objects | Copying Transformations to device
Fra:0 Mem:38.20M (Peak 52.87M) | Time:00:00.02 | Mem:0.02M, Peak:0.02M | Scene, ViewLayer | Updating Objects | Applying Static Transformations
Fra:0 Mem:38.20M (Peak 52.87M) | Time:00:00.02 | Mem:0.02M, Peak:0.02M | Scene, ViewLayer | Updating Particle Systems
Fra:0 Mem:38.20M (Peak 52.87M) | Time:00:00.02 | Mem:0.02M, Peak:0.02M | Scene, ViewLayer | Updating Particle Systems | Copying Particles to device
Fra:0 Mem:38.20M (Peak 52.87M) | Time:00:00.02 | Mem:0.02M, Peak:0.02M | Scene, ViewLayer | Updating Meshes
Fra:0 Mem:38.55M (Peak 52.87M) | Time:00:00.02 | Mem:0.02M, Peak:0.02M | Scene, ViewLayer | Updating Mesh | Computing attributes
Fra:0 Mem:38.70M (Peak 52.87M) | Time:00:00.02 | Mem:0.02M, Peak:0.02M | Scene, ViewLayer | Updating Mesh | Copying Attributes to device
Fra:0 Mem:38.69M (Peak 52.87M) | Time:00:00.02 | Mem:0.15M, Peak:0.15M | Scene, ViewLayer | Updating Scene BVH | Building
Fra:0 Mem:38.69M (Peak 52.87M) | Time:00:00.02 | Mem:0.15M, Peak:0.15M | Scene, ViewLayer | Updating Scene BVH | Building BVH
Fra:0 Mem:38.69M (Peak 52.87M) | Time:00:00.02 | Mem:1.56M, Peak:1.56M | Scene, ViewLayer | Updating Scene BVH | Building BVH 0%
Fra:0 Mem:38.69M (Peak 52.87M) | Time:00:00.02 | Mem:2.12M, Peak:3.12M | Scene, ViewLayer | Updating Scene BVH | Copying BVH to device
Fra:0 Mem:38.69M (Peak 52.87M) | Time:00:00.02 | Mem:2.12M, Peak:3.12M | Scene, ViewLayer | Updating Mesh | Computing normals
Fra:0 Mem:40.25M (Peak 52.87M) | Time:00:00.02 | Mem:2.12M, Peak:3.12M | Scene, ViewLayer | Updating Mesh | Copying Mesh to device
Fra:0 Mem:40.25M (Peak 52.87M) | Time:00:00.02 | Mem:3.68M, Peak:3.68M | Scene, ViewLayer | Updating Objects Flags
Fra:0 Mem:40.25M (Peak 52.87M) | Time:00:00.02 | Mem:3.68M, Peak:3.68M | Scene, ViewLayer | Updating Primitive Offsets
Fra:0 Mem:40.25M (Peak 52.87M) | Time:00:00.02 | Mem:3.68M, Peak:3.68M | Scene, ViewLayer | Updating Images
Fra:0 Mem:40.25M (Peak 52.87M) | Time:00:00.02 | Mem:3.68M, Peak:3.68M | Scene, ViewLayer | Updating Camera Volume
Fra:0 Mem:40.25M (Peak 52.87M) | Time:00:00.02 | Mem:3.68M, Peak:3.68M | Scene, ViewLayer | Updating Lookup Tables
Fra:0 Mem:40.25M (Peak 52.87M) | Time:00:00.02 | Mem:3.93M, Peak:3.93M | Scene, ViewLayer | Updating Lights
Fra:0 Mem:40.25M (Peak 52.87M) | Time:00:00.02 | Mem:3.93M, Peak:3.93M | Scene, ViewLayer | Updating Lights | Computing distribution
Fra:0 Mem:40.33M (Peak 52.87M) | Time:00:00.02 | Mem:4.01M, Peak:4.01M | Scene, ViewLayer | Updating Integrator
Fra:0 Mem:40.34M (Peak 52.87M) | Time:00:00.02 | Mem:4.02M, Peak:4.02M | Scene, ViewLayer | Updating Film
Fra:0 Mem:40.34M (Peak 52.87M) | Time:00:00.02 | Mem:3.77M, Peak:4.02M | Scene, ViewLayer | Updating Lookup Tables
Fra:0 Mem:40.34M (Peak 52.87M) | Time:00:00.02 | Mem:4.02M, Peak:4.02M | Scene, ViewLayer | Updating Baking
Fra:0 Mem:40.34M (Peak 52.87M) | Time:00:00.02 | Mem:4.02M, Peak:4.02M | Scene, ViewLayer | Updating Device | Writing constant memory
Fra:0 Mem:40.34M (Peak 52.87M) | Time:00:00.02 | Mem:4.02M, Peak:4.02M | Scene, ViewLayer | Sample 0/16
Fra:0 Mem:57.07M (Peak 57.07M) | Time:00:00.04 | Remaining:00:00.25 | Mem:20.72M, Peak:20.72M | Scene, ViewLayer | Sample 1/16
Fra:0 Mem:64.10M (Peak 74.65M) | Time:00:00.48 | Mem:20.72M, Peak:20.72M | Scene, ViewLayer | Sample 16/16
Fra:0 Mem:64.10M (Peak 74.65M) | Time:00:00.48 | Mem:20.72M, Peak:20.72M | Scene, ViewLayer | Finished
Saved: '/Users/gunnchos/Downloads/gunnchos-7gc-research-product-spine/repos/_anime_v1_closure/artifacts/v1_closure/review/renders/ember-vale/male/BLACK_PUPPET/front.png'
 Time: 00:00.50 (Saving: 00:00.01)

13:36:42 | INFO: Draco mesh compression is available, use library at /Applications/Blender.app/Contents/Resources/3.3/python/lib/python3.10/site-packages/libextern_draco.dylib
13:36:42 | INFO: Starting glTF 2.0 export
13:36:42 | INFO: Extracting primitive: Sphere
13:36:42 | INFO: Primitives created: 1
13:36:42 | INFO: Extracting primitive: Cone.005
13:36:42 | INFO: Primitives created: 1
13:36:42 | INFO: Extracting primitive: Sphere.011
13:36:42 | INFO: Primitives created: 1
13:36:42 | INFO: Extracting primitive: Sphere.021
13:36:42 | INFO: Primitives created: 1
13:36:42 | INFO: Extracting primitive: Sphere.012
13:36:42 | INFO: Primitives created: 1
13:36:42 | INFO: Extracting primitive: Sphere.022
13:36:42 | INFO: Primitives created: 1
13:36:42 | INFO: Extracting primitive: Brow
13:36:42 | INFO: Primitives created: 1
13:36:42 | INFO: Extracting primitive: Brow.001
13:36:42 | INFO: Primitives created: 1
13:36:42 | INFO: Extracting primitive: Sphere.002
13:36:42 | INFO: Primitives created: 1
13:36:42 | INFO: Extracting primitive: Sphere.050
13:36:42 | INFO: Primitives created: 1
13:36:42 | INFO: Extracting primitive: Sphere.029
13:36:42 | INFO: Primitives created: 1
13:36:42 | INFO: Extracting primitive: Sphere.025
13:36:42 | INFO: Primitives created: 1
13:36:42 | INFO: Extracting primitive: Sphere.028
13:36:42 | INFO: Primitives created: 1
13:36:42 | INFO: Extracting primitive: Sphere.023
13:36:42 | INFO: Primitives created: 1
13:36:42 | INFO: Extracting primitive: Sphere.006
13:36:42 | INFO: Primitives created: 1
13:36:42 | INFO: Extracting primitive: Sphere.007
13:36:42 | INFO: Primitives created: 1
13:36:42 | INFO: Extracting primitive: Sphere.008
13:36:42 | INFO: Primitives created: 1
13:36:42 | INFO: Extracting primitive: Sphere.016
13:36:42 | INFO: Primitives created: 1
13:36:42 | INFO: Extracting primitive: Sphere.017
13:36:42 | INFO: Primitives created: 1
13:36:42 | INFO: Extracting primitive: Sphere.018
13:36:42 | INFO: Primitives created: 1
13:36:42 | INFO: Extracting primitive: Sphere.004
13:36:42 | INFO: Primitives created: 1
13:36:42 | INFO: Extracting primitive: Sphere.014
13:36:42 | INFO: Primitives created: 1
13:36:42 | INFO: Extracting primitive: Sphere.036
13:36:42 | INFO: Primitives created: 1
13:36:42 | INFO: Extracting primitive: Sphere.024
13:36:42 | INFO: Primitives created: 1
13:36:42 | INFO: Extracting primitive: Cone
13:36:42 | INFO: Primitives created: 1
13:36:42 | INFO: Extracting primitive: Cone.001
13:36:42 | INFO: Primitives created: 1
13:36:42 | INFO: Extracting primitive: Cone.002
13:36:42 | INFO: Primitives created: 1
13:36:42 | INFO: Extracting primitive: Cone.003
13:36:42 | INFO: Primitives created: 1
13:36:42 | INFO: Extracting primitive: Cone.004
13:36:42 | INFO: Primitives created: 1
13:36:42 | INFO: Extracting primitive: Sphere.001
13:36:42 | INFO: Primitives created: 1
13:36:42 | INFO: Extracting primitive: Sphere.051
13:36:42 | INFO: Primitives created: 1
13:36:42 | INFO: Extracting primitive: Ignition gauntlet
13:36:42 | INFO: Primitives created: 1
13:36:42 | INFO: Extracting primitive: Ignition gauntlet.001
13:36:42 | INFO: Primitives created: 1
13:36:42 | INFO: Extracting primitive: Sphere.026
13:36:42 | INFO: Primitives created: 1
13:36:42 | INFO: Extracting primitive: Mouth
13:36:42 | INFO: Primitives created: 1
13:36:42 | INFO: Extracting primitive: Sphere.035
13:36:42 | INFO: Primitives created: 1
13:36:42 | INFO: Extracting primitive: Sphere.005
13:36:42 | INFO: Primitives created: 1
13:36:42 | INFO: Extracting primitive: Sphere.015
13:36:42 | INFO: Primitives created: 1
13:36:42 | INFO: Extracting primitive: Sphere.027
13:36:42 | INFO: Primitives created: 1
13:36:42 | INFO: Extracting primitive: Sphere.010
13:36:42 | INFO: Primitives created: 1
13:36:42 | INFO: Extracting primitive: Sphere.020
13:36:42 | INFO: Primitives created: 1
13:36:42 | INFO: Extracting primitive: Sphere.030
13:36:42 | INFO: Primitives created: 1
13:36:42 | INFO: Extracting primitive: Sphere.031
13:36:42 | INFO: Primitives created: 1
13:36:42 | INFO: Extracting primitive: Sphere.032
13:36:42 | INFO: Primitives created: 1
13:36:42 | INFO: Extracting primitive: Sphere.033
13:36:42 | INFO: Primitives created: 1
13:36:42 | INFO: Extracting primitive: Sphere.034
13:36:42 | INFO: Primitives created: 1
13:36:42 | INFO: Extracting primitive: Sphere.037
13:36:42 | INFO: Primitives created: 1
13:36:42 | INFO: Extracting primitive: Sphere.038
13:36:42 | INFO: Primitives created: 1
13:36:42 | INFO: Extracting primitive: Sphere.039
13:36:42 | INFO: Primitives created: 1
13:36:42 | INFO: Extracting primitive: Sphere.040
13:36:42 | INFO: Primitives created: 1
13:36:42 | INFO: Extracting primitive: Sphere.041
13:36:42 | INFO: Primitives created: 1
13:36:42 | INFO: Extracting primitive: Sphere.042
13:36:42 | INFO: Primitives created: 1
13:36:42 | INFO: Extracting primitive: Sphere.009
13:36:42 | INFO: Primitives created: 1
13:36:42 | INFO: Extracting primitive: Sphere.019
13:36:42 | INFO: Primitives created: 1
13:36:42 | INFO: Extracting primitive: Sphere.003
13:36:42 | INFO: Primitives created: 1
13:36:42 | INFO: Extracting primitive: Sphere.013
13:36:42 | INFO: Primitives created: 1
13:36:49 | INFO: Finished glTF 2.0 export in 7.597516059875488 s

COLLECTIBLE_DONE ember-vale male BLACK_PUPPET
Fra:0 Mem:51.71M (Peak 51.72M) | Time:00:00.02 | Mem:0.00M, Peak:0.00M | Scene, ViewLayer | Synchronizing object | Articulated compact torso
Fra:0 Mem:51.71M (Peak 51.72M) | Time:00:00.02 | Mem:0.00M, Peak:0.00M | Scene, ViewLayer | Synchronizing object | Forearm L
Fra:0 Mem:51.77M (Peak 51.77M) | Time:00:00.02 | Mem:0.00M, Peak:0.00M | Scene, ViewLayer | Synchronizing object | Finger L 0
Fra:0 Mem:51.77M (Peak 51.77M) | Time:00:00.02 | Mem:0.00M, Peak:0.00M | Scene, ViewLayer | Synchronizing object | Finger L 2
Fra:0 Mem:51.83M (Peak 51.83M) | Time:00:00.02 | Mem:0.00M, Peak:0.00M | Scene, ViewLayer | Synchronizing object | Thigh L
Fra:0 Mem:51.84M (Peak 51.84M) | Time:00:00.02 | Mem:0.00M, Peak:0.00M | Scene, ViewLayer | Synchronizing object | Shin L
Fra:0 Mem:51.87M (Peak 51.87M) | Time:00:00.02 | Mem:0.00M, Peak:0.00M | Scene, ViewLayer | Synchronizing object | Boot L
Fra:0 Mem:51.89M (Peak 51.89M) | Time:00:00.02 | Mem:0.00M, Peak:0.00M | Scene, ViewLayer | Synchronizing object | Boot toe L
Fra:0 Mem:51.95M (Peak 51.95M) | Time:00:00.02 | Mem:0.00M, Peak:0.00M | Scene, ViewLayer | Synchronizing object | Forearm R
Fra:0 Mem:51.99M (Peak 51.99M) | Time:00:00.02 | Mem:0.00M, Peak:0.00M | Scene, ViewLayer | Synchronizing object | Palm R
Fra:0 Mem:52.01M (Peak 52.01M) | Time:00:00.02 | Mem:0.00M, Peak:0.00M | Scene, ViewLayer | Synchronizing object | Finger R 0
Fra:0 Mem:52.03M (Peak 52.03M) | Time:00:00.02 | Mem:0.00M, Peak:0.00M | Scene, ViewLayer | Synchronizing object | Finger R 1
Fra:0 Mem:52.06M (Peak 52.06M) | Time:00:00.02 | Mem:0.00M, Peak:0.00M | Scene, ViewLayer | Synchronizing object | Finger R 2
Fra:0 Mem:52.09M (Peak 52.09M) | Time:00:00.02 | Mem:0.00M, Peak:0.00M | Scene, ViewLayer | Synchronizing object | Thigh R
Fra:0 Mem:52.11M (Peak 52.11M) | Time:00:00.02 | Mem:0.00M, Peak:0.00M | Scene, ViewLayer | Synchronizing object | Shin R
Fra:0 Mem:52.13M (Peak 52.13M) | Time:00:00.02 | Mem:0.00M, Peak:0.00M | Scene, ViewLayer | Synchronizing object | Boot R
Fra:0 Mem:52.14M (Peak 52.14M) | Time:00:00.02 | Mem:0.00M, Peak:0.00M | Scene, ViewLayer | Synchronizing object | Boot toe R
Fra:0 Mem:52.18M (Peak 52.18M) | Time:00:00.02 | Mem:0.00M, Peak:0.00M | Scene, ViewLayer | Synchronizing object | Face
Fra:0 Mem:52.20M (Peak 52.21M) | Time:00:00.02 | Mem:0.00M, Peak:0.00M | Scene, ViewLayer | Synchronizing object | Hair cap
Fra:0 Mem:52.23M (Peak 52.23M) | Time:00:00.02 | Mem:0.00M, Peak:0.00M | Scene, ViewLayer | Synchronizing object | Eye almond.001
Fra:0 Mem:52.25M (Peak 52.25M) | Time:00:00.02 | Mem:0.00M, Peak:0.00M | Scene, ViewLayer | Synchronizing object | Iris.001
Fra:0 Mem:52.28M (Peak 52.28M) | Time:00:00.02 | Mem:0.00M, Peak:0.00M | Scene, ViewLayer | Synchronizing object | Pupil.001
Fra:0 Mem:52.30M (Peak 52.30M) | Time:00:00.02 | Mem:0.00M, Peak:0.00M | Scene, ViewLayer | Synchronizing object | Eye glint.001
Fra:0 Mem:52.32M (Peak 52.32M) | Time:00:00.02 | Mem:0.00M, Peak:0.00M | Scene, ViewLayer | Synchronizing object | Control mask
Fra:0 Mem:52.34M (Peak 52.35M) | Time:00:00.02 | Mem:0.00M, Peak:0.00M | Scene, ViewLayer | Synchronizing object | Brow
Fra:0 Mem:52.37M (Peak 52.37M) | Time:00:00.02 | Mem:0.00M, Peak:0.00M | Scene, ViewLayer | Synchronizing object | Ear.001
Fra:0 Mem:52.38M (Peak 52.38M) | Time:00:00.02 | Mem:0.00M, Peak:0.00M | Scene, ViewLayer | Synchronizing object | Eye almond
Fra:0 Mem:52.42M (Peak 52.42M) | Time:00:00.02 | Mem:0.00M, Peak:0.00M | Scene, ViewLayer | Synchronizing object | Iris
Fra:0 Mem:52.43M (Peak 52.43M) | Time:00:00.02 | Mem:0.00M, Peak:0.00M | Scene, ViewLayer | Synchronizing object | Pupil
Fra:0 Mem:52.47M (Peak 52.47M) | Time:00:00.02 | Mem:0.00M, Peak:0.00M | Scene, ViewLayer | Synchronizing object | Eye glint
Fra:0 Mem:52.52M (Peak 52.52M) | Time:00:00.02 | Mem:0.00M, Peak:0.00M | Scene, ViewLayer | Synchronizing object | Thermal seam.005
Fra:0 Mem:52.55M (Peak 52.55M) | Time:00:00.02 | Mem:0.00M, Peak:0.00M | Scene, ViewLayer | Synchronizing object | Ear
Fra:0 Mem:52.56M (Peak 52.56M) | Time:00:00.02 | Mem:0.00M, Peak:0.00M | Scene, ViewLayer | Synchronizing object | Mouth
Fra:0 Mem:52.59M (Peak 52.59M) | Time:00:00.02 | Mem:0.00M, Peak:0.00M | Scene, ViewLayer | Synchronizing object | Hair flame0
Fra:0 Mem:52.61M (Peak 52.61M) | Time:00:00.02 | Mem:0.00M, Peak:0.00M | Scene, ViewLayer | Synchronizing object | Hair flame1
Fra:0 Mem:52.61M (Peak 52.62M) | Time:00:00.02 | Mem:0.00M, Peak:0.00M | Scene, ViewLayer | Synchronizing object | Hair flame3
Fra:0 Mem:52.63M (Peak 52.63M) | Time:00:00.02 | Mem:0.00M, Peak:0.00M | Scene, ViewLayer | Synchronizing object | Hair flame4
Fra:0 Mem:52.68M (Peak 52.68M) | Time:00:00.02 | Mem:0.00M, Peak:0.00M | Scene, ViewLayer | Synchronizing object | Back crest
Fra:0 Mem:52.69M (Peak 52.70M) | Time:00:00.02 | Mem:0.00M, Peak:0.00M | Scene, ViewLayer | Synchronizing object | Furnace heart
Fra:0 Mem:52.69M (Peak 52.70M) | Time:00:00.02 | Mem:0.00M, Peak:0.00M | Scene, ViewLayer | Synchronizing object | Thermal seam.004
Fra:0 Mem:52.71M (Peak 52.71M) | Time:00:00.02 | Mem:0.00M, Peak:0.00M | Scene, ViewLayer | Synchronizing object | Thermal seam.002
Fra:0 Mem:52.73M (Peak 52.73M) | Time:00:00.02 | Mem:0.00M, Peak:0.00M | Scene, ViewLayer | Synchronizing object | Ignition gauntlet.001
Fra:0 Mem:52.76M (Peak 52.76M) | Time:00:00.02 | Mem:0.00M, Peak:0.00M | Scene, ViewLayer | Synchronizing object | Thermal seam.003
Fra:0 Mem:53.00M (Peak 53.01M) | Time:00:00.02 | Mem:0.00M, Peak:0.00M | Scene, ViewLayer | Initializing
Fra:0 Mem:38.07M (Peak 53.01M) | Time:00:00.02 | Mem:0.00M, Peak:0.00M | Scene, ViewLayer | Waiting for render to start
Fra:0 Mem:38.07M (Peak 53.01M) | Time:00:00.02 | Mem:0.00M, Peak:0.00M | Scene, ViewLayer | Loading render kernels (may take a few minutes the first time)
Fra:0 Mem:38.07M (Peak 53.01M) | Time:00:00.02 | Mem:0.00M, Peak:0.00M | Scene, ViewLayer | Updating Scene
Fra:0 Mem:38.07M (Peak 53.01M) | Time:00:00.02 | Mem:0.00M, Peak:0.00M | Scene, ViewLayer | Updating Shaders
Fra:0 Mem:38.33M (Peak 53.01M) | Time:00:00.02 | Mem:0.00M, Peak:0.00M | Scene, ViewLayer | Updating Procedurals
Fra:0 Mem:38.33M (Peak 53.01M) | Time:00:00.02 | Mem:0.00M, Peak:0.00M | Scene, ViewLayer | Updating Background
Fra:0 Mem:38.33M (Peak 53.01M) | Time:00:00.02 | Mem:0.00M, Peak:0.00M | Scene, ViewLayer | Updating Camera
Fra:0 Mem:38.33M (Peak 53.01M) | Time:00:00.02 | Mem:0.00M, Peak:0.00M | Scene, ViewLayer | Updating Meshes Flags
Fra:0 Mem:38.33M (Peak 53.01M) | Time:00:00.02 | Mem:0.00M, Peak:0.00M | Scene, ViewLayer | Updating Objects
Fra:0 Mem:38.33M (Peak 53.01M) | Time:00:00.02 | Mem:0.00M, Peak:0.00M | Scene, ViewLayer | Updating Objects | Copying Transformations to device
Fra:0 Mem:38.34M (Peak 53.01M) | Time:00:00.02 | Mem:0.02M, Peak:0.02M | Scene, ViewLayer | Updating Objects | Applying Static Transformations
Fra:0 Mem:38.34M (Peak 53.01M) | Time:00:00.02 | Mem:0.02M, Peak:0.02M | Scene, ViewLayer | Updating Particle Systems
Fra:0 Mem:38.34M (Peak 53.01M) | Time:00:00.02 | Mem:0.02M, Peak:0.02M | Scene, ViewLayer | Updating Particle Systems | Copying Particles to device
Fra:0 Mem:38.34M (Peak 53.01M) | Time:00:00.02 | Mem:0.02M, Peak:0.02M | Scene, ViewLayer | Updating Meshes
Fra:0 Mem:38.70M (Peak 53.01M) | Time:00:00.02 | Mem:0.02M, Peak:0.02M | Scene, ViewLayer | Updating Mesh | Computing attributes
Fra:0 Mem:38.84M (Peak 53.01M) | Time:00:00.02 | Mem:0.02M, Peak:0.02M | Scene, ViewLayer | Updating Mesh | Copying Attributes to device
Fra:0 Mem:38.83M (Peak 53.01M) | Time:00:00.02 | Mem:0.15M, Peak:0.15M | Scene, ViewLayer | Updating Scene BVH | Building
Fra:0 Mem:38.84M (Peak 53.01M) | Time:00:00.02 | Mem:0.15M, Peak:0.15M | Scene, ViewLayer | Updating Scene BVH | Building BVH
Fra:0 Mem:38.84M (Peak 53.01M) | Time:00:00.02 | Mem:1.56M, Peak:1.56M | Scene, ViewLayer | Updating Scene BVH | Building BVH 0%
Fra:0 Mem:38.84M (Peak 53.01M) | Time:00:00.02 | Mem:2.12M, Peak:3.12M | Scene, ViewLayer | Updating Scene BVH | Copying BVH to device
Fra:0 Mem:38.84M (Peak 53.01M) | Time:00:00.02 | Mem:2.12M, Peak:3.12M | Scene, ViewLayer | Updating Mesh | Computing normals
Fra:0 Mem:40.39M (Peak 53.01M) | Time:00:00.02 | Mem:2.12M, Peak:3.12M | Scene, ViewLayer | Updating Mesh | Copying Mesh to device
Fra:0 Mem:40.39M (Peak 53.01M) | Time:00:00.02 | Mem:3.68M, Peak:3.68M | Scene, ViewLayer | Updating Objects Flags
Fra:0 Mem:40.39M (Peak 53.01M) | Time:00:00.02 | Mem:3.68M, Peak:3.68M | Scene, ViewLayer | Updating Primitive Offsets
Fra:0 Mem:40.39M (Peak 53.01M) | Time:00:00.02 | Mem:3.68M, Peak:3.68M | Scene, ViewLayer | Updating Images
Fra:0 Mem:40.39M (Peak 53.01M) | Time:00:00.02 | Mem:3.68M, Peak:3.68M | Scene, ViewLayer | Updating Camera Volume
Fra:0 Mem:40.39M (Peak 53.01M) | Time:00:00.02 | Mem:3.68M, Peak:3.68M | Scene, ViewLayer | Updating Lookup Tables
Fra:0 Mem:40.39M (Peak 53.01M) | Time:00:00.02 | Mem:3.93M, Peak:3.93M | Scene, ViewLayer | Updating Lights
Fra:0 Mem:40.39M (Peak 53.01M) | Time:00:00.02 | Mem:3.93M, Peak:3.93M | Scene, ViewLayer | Updating Lights | Computing distribution
Fra:0 Mem:40.48M (Peak 53.01M) | Time:00:00.02 | Mem:4.01M, Peak:4.01M | Scene, ViewLayer | Updating Integrator
Fra:0 Mem:40.48M (Peak 53.01M) | Time:00:00.02 | Mem:4.02M, Peak:4.02M | Scene, ViewLayer | Updating Film
Fra:0 Mem:40.49M (Peak 53.01M) | Time:00:00.02 | Mem:3.77M, Peak:4.02M | Scene, ViewLayer | Updating Lookup Tables
Fra:0 Mem:40.49M (Peak 53.01M) | Time:00:00.02 | Mem:4.02M, Peak:4.02M | Scene, ViewLayer | Updating Baking
Fra:0 Mem:40.49M (Peak 53.01M) | Time:00:00.02 | Mem:4.02M, Peak:4.02M | Scene, ViewLayer | Updating Device | Writing constant memory
Fra:0 Mem:40.49M (Peak 53.01M) | Time:00:00.02 | Mem:4.02M, Peak:4.02M | Scene, ViewLayer | Sample 0/16
Fra:0 Mem:57.21M (Peak 57.21M) | Time:00:00.04 | Remaining:00:00.26 | Mem:20.72M, Peak:20.72M | Scene, ViewLayer | Sample 1/16
Fra:0 Mem:64.24M (Peak 74.79M) | Time:00:00.50 | Mem:20.72M, Peak:20.72M | Scene, ViewLayer | Sample 16/16
Fra:0 Mem:64.24M (Peak 74.79M) | Time:00:00.50 | Mem:20.72M, Peak:20.72M | Scene, ViewLayer | Finished
Saved: '/Users/gunnchos/Downloads/gunnchos-7gc-research-product-spine/repos/_anime_v1_closure/artifacts/v1_closure/review/renders/ember-vale/male/WHITE_PUPPET/front.png'
 Time: 00:00.52 (Saving: 00:00.01)

13:36:50 | INFO: Draco mesh compression is available, use library at /Applications/Blender.app/Contents/Resources/3.3/python/lib/python3.10/site-packages/libextern_draco.dylib
13:36:50 | INFO: Starting glTF 2.0 export
13:36:50 | INFO: Extracting primitive: Sphere
13:36:50 | INFO: Primitives created: 1
13:36:50 | INFO: Extracting primitive: Cone.005
13:36:50 | INFO: Primitives created: 1
13:36:50 | INFO: Extracting primitive: Sphere.011
13:36:50 | INFO: Primitives created: 1
13:36:50 | INFO: Extracting primitive: Sphere.021
13:36:50 | INFO: Primitives created: 1
13:36:50 | INFO: Extracting primitive: Sphere.012
13:36:50 | INFO: Primitives created: 1
13:36:50 | INFO: Extracting primitive: Sphere.022
13:36:50 | INFO: Primitives created: 1
13:36:50 | INFO: Extracting primitive: Brow
13:36:50 | INFO: Primitives created: 1
13:36:50 | INFO: Extracting primitive: Brow.001
13:36:50 | INFO: Primitives created: 1
13:36:50 | INFO: Extracting primitive: Sphere.002
13:36:50 | INFO: Primitives created: 1
13:36:50 | INFO: Extracting primitive: Sphere.052
13:36:50 | INFO: Primitives created: 1
13:36:50 | INFO: Extracting primitive: Sphere.029
13:36:50 | INFO: Primitives created: 1
13:36:50 | INFO: Extracting primitive: Sphere.025
13:36:50 | INFO: Primitives created: 1
13:36:50 | INFO: Extracting primitive: Sphere.028
13:36:50 | INFO: Primitives created: 1
13:36:50 | INFO: Extracting primitive: Sphere.023
13:36:50 | INFO: Primitives created: 1
13:36:50 | INFO: Extracting primitive: Sphere.006
13:36:50 | INFO: Primitives created: 1
13:36:50 | INFO: Extracting primitive: Sphere.007
13:36:50 | INFO: Primitives created: 1
13:36:50 | INFO: Extracting primitive: Sphere.008
13:36:50 | INFO: Primitives created: 1
13:36:50 | INFO: Extracting primitive: Sphere.016
13:36:50 | INFO: Primitives created: 1
13:36:50 | INFO: Extracting primitive: Sphere.017
13:36:50 | INFO: Primitives created: 1
13:36:50 | INFO: Extracting primitive: Sphere.018
13:36:50 | INFO: Primitives created: 1
13:36:50 | INFO: Extracting primitive: Sphere.004
13:36:50 | INFO: Primitives created: 1
13:36:50 | INFO: Extracting primitive: Sphere.014
13:36:50 | INFO: Primitives created: 1
13:36:50 | INFO: Extracting primitive: Sphere.036
13:36:50 | INFO: Primitives created: 1
13:36:50 | INFO: Extracting primitive: Sphere.024
13:36:50 | INFO: Primitives created: 1
13:36:50 | INFO: Extracting primitive: Cone
13:36:50 | INFO: Primitives created: 1
13:36:50 | INFO: Extracting primitive: Cone.001
13:36:50 | INFO: Primitives created: 1
13:36:50 | INFO: Extracting primitive: Cone.002
13:36:50 | INFO: Primitives created: 1
13:36:50 | INFO: Extracting primitive: Cone.003
13:36:50 | INFO: Primitives created: 1
13:36:50 | INFO: Extracting primitive: Cone.004
13:36:50 | INFO: Primitives created: 1
13:36:50 | INFO: Extracting primitive: Sphere.001
13:36:50 | INFO: Primitives created: 1
13:36:50 | INFO: Extracting primitive: Sphere.053
13:36:50 | INFO: Primitives created: 1
13:36:50 | INFO: Extracting primitive: Ignition gauntlet
13:36:50 | INFO: Primitives created: 1
13:36:50 | INFO: Extracting primitive: Ignition gauntlet.001
13:36:50 | INFO: Primitives created: 1
13:36:50 | INFO: Extracting primitive: Sphere.026
13:36:50 | INFO: Primitives created: 1
13:36:50 | INFO: Extracting primitive: Mouth
13:36:50 | INFO: Primitives created: 1
13:36:50 | INFO: Extracting primitive: Sphere.035
13:36:50 | INFO: Primitives created: 1
13:36:50 | INFO: Extracting primitive: Sphere.005
13:36:50 | INFO: Primitives created: 1
13:36:50 | INFO: Extracting primitive: Sphere.015
13:36:50 | INFO: Primitives created: 1
13:36:50 | INFO: Extracting primitive: Sphere.027
13:36:50 | INFO: Primitives created: 1
13:36:50 | INFO: Extracting primitive: Sphere.010
13:36:50 | INFO: Primitives created: 1
13:36:50 | INFO: Extracting primitive: Sphere.020
13:36:50 | INFO: Primitives created: 1
13:36:50 | INFO: Extracting primitive: Sphere.030
13:36:50 | INFO: Primitives created: 1
13:36:50 | INFO: Extracting primitive: Sphere.031
13:36:50 | INFO: Primitives created: 1
13:36:50 | INFO: Extracting primitive: Sphere.032
13:36:50 | INFO: Primitives created: 1
13:36:50 | INFO: Extracting primitive: Sphere.033
13:36:50 | INFO: Primitives created: 1
13:36:50 | INFO: Extracting primitive: Sphere.034
13:36:50 | INFO: Primitives created: 1
13:36:50 | INFO: Extracting primitive: Sphere.037
13:36:50 | INFO: Primitives created: 1
13:36:50 | INFO: Extracting primitive: Sphere.038
13:36:50 | INFO: Primitives created: 1
13:36:50 | INFO: Extracting primitive: Sphere.039
13:36:50 | INFO: Primitives created: 1
13:36:50 | INFO: Extracting primitive: Sphere.040
13:36:50 | INFO: Primitives created: 1
13:36:50 | INFO: Extracting primitive: Sphere.041
13:36:50 | INFO: Primitives created: 1
13:36:50 | INFO: Extracting primitive: Sphere.042
13:36:50 | INFO: Primitives created: 1
13:36:50 | INFO: Extracting primitive: Sphere.009
13:36:50 | INFO: Primitives created: 1
13:36:50 | INFO: Extracting primitive: Sphere.019
13:36:50 | INFO: Primitives created: 1
13:36:50 | INFO: Extracting primitive: Sphere.003
13:36:50 | INFO: Primitives created: 1
13:36:50 | INFO: Extracting primitive: Sphere.013
13:36:50 | INFO: Primitives created: 1
13:36:57 | INFO: Finished glTF 2.0 export in 7.516045093536377 s

COLLECTIBLE_DONE ember-vale male WHITE_PUPPET
COLLECTIBLES_COMPLETE 4

Blender quit
