Godot Engine v4.7.1.stable.official.a13da4feb - https://godotengine.org

ERROR: Condition "ret != noErr" is true. Returning: ""
   at: get_system_ca_certificates (platform/macos/os_macos.mm:1035)
MODEL_CHECK ember-vale male BASE clips=186
MODEL_CHECK ember-vale male PRISMATIC_GRAY clips=186
MODEL_CHECK ember-vale male BLACK_PUPPET clips=186
MODEL_CHECK ember-vale male WHITE_PUPPET clips=186
MODEL_CHECK ember-vale female BASE clips=187
MODEL_CHECK ember-vale female PRISMATIC_GRAY clips=187
MODEL_CHECK ember-vale female BLACK_PUPPET clips=187
MODEL_CHECK ember-vale female WHITE_PUPPET clips=187
MODEL_CHECK rook-ironside male BASE clips=186
MODEL_CHECK rook-ironside male PRISMATIC_GRAY clips=186
MODEL_CHECK rook-ironside male BLACK_PUPPET clips=186
MODEL_CHECK rook-ironside male WHITE_PUPPET clips=186
MODEL_CHECK rook-ironside female BASE clips=187
MODEL_CHECK rook-ironside female PRISMATIC_GRAY clips=187
MODEL_CHECK rook-ironside female BLACK_PUPPET clips=187
MODEL_CHECK rook-ironside female WHITE_PUPPET clips=187
MODEL_CHECK juno-spark male BASE clips=186
MODEL_CHECK juno-spark male PRISMATIC_GRAY clips=186
MODEL_CHECK juno-spark male BLACK_PUPPET clips=186
MODEL_CHECK juno-spark male WHITE_PUPPET clips=186
MODEL_CHECK juno-spark female BASE clips=186
MODEL_CHECK juno-spark female PRISMATIC_GRAY clips=186
MODEL_CHECK juno-spark female BLACK_PUPPET clips=186
MODEL_CHECK juno-spark female WHITE_PUPPET clips=186
MODEL_CHECK kaia-windrow male BASE clips=185
MODEL_CHECK kaia-windrow male PRISMATIC_GRAY clips=185
MODEL_CHECK kaia-windrow male BLACK_PUPPET clips=185
MODEL_CHECK kaia-windrow male WHITE_PUPPET clips=185
MODEL_CHECK kaia-windrow female BASE clips=184
MODEL_CHECK kaia-windrow female PRISMATIC_GRAY clips=184
MODEL_CHECK kaia-windrow female BLACK_PUPPET clips=184
MODEL_CHECK kaia-windrow female WHITE_PUPPET clips=184
MODEL_CHECK nix-calder male BASE clips=185
MODEL_CHECK nix-calder male PRISMATIC_GRAY clips=185
MODEL_CHECK nix-calder male BLACK_PUPPET clips=185
MODEL_CHECK nix-calder male WHITE_PUPPET clips=185
MODEL_CHECK nix-calder female BASE clips=186
MODEL_CHECK nix-calder female PRISMATIC_GRAY clips=186
MODEL_CHECK nix-calder female BLACK_PUPPET clips=186
MODEL_CHECK nix-calder female WHITE_PUPPET clips=186
MODEL_CHECK orion-vell male BASE clips=186
MODEL_CHECK orion-vell male PRISMATIC_GRAY clips=186
MODEL_CHECK orion-vell male BLACK_PUPPET clips=186
MODEL_CHECK orion-vell male WHITE_PUPPET clips=186
MODEL_CHECK orion-vell female BASE clips=185
MODEL_CHECK orion-vell female PRISMATIC_GRAY clips=185
MODEL_CHECK orion-vell female BLACK_PUPPET clips=185
MODEL_CHECK orion-vell female WHITE_PUPPET clips=185
MODEL_CHECK vesper-nyx male BASE clips=185
MODEL_CHECK vesper-nyx male PRISMATIC_GRAY clips=185
MODEL_CHECK vesper-nyx male BLACK_PUPPET clips=185
MODEL_CHECK vesper-nyx male WHITE_PUPPET clips=185
MODEL_CHECK vesper-nyx female BASE clips=184
MODEL_CHECK vesper-nyx female PRISMATIC_GRAY clips=184
MODEL_CHECK vesper-nyx female BLACK_PUPPET clips=184
MODEL_CHECK vesper-nyx female WHITE_PUPPET clips=184
MODEL_CHECK yin male BASE clips=161
MODEL_CHECK yin male COSMIC_BOSS clips=161
MODEL_CHECK yin female BASE clips=160
MODEL_CHECK yin female COSMIC_BOSS clips=160
MODEL_CHECK yang male BASE clips=162
MODEL_CHECK yang male COSMIC_BOSS clips=162
MODEL_CHECK yang female BASE clips=162
MODEL_CHECK yang female COSMIC_BOSS clips=162
COLLECTIBLE_RUNTIME PASS rows=64 failures=[]
