Godot Engine v4.7.1.stable.official.a13da4feb - https://godotengine.org

ERROR: Condition "ret != noErr" is true. Returning: ""
   at: get_system_ca_certificates (platform/macos/os_macos.mm:1035)
[   0% ] [90m[1mfirst_scan_filesystem[22m | Started Project initialization (5 steps)[39m[0m
[   0% ] [90m[1mfirst_scan_filesystem[22m | Scanning file structure...[39m[0m
[  16% ] [90m[1mfirst_scan_filesystem[22m | Loading global class names...[39m[0m
[  33% ] [90m[1mfirst_scan_filesystem[22m | Verifying GDExtensions...[39m[0m
[  50% ] [90m[1mfirst_scan_filesystem[22m | Creating autoload scripts...[39m[0m
[  66% ] [90m[1mfirst_scan_filesystem[22m | Initializing plugins...[39m[0m
[  83% ] [90m[1mfirst_scan_filesystem[22m | Starting file scan...[39m[0m
[92m[ DONE ][39m [1mfirst_scan_filesystem[22m
[0m
[   0% ] [90m[1m_update_scan_actions[22m | Started Scanning actions... (64 steps)[39m[0m
[   0% ] [90m[1m_update_scan_actions[22m | BASE.glb[39m[0m
[   1% ] [90m[1m_update_scan_actions[22m | BLACK_PUPPET.glb[39m[0m
[   3% ] [90m[1m_update_scan_actions[22m | PRISMATIC_GRAY.glb[39m[0m
[   4% ] [90m[1m_update_scan_actions[22m | WHITE_PUPPET.glb[39m[0m
[   6% ] [90m[1m_update_scan_actions[22m | BASE.glb[39m[0m
[   7% ] [90m[1m_update_scan_actions[22m | BLACK_PUPPET.glb[39m[0m
[   9% ] [90m[1m_update_scan_actions[22m | PRISMATIC_GRAY.glb[39m[0m
[  10% ] [90m[1m_update_scan_actions[22m | WHITE_PUPPET.glb[39m[0m
[  12% ] [90m[1m_update_scan_actions[22m | BASE.glb[39m[0m
[  13% ] [90m[1m_update_scan_actions[22m | BLACK_PUPPET.glb[39m[0m
[  15% ] [90m[1m_update_scan_actions[22m | PRISMATIC_GRAY.glb[39m[0m
[  16% ] [90m[1m_update_scan_actions[22m | WHITE_PUPPET.glb[39m[0m
[  18% ] [90m[1m_update_scan_actions[22m | BASE.glb[39m[0m
[  20% ] [90m[1m_update_scan_actions[22m | BLACK_PUPPET.glb[39m[0m
[  21% ] [90m[1m_update_scan_actions[22m | PRISMATIC_GRAY.glb[39m[0m
[  23% ] [90m[1m_update_scan_actions[22m | WHITE_PUPPET.glb[39m[0m
[  24% ] [90m[1m_update_scan_actions[22m | BASE.glb[39m[0m
[  26% ] [90m[1m_update_scan_actions[22m | BLACK_PUPPET.glb[39m[0m
[  27% ] [90m[1m_update_scan_actions[22m | PRISMATIC_GRAY.glb[39m[0m
[  29% ] [90m[1m_update_scan_actions[22m | WHITE_PUPPET.glb[39m[0m
[  30% ] [90m[1m_update_scan_actions[22m | BASE.glb[39m[0m
[  32% ] [90m[1m_update_scan_actions[22m | BLACK_PUPPET.glb[39m[0m
[  33% ] [90m[1m_update_scan_actions[22m | PRISMATIC_GRAY.glb[39m[0m
[  35% ] [90m[1m_update_scan_actions[22m | WHITE_PUPPET.glb[39m[0m
[  36% ] [90m[1m_update_scan_actions[22m | BASE.glb[39m[0m
[  38% ] [90m[1m_update_scan_actions[22m | BLACK_PUPPET.glb[39m[0m
[  40% ] [90m[1m_update_scan_actions[22m | PRISMATIC_GRAY.glb[39m[0m
[  41% ] [90m[1m_update_scan_actions[22m | WHITE_PUPPET.glb[39m[0m
[  43% ] [90m[1m_update_scan_actions[22m | BASE.glb[39m[0m
[  44% ] [90m[1m_update_scan_actions[22m | BLACK_PUPPET.glb[39m[0m
[  46% ] [90m[1m_update_scan_actions[22m | PRISMATIC_GRAY.glb[39m[0m
[  47% ] [90m[1m_update_scan_actions[22m | WHITE_PUPPET.glb[39m[0m
[  49% ] [90m[1m_update_scan_actions[22m | BASE.glb[39m[0m
[  50% ] [90m[1m_update_scan_actions[22m | BLACK_PUPPET.glb[39m[0m
[  52% ] [90m[1m_update_scan_actions[22m | PRISMATIC_GRAY.glb[39m[0m
[  53% ] [90m[1m_update_scan_actions[22m | WHITE_PUPPET.glb[39m[0m
[  55% ] [90m[1m_update_scan_actions[22m | BASE.glb[39m[0m
[  56% ] [90m[1m_update_scan_actions[22m | BLACK_PUPPET.glb[39m[0m
[  58% ] [90m[1m_update_scan_actions[22m | PRISMATIC_GRAY.glb[39m[0m
[  60% ] [90m[1m_update_scan_actions[22m | WHITE_PUPPET.glb[39m[0m
[  61% ] [90m[1m_update_scan_actions[22m | BASE.glb[39m[0m
[  63% ] [90m[1m_update_scan_actions[22m | BLACK_PUPPET.glb[39m[0m
[  64% ] [90m[1m_update_scan_actions[22m | PRISMATIC_GRAY.glb[39m[0m
[  66% ] [90m[1m_update_scan_actions[22m | WHITE_PUPPET.glb[39m[0m
[  67% ] [90m[1m_update_scan_actions[22m | BASE.glb[39m[0m
[  69% ] [90m[1m_update_scan_actions[22m | BLACK_PUPPET.glb[39m[0m
[  70% ] [90m[1m_update_scan_actions[22m | PRISMATIC_GRAY.glb[39m[0m
[  72% ] [90m[1m_update_scan_actions[22m | WHITE_PUPPET.glb[39m[0m
[  73% ] [90m[1m_update_scan_actions[22m | BASE.glb[39m[0m
[  75% ] [90m[1m_update_scan_actions[22m | BLACK_PUPPET.glb[39m[0m
[  76% ] [90m[1m_update_scan_actions[22m | PRISMATIC_GRAY.glb[39m[0m
[  78% ] [90m[1m_update_scan_actions[22m | WHITE_PUPPET.glb[39m[0m
[  80% ] [90m[1m_update_scan_actions[22m | BASE.glb[39m[0m
[  81% ] [90m[1m_update_scan_actions[22m | BLACK_PUPPET.glb[39m[0m
[  83% ] [90m[1m_update_scan_actions[22m | PRISMATIC_GRAY.glb[39m[0m
[  84% ] [90m[1m_update_scan_actions[22m | WHITE_PUPPET.glb[39m[0m
[  86% ] [90m[1m_update_scan_actions[22m | BASE.glb[39m[0m
[  87% ] [90m[1m_update_scan_actions[22m | COSMIC_BOSS.glb[39m[0m
[  89% ] [90m[1m_update_scan_actions[22m | BASE.glb[39m[0m
[  90% ] [90m[1m_update_scan_actions[22m | COSMIC_BOSS.glb[39m[0m
[  92% ] [90m[1m_update_scan_actions[22m | BASE.glb[39m[0m
[  93% ] [90m[1m_update_scan_actions[22m | COSMIC_BOSS.glb[39m[0m
[  95% ] [90m[1m_update_scan_actions[22m | BASE.glb[39m[0m
[  96% ] [90m[1m_update_scan_actions[22m | COSMIC_BOSS.glb[39m[0m
[92m[ DONE ][39m [1m_update_scan_actions[22m
[0m
[   0% ] [90m[1mreimport[22m | Started (Re)Importing Assets (64 steps)[39m[0m
[   0% ] [90m[1mreimport[22m | Preparing files to reimport...[39m[0m
[   1% ] [90m[1mreimport[22m | Preparing files to reimport...[39m[0m
[   3% ] [90m[1mreimport[22m | Preparing files to reimport...[39m[0m
[   4% ] [90m[1mreimport[22m | Preparing files to reimport...[39m[0m
[   6% ] [90m[1mreimport[22m | Preparing files to reimport...[39m[0m
[   7% ] [90m[1mreimport[22m | Preparing files to reimport...[39m[0m
[   9% ] [90m[1mreimport[22m | Preparing files to reimport...[39m[0m
[  10% ] [90m[1mreimport[22m | Preparing files to reimport...[39m[0m
[  12% ] [90m[1mreimport[22m | Preparing files to reimport...[39m[0m
[  13% ] [90m[1mreimport[22m | Preparing files to reimport...[39m[0m
[  15% ] [90m[1mreimport[22m | Preparing files to reimport...[39m[0m
[  16% ] [90m[1mreimport[22m | Preparing files to reimport...[39m[0m
[  18% ] [90m[1mreimport[22m | Preparing files to reimport...[39m[0m
[  20% ] [90m[1mreimport[22m | Preparing files to reimport...[39m[0m
[  21% ] [90m[1mreimport[22m | Preparing files to reimport...[39m[0m
[  23% ] [90m[1mreimport[22m | Preparing files to reimport...[39m[0m
[  24% ] [90m[1mreimport[22m | Preparing files to reimport...[39m[0m
[  26% ] [90m[1mreimport[22m | Preparing files to reimport...[39m[0m
[  27% ] [90m[1mreimport[22m | Preparing files to reimport...[39m[0m
[  29% ] [90m[1mreimport[22m | Preparing files to reimport...[39m[0m
[  30% ] [90m[1mreimport[22m | Preparing files to reimport...[39m[0m
[  32% ] [90m[1mreimport[22m | Preparing files to reimport...[39m[0m
[  33% ] [90m[1mreimport[22m | Preparing files to reimport...[39m[0m
[  35% ] [90m[1mreimport[22m | Preparing files to reimport...[39m[0m
[  36% ] [90m[1mreimport[22m | Preparing files to reimport...[39m[0m
[  38% ] [90m[1mreimport[22m | Preparing files to reimport...[39m[0m
[  40% ] [90m[1mreimport[22m | Preparing files to reimport...[39m[0m
[  41% ] [90m[1mreimport[22m | Preparing files to reimport...[39m[0m
[  43% ] [90m[1mreimport[22m | Preparing files to reimport...[39m[0m
[  44% ] [90m[1mreimport[22m | Preparing files to reimport...[39m[0m
[  46% ] [90m[1mreimport[22m | Preparing files to reimport...[39m[0m
[  47% ] [90m[1mreimport[22m | Preparing files to reimport...[39m[0m
[  49% ] [90m[1mreimport[22m | Preparing files to reimport...[39m[0m
[  50% ] [90m[1mreimport[22m | Preparing files to reimport...[39m[0m
[  52% ] [90m[1mreimport[22m | Preparing files to reimport...[39m[0m
[  53% ] [90m[1mreimport[22m | Preparing files to reimport...[39m[0m
[  55% ] [90m[1mreimport[22m | Preparing files to reimport...[39m[0m
[  56% ] [90m[1mreimport[22m | Preparing files to reimport...[39m[0m
[  58% ] [90m[1mreimport[22m | Preparing files to reimport...[39m[0m
[  60% ] [90m[1mreimport[22m | Preparing files to reimport...[39m[0m
[  61% ] [90m[1mreimport[22m | Preparing files to reimport...[39m[0m
[  63% ] [90m[1mreimport[22m | Preparing files to reimport...[39m[0m
[  64% ] [90m[1mreimport[22m | Preparing files to reimport...[39m[0m
[  66% ] [90m[1mreimport[22m | Preparing files to reimport...[39m[0m
[  67% ] [90m[1mreimport[22m | Preparing files to reimport...[39m[0m
[  69% ] [90m[1mreimport[22m | Preparing files to reimport...[39m[0m
[  70% ] [90m[1mreimport[22m | Preparing files to reimport...[39m[0m
[  72% ] [90m[1mreimport[22m | Preparing files to reimport...[39m[0m
[  73% ] [90m[1mreimport[22m | Preparing files to reimport...[39m[0m
[  75% ] [90m[1mreimport[22m | Preparing files to reimport...[39m[0m
[  76% ] [90m[1mreimport[22m | Preparing files to reimport...[39m[0m
[  78% ] [90m[1mreimport[22m | Preparing files to reimport...[39m[0m
[  80% ] [90m[1mreimport[22m | Preparing files to reimport...[39m[0m
[  81% ] [90m[1mreimport[22m | Preparing files to reimport...[39m[0m
[  83% ] [90m[1mreimport[22m | Preparing files to reimport...[39m[0m
[  84% ] [90m[1mreimport[22m | Preparing files to reimport...[39m[0m
[  86% ] [90m[1mreimport[22m | Preparing files to reimport...[39m[0m
[  87% ] [90m[1mreimport[22m | Preparing files to reimport...[39m[0m
[  89% ] [90m[1mreimport[22m | Preparing files to reimport...[39m[0m
[  90% ] [90m[1mreimport[22m | Preparing files to reimport...[39m[0m
[  92% ] [90m[1mreimport[22m | Preparing files to reimport...[39m[0m
[  93% ] [90m[1mreimport[22m | Preparing files to reimport...[39m[0m
[  95% ] [90m[1mreimport[22m | Preparing files to reimport...[39m[0m
[  96% ] [90m[1mreimport[22m | Preparing files to reimport...[39m[0m
[   0% ] [90m[1mreimport[22m | Executing pre-reimport operations...[39m[0m
[   0% ] [90m[1mpreload_reimporting_scene[22m | Started Preparing scenes for reload (1 steps)[39m[0m
[   0% ] [90m[1mpreload_reimporting_scene[22m | Analyzing scene [empty][39m[0m
[  50% ] [90m[1mpreload_reimporting_scene[22m | Preparation done.[39m[0m
[92m[ DONE ][39m [1mpreload_reimporting_scene[22m
[0m
[   0% ] [90m[1mreimport[22m | BASE.glb[39m[0m
[   0% ] [90m[1mimport[22m | Started Import Scene (104 steps)[39m[0m
[   0% ] [90m[1mimport[22m | Importing Scene...[39m[0m
ERROR: Animation name "dash" already exists in library.
   at: rename_animation (scene/resources/animation_library.cpp:78)
ERROR: Animation name "run" already exists in library.
   at: rename_animation (scene/resources/animation_library.cpp:78)
ERROR: Animation name "walk" already exists in library.
   at: rename_animation (scene/resources/animation_library.cpp:78)
[   1% ] [90m[1mimport[22m | Running Custom Script...[39m[0m
[  99% ] [90m[1mimport[22m | Saving...[39m[0m
[92m[ DONE ][39m [1mimport[22m
[0m
[   1% ] [90m[1mreimport[22m | BLACK_PUPPET.glb[39m[0m
[   0% ] [90m[1mimport[22m | Started Import Scene (104 steps)[39m[0m
[   0% ] [90m[1mimport[22m | Importing Scene...[39m[0m
ERROR: Animation name "dash" already exists in library.
   at: rename_animation (scene/resources/animation_library.cpp:78)
ERROR: Animation name "run" already exists in library.
   at: rename_animation (scene/resources/animation_library.cpp:78)
ERROR: Animation name "walk" already exists in library.
   at: rename_animation (scene/resources/animation_library.cpp:78)
[   1% ] [90m[1mimport[22m | Running Custom Script...[39m[0m
[  99% ] [90m[1mimport[22m | Saving...[39m[0m
[92m[ DONE ][39m [1mimport[22m
[0m
[   3% ] [90m[1mreimport[22m | PRISMATIC_GRAY.glb[39m[0m
[   0% ] [90m[1mimport[22m | Started Import Scene (104 steps)[39m[0m
[   0% ] [90m[1mimport[22m | Importing Scene...[39m[0m
ERROR: Animation name "dash" already exists in library.
   at: rename_animation (scene/resources/animation_library.cpp:78)
ERROR: Animation name "run" already exists in library.
   at: rename_animation (scene/resources/animation_library.cpp:78)
ERROR: Animation name "walk" already exists in library.
   at: rename_animation (scene/resources/animation_library.cpp:78)
[   1% ] [90m[1mimport[22m | Running Custom Script...[39m[0m
[  99% ] [90m[1mimport[22m | Saving...[39m[0m
[92m[ DONE ][39m [1mimport[22m
[0m
[   4% ] [90m[1mreimport[22m | WHITE_PUPPET.glb[39m[0m
[   0% ] [90m[1mimport[22m | Started Import Scene (104 steps)[39m[0m
[   0% ] [90m[1mimport[22m | Importing Scene...[39m[0m
ERROR: Animation name "dash" already exists in library.
   at: rename_animation (scene/resources/animation_library.cpp:78)
ERROR: Animation name "run" already exists in library.
   at: rename_animation (scene/resources/animation_library.cpp:78)
ERROR: Animation name "walk" already exists in library.
   at: rename_animation (scene/resources/animation_library.cpp:78)
[   1% ] [90m[1mimport[22m | Running Custom Script...[39m[0m
[  99% ] [90m[1mimport[22m | Saving...[39m[0m
[92m[ DONE ][39m [1mimport[22m
[0m
[   6% ] [90m[1mreimport[22m | BASE.glb[39m[0m
[   0% ] [90m[1mimport[22m | Started Import Scene (104 steps)[39m[0m
[   0% ] [90m[1mimport[22m | Importing Scene...[39m[0m
ERROR: Animation name "dash" already exists in library.
   at: rename_animation (scene/resources/animation_library.cpp:78)
ERROR: Animation name "run" already exists in library.
   at: rename_animation (scene/resources/animation_library.cpp:78)
ERROR: Animation name "walk" already exists in library.
   at: rename_animation (scene/resources/animation_library.cpp:78)
[   1% ] [90m[1mimport[22m | Running Custom Script...[39m[0m
[  99% ] [90m[1mimport[22m | Saving...[39m[0m
[92m[ DONE ][39m [1mimport[22m
[0m
[   7% ] [90m[1mreimport[22m | BLACK_PUPPET.glb[39m[0m
[   0% ] [90m[1mimport[22m | Started Import Scene (104 steps)[39m[0m
[   0% ] [90m[1mimport[22m | Importing Scene...[39m[0m
ERROR: Animation name "dash" already exists in library.
   at: rename_animation (scene/resources/animation_library.cpp:78)
ERROR: Animation name "run" already exists in library.
   at: rename_animation (scene/resources/animation_library.cpp:78)
ERROR: Animation name "walk" already exists in library.
   at: rename_animation (scene/resources/animation_library.cpp:78)
[   1% ] [90m[1mimport[22m | Running Custom Script...[39m[0m
[  99% ] [90m[1mimport[22m | Saving...[39m[0m
[92m[ DONE ][39m [1mimport[22m
[0m
[   9% ] [90m[1mreimport[22m | PRISMATIC_GRAY.glb[39m[0m
[   0% ] [90m[1mimport[22m | Started Import Scene (104 steps)[39m[0m
[   0% ] [90m[1mimport[22m | Importing Scene...[39m[0m
ERROR: Animation name "dash" already exists in library.
   at: rename_animation (scene/resources/animation_library.cpp:78)
ERROR: Animation name "run" already exists in library.
   at: rename_animation (scene/resources/animation_library.cpp:78)
ERROR: Animation name "walk" already exists in library.
   at: rename_animation (scene/resources/animation_library.cpp:78)
[   1% ] [90m[1mimport[22m | Running Custom Script...[39m[0m
[  99% ] [90m[1mimport[22m | Saving...[39m[0m
[92m[ DONE ][39m [1mimport[22m
[0m
[  10% ] [90m[1mreimport[22m | WHITE_PUPPET.glb[39m[0m
[   0% ] [90m[1mimport[22m | Started Import Scene (104 steps)[39m[0m
[   0% ] [90m[1mimport[22m | Importing Scene...[39m[0m
ERROR: Animation name "dash" already exists in library.
   at: rename_animation (scene/resources/animation_library.cpp:78)
ERROR: Animation name "run" already exists in library.
   at: rename_animation (scene/resources/animation_library.cpp:78)
ERROR: Animation name "walk" already exists in library.
   at: rename_animation (scene/resources/animation_library.cpp:78)
[   1% ] [90m[1mimport[22m | Running Custom Script...[39m[0m
[  99% ] [90m[1mimport[22m | Saving...[39m[0m
[92m[ DONE ][39m [1mimport[22m
[0m
[  12% ] [90m[1mreimport[22m | BASE.glb[39m[0m
[   0% ] [90m[1mimport[22m | Started Import Scene (104 steps)[39m[0m
[   0% ] [90m[1mimport[22m | Importing Scene...[39m[0m
ERROR: Animation name "dash" already exists in library.
   at: rename_animation (scene/resources/animation_library.cpp:78)
ERROR: Animation name "run" already exists in library.
   at: rename_animation (scene/resources/animation_library.cpp:78)
ERROR: Animation name "walk" already exists in library.
   at: rename_animation (scene/resources/animation_library.cpp:78)
[   1% ] [90m[1mimport[22m | Running Custom Script...[39m[0m
[  99% ] [90m[1mimport[22m | Saving...[39m[0m
[92m[ DONE ][39m [1mimport[22m
[0m
[  13% ] [90m[1mreimport[22m | BLACK_PUPPET.glb[39m[0m
[   0% ] [90m[1mimport[22m | Started Import Scene (104 steps)[39m[0m
[   0% ] [90m[1mimport[22m | Importing Scene...[39m[0m
ERROR: Animation name "dash" already exists in library.
   at: rename_animation (scene/resources/animation_library.cpp:78)
ERROR: Animation name "run" already exists in library.
   at: rename_animation (scene/resources/animation_library.cpp:78)
ERROR: Animation name "walk" already exists in library.
   at: rename_animation (scene/resources/animation_library.cpp:78)
[   1% ] [90m[1mimport[22m | Running Custom Script...[39m[0m
[  99% ] [90m[1mimport[22m | Saving...[39m[0m
[92m[ DONE ][39m [1mimport[22m
[0m
[  15% ] [90m[1mreimport[22m | PRISMATIC_GRAY.glb[39m[0m
[   0% ] [90m[1mimport[22m | Started Import Scene (104 steps)[39m[0m
[   0% ] [90m[1mimport[22m | Importing Scene...[39m[0m
ERROR: Animation name "dash" already exists in library.
   at: rename_animation (scene/resources/animation_library.cpp:78)
ERROR: Animation name "run" already exists in library.
   at: rename_animation (scene/resources/animation_library.cpp:78)
ERROR: Animation name "walk" already exists in library.
   at: rename_animation (scene/resources/animation_library.cpp:78)
[   1% ] [90m[1mimport[22m | Running Custom Script...[39m[0m
[  99% ] [90m[1mimport[22m | Saving...[39m[0m
[92m[ DONE ][39m [1mimport[22m
[0m
[  16% ] [90m[1mreimport[22m | WHITE_PUPPET.glb[39m[0m
[   0% ] [90m[1mimport[22m | Started Import Scene (104 steps)[39m[0m
[   0% ] [90m[1mimport[22m | Importing Scene...[39m[0m
ERROR: Animation name "dash" already exists in library.
   at: rename_animation (scene/resources/animation_library.cpp:78)
ERROR: Animation name "run" already exists in library.
   at: rename_animation (scene/resources/animation_library.cpp:78)
ERROR: Animation name "walk" already exists in library.
   at: rename_animation (scene/resources/animation_library.cpp:78)
[   1% ] [90m[1mimport[22m | Running Custom Script...[39m[0m
[  99% ] [90m[1mimport[22m | Saving...[39m[0m
[92m[ DONE ][39m [1mimport[22m
[0m
[  18% ] [90m[1mreimport[22m | BASE.glb[39m[0m
[   0% ] [90m[1mimport[22m | Started Import Scene (104 steps)[39m[0m
[   0% ] [90m[1mimport[22m | Importing Scene...[39m[0m
ERROR: Animation name "dash" already exists in library.
   at: rename_animation (scene/resources/animation_library.cpp:78)
ERROR: Animation name "run" already exists in library.
   at: rename_animation (scene/resources/animation_library.cpp:78)
ERROR: Animation name "walk" already exists in library.
   at: rename_animation (scene/resources/animation_library.cpp:78)
[   1% ] [90m[1mimport[22m | Running Custom Script...[39m[0m
[  99% ] [90m[1mimport[22m | Saving...[39m[0m
[92m[ DONE ][39m [1mimport[22m
[0m
[  20% ] [90m[1mreimport[22m | BLACK_PUPPET.glb[39m[0m
[   0% ] [90m[1mimport[22m | Started Import Scene (104 steps)[39m[0m
[   0% ] [90m[1mimport[22m | Importing Scene...[39m[0m
ERROR: Animation name "dash" already exists in library.
   at: rename_animation (scene/resources/animation_library.cpp:78)
ERROR: Animation name "run" already exists in library.
   at: rename_animation (scene/resources/animation_library.cpp:78)
ERROR: Animation name "walk" already exists in library.
   at: rename_animation (scene/resources/animation_library.cpp:78)
[   1% ] [90m[1mimport[22m | Running Custom Script...[39m[0m
[  99% ] [90m[1mimport[22m | Saving...[39m[0m
[92m[ DONE ][39m [1mimport[22m
[0m
[  21% ] [90m[1mreimport[22m | PRISMATIC_GRAY.glb[39m[0m
[   0% ] [90m[1mimport[22m | Started Import Scene (104 steps)[39m[0m
[   0% ] [90m[1mimport[22m | Importing Scene...[39m[0m
ERROR: Animation name "dash" already exists in library.
   at: rename_animation (scene/resources/animation_library.cpp:78)
ERROR: Animation name "run" already exists in library.
   at: rename_animation (scene/resources/animation_library.cpp:78)
ERROR: Animation name "walk" already exists in library.
   at: rename_animation (scene/resources/animation_library.cpp:78)
[   1% ] [90m[1mimport[22m | Running Custom Script...[39m[0m
[  99% ] [90m[1mimport[22m | Saving...[39m[0m
[92m[ DONE ][39m [1mimport[22m
[0m
[  23% ] [90m[1mreimport[22m | WHITE_PUPPET.glb[39m[0m
[   0% ] [90m[1mimport[22m | Started Import Scene (104 steps)[39m[0m
[   0% ] [90m[1mimport[22m | Importing Scene...[39m[0m
ERROR: Animation name "dash" already exists in library.
   at: rename_animation (scene/resources/animation_library.cpp:78)
ERROR: Animation name "run" already exists in library.
   at: rename_animation (scene/resources/animation_library.cpp:78)
ERROR: Animation name "walk" already exists in library.
   at: rename_animation (scene/resources/animation_library.cpp:78)
[   1% ] [90m[1mimport[22m | Running Custom Script...[39m[0m
[  99% ] [90m[1mimport[22m | Saving...[39m[0m
[92m[ DONE ][39m [1mimport[22m
[0m
[  24% ] [90m[1mreimport[22m | BASE.glb[39m[0m
[   0% ] [90m[1mimport[22m | Started Import Scene (104 steps)[39m[0m
[   0% ] [90m[1mimport[22m | Importing Scene...[39m[0m
ERROR: Animation name "dash" already exists in library.
   at: rename_animation (scene/resources/animation_library.cpp:78)
ERROR: Animation name "run" already exists in library.
   at: rename_animation (scene/resources/animation_library.cpp:78)
ERROR: Animation name "walk" already exists in library.
   at: rename_animation (scene/resources/animation_library.cpp:78)
[   1% ] [90m[1mimport[22m | Running Custom Script...[39m[0m
[  99% ] [90m[1mimport[22m | Saving...[39m[0m
[92m[ DONE ][39m [1mimport[22m
[0m
[  26% ] [90m[1mreimport[22m | BLACK_PUPPET.glb[39m[0m
[   0% ] [90m[1mimport[22m | Started Import Scene (104 steps)[39m[0m
[   0% ] [90m[1mimport[22m | Importing Scene...[39m[0m
ERROR: Animation name "dash" already exists in library.
   at: rename_animation (scene/resources/animation_library.cpp:78)
ERROR: Animation name "run" already exists in library.
   at: rename_animation (scene/resources/animation_library.cpp:78)
ERROR: Animation name "walk" already exists in library.
   at: rename_animation (scene/resources/animation_library.cpp:78)
[   1% ] [90m[1mimport[22m | Running Custom Script...[39m[0m
[  99% ] [90m[1mimport[22m | Saving...[39m[0m
[92m[ DONE ][39m [1mimport[22m
[0m
[  27% ] [90m[1mreimport[22m | PRISMATIC_GRAY.glb[39m[0m
[   0% ] [90m[1mimport[22m | Started Import Scene (104 steps)[39m[0m
[   0% ] [90m[1mimport[22m | Importing Scene...[39m[0m
ERROR: Animation name "dash" already exists in library.
   at: rename_animation (scene/resources/animation_library.cpp:78)
ERROR: Animation name "run" already exists in library.
   at: rename_animation (scene/resources/animation_library.cpp:78)
ERROR: Animation name "walk" already exists in library.
   at: rename_animation (scene/resources/animation_library.cpp:78)
[   1% ] [90m[1mimport[22m | Running Custom Script...[39m[0m
[  99% ] [90m[1mimport[22m | Saving...[39m[0m
[92m[ DONE ][39m [1mimport[22m
[0m
[  29% ] [90m[1mreimport[22m | WHITE_PUPPET.glb[39m[0m
[   0% ] [90m[1mimport[22m | Started Import Scene (104 steps)[39m[0m
[   0% ] [90m[1mimport[22m | Importing Scene...[39m[0m
ERROR: Animation name "dash" already exists in library.
   at: rename_animation (scene/resources/animation_library.cpp:78)
ERROR: Animation name "run" already exists in library.
   at: rename_animation (scene/resources/animation_library.cpp:78)
ERROR: Animation name "walk" already exists in library.
   at: rename_animation (scene/resources/animation_library.cpp:78)
[   1% ] [90m[1mimport[22m | Running Custom Script...[39m[0m
[  99% ] [90m[1mimport[22m | Saving...[39m[0m
[92m[ DONE ][39m [1mimport[22m
[0m
[  30% ] [90m[1mreimport[22m | BASE.glb[39m[0m
[   0% ] [90m[1mimport[22m | Started Import Scene (104 steps)[39m[0m
[   0% ] [90m[1mimport[22m | Importing Scene...[39m[0m
ERROR: Animation name "dash" already exists in library.
   at: rename_animation (scene/resources/animation_library.cpp:78)
ERROR: Animation name "run" already exists in library.
   at: rename_animation (scene/resources/animation_library.cpp:78)
ERROR: Animation name "walk" already exists in library.
   at: rename_animation (scene/resources/animation_library.cpp:78)
[   1% ] [90m[1mimport[22m | Running Custom Script...[39m[0m
[  99% ] [90m[1mimport[22m | Saving...[39m[0m
[92m[ DONE ][39m [1mimport[22m
[0m
[  32% ] [90m[1mreimport[22m | BLACK_PUPPET.glb[39m[0m
[   0% ] [90m[1mimport[22m | Started Import Scene (104 steps)[39m[0m
[   0% ] [90m[1mimport[22m | Importing Scene...[39m[0m
ERROR: Animation name "dash" already exists in library.
   at: rename_animation (scene/resources/animation_library.cpp:78)
ERROR: Animation name "run" already exists in library.
   at: rename_animation (scene/resources/animation_library.cpp:78)
ERROR: Animation name "walk" already exists in library.
   at: rename_animation (scene/resources/animation_library.cpp:78)
[   1% ] [90m[1mimport[22m | Running Custom Script...[39m[0m
[  99% ] [90m[1mimport[22m | Saving...[39m[0m
[92m[ DONE ][39m [1mimport[22m
[0m
[  33% ] [90m[1mreimport[22m | PRISMATIC_GRAY.glb[39m[0m
[   0% ] [90m[1mimport[22m | Started Import Scene (104 steps)[39m[0m
[   0% ] [90m[1mimport[22m | Importing Scene...[39m[0m
ERROR: Animation name "dash" already exists in library.
   at: rename_animation (scene/resources/animation_library.cpp:78)
ERROR: Animation name "run" already exists in library.
   at: rename_animation (scene/resources/animation_library.cpp:78)
ERROR: Animation name "walk" already exists in library.
   at: rename_animation (scene/resources/animation_library.cpp:78)
[   1% ] [90m[1mimport[22m | Running Custom Script...[39m[0m
[  99% ] [90m[1mimport[22m | Saving...[39m[0m
[92m[ DONE ][39m [1mimport[22m
[0m
[  35% ] [90m[1mreimport[22m | WHITE_PUPPET.glb[39m[0m
[   0% ] [90m[1mimport[22m | Started Import Scene (104 steps)[39m[0m
[   0% ] [90m[1mimport[22m | Importing Scene...[39m[0m
ERROR: Animation name "dash" already exists in library.
   at: rename_animation (scene/resources/animation_library.cpp:78)
ERROR: Animation name "run" already exists in library.
   at: rename_animation (scene/resources/animation_library.cpp:78)
ERROR: Animation name "walk" already exists in library.
   at: rename_animation (scene/resources/animation_library.cpp:78)
[   1% ] [90m[1mimport[22m | Running Custom Script...[39m[0m
[  99% ] [90m[1mimport[22m | Saving...[39m[0m
[92m[ DONE ][39m [1mimport[22m
[0m
[  36% ] [90m[1mreimport[22m | BASE.glb[39m[0m
[   0% ] [90m[1mimport[22m | Started Import Scene (104 steps)[39m[0m
[   0% ] [90m[1mimport[22m | Importing Scene...[39m[0m
ERROR: Animation name "dash" already exists in library.
   at: rename_animation (scene/resources/animation_library.cpp:78)
ERROR: Animation name "run" already exists in library.
   at: rename_animation (scene/resources/animation_library.cpp:78)
ERROR: Animation name "walk" already exists in library.
   at: rename_animation (scene/resources/animation_library.cpp:78)
[   1% ] [90m[1mimport[22m | Running Custom Script...[39m[0m
[  99% ] [90m[1mimport[22m | Saving...[39m[0m
[92m[ DONE ][39m [1mimport[22m
[0m
[  38% ] [90m[1mreimport[22m | COSMIC_BOSS.glb[39m[0m
[   0% ] [90m[1mimport[22m | Started Import Scene (104 steps)[39m[0m
[   0% ] [90m[1mimport[22m | Importing Scene...[39m[0m
ERROR: Animation name "dash" already exists in library.
   at: rename_animation (scene/resources/animation_library.cpp:78)
ERROR: Animation name "run" already exists in library.
   at: rename_animation (scene/resources/animation_library.cpp:78)
ERROR: Animation name "walk" already exists in library.
   at: rename_animation (scene/resources/animation_library.cpp:78)
[   1% ] [90m[1mimport[22m | Running Custom Script...[39m[0m
[  99% ] [90m[1mimport[22m | Saving...[39m[0m
[92m[ DONE ][39m [1mimport[22m
[0m
[  40% ] [90m[1mreimport[22m | BASE.glb[39m[0m
[   0% ] [90m[1mimport[22m | Started Import Scene (104 steps)[39m[0m
[   0% ] [90m[1mimport[22m | Importing Scene...[39m[0m
ERROR: Animation name "dash" already exists in library.
   at: rename_animation (scene/resources/animation_library.cpp:78)
ERROR: Animation name "run" already exists in library.
   at: rename_animation (scene/resources/animation_library.cpp:78)
ERROR: Animation name "walk" already exists in library.
   at: rename_animation (scene/resources/animation_library.cpp:78)
[   1% ] [90m[1mimport[22m | Running Custom Script...[39m[0m
[  99% ] [90m[1mimport[22m | Saving...[39m[0m
[92m[ DONE ][39m [1mimport[22m
[0m
[  41% ] [90m[1mreimport[22m | COSMIC_BOSS.glb[39m[0m
[   0% ] [90m[1mimport[22m | Started Import Scene (104 steps)[39m[0m
[   0% ] [90m[1mimport[22m | Importing Scene...[39m[0m
ERROR: Animation name "dash" already exists in library.
   at: rename_animation (scene/resources/animation_library.cpp:78)
ERROR: Animation name "run" already exists in library.
   at: rename_animation (scene/resources/animation_library.cpp:78)
ERROR: Animation name "walk" already exists in library.
   at: rename_animation (scene/resources/animation_library.cpp:78)
[   1% ] [90m[1mimport[22m | Running Custom Script...[39m[0m
[  99% ] [90m[1mimport[22m | Saving...[39m[0m
[92m[ DONE ][39m [1mimport[22m
[0m
[  43% ] [90m[1mreimport[22m | BASE.glb[39m[0m
[   0% ] [90m[1mimport[22m | Started Import Scene (104 steps)[39m[0m
[   0% ] [90m[1mimport[22m | Importing Scene...[39m[0m
ERROR: Animation name "dash" already exists in library.
   at: rename_animation (scene/resources/animation_library.cpp:78)
ERROR: Animation name "run" already exists in library.
   at: rename_animation (scene/resources/animation_library.cpp:78)
ERROR: Animation name "walk" already exists in library.
   at: rename_animation (scene/resources/animation_library.cpp:78)
[   1% ] [90m[1mimport[22m | Running Custom Script...[39m[0m
[  99% ] [90m[1mimport[22m | Saving...[39m[0m
[92m[ DONE ][39m [1mimport[22m
[0m
[  44% ] [90m[1mreimport[22m | COSMIC_BOSS.glb[39m[0m
[   0% ] [90m[1mimport[22m | Started Import Scene (104 steps)[39m[0m
[   0% ] [90m[1mimport[22m | Importing Scene...[39m[0m
ERROR: Animation name "dash" already exists in library.
   at: rename_animation (scene/resources/animation_library.cpp:78)
ERROR: Animation name "run" already exists in library.
   at: rename_animation (scene/resources/animation_library.cpp:78)
ERROR: Animation name "walk" already exists in library.
   at: rename_animation (scene/resources/animation_library.cpp:78)
[   1% ] [90m[1mimport[22m | Running Custom Script...[39m[0m
[  99% ] [90m[1mimport[22m | Saving...[39m[0m
[92m[ DONE ][39m [1mimport[22m
[0m
[  46% ] [90m[1mreimport[22m | BASE.glb[39m[0m
[   0% ] [90m[1mimport[22m | Started Import Scene (104 steps)[39m[0m
[   0% ] [90m[1mimport[22m | Importing Scene...[39m[0m
ERROR: Animation name "dash" already exists in library.
   at: rename_animation (scene/resources/animation_library.cpp:78)
ERROR: Animation name "run" already exists in library.
   at: rename_animation (scene/resources/animation_library.cpp:78)
ERROR: Animation name "walk" already exists in library.
   at: rename_animation (scene/resources/animation_library.cpp:78)
[   1% ] [90m[1mimport[22m | Running Custom Script...[39m[0m
[  99% ] [90m[1mimport[22m | Saving...[39m[0m
[92m[ DONE ][39m [1mimport[22m
[0m
[  47% ] [90m[1mreimport[22m | COSMIC_BOSS.glb[39m[0m
[   0% ] [90m[1mimport[22m | Started Import Scene (104 steps)[39m[0m
[   0% ] [90m[1mimport[22m | Importing Scene...[39m[0m
ERROR: Animation name "dash" already exists in library.
   at: rename_animation (scene/resources/animation_library.cpp:78)
ERROR: Animation name "run" already exists in library.
   at: rename_animation (scene/resources/animation_library.cpp:78)
ERROR: Animation name "walk" already exists in library.
   at: rename_animation (scene/resources/animation_library.cpp:78)
[   1% ] [90m[1mimport[22m | Running Custom Script...[39m[0m
[  99% ] [90m[1mimport[22m | Saving...[39m[0m
[92m[ DONE ][39m [1mimport[22m
[0m
[  49% ] [90m[1mreimport[22m | BASE.glb[39m[0m
[   0% ] [90m[1mimport[22m | Started Import Scene (104 steps)[39m[0m
[   0% ] [90m[1mimport[22m | Importing Scene...[39m[0m
ERROR: Animation name "dash" already exists in library.
   at: rename_animation (scene/resources/animation_library.cpp:78)
ERROR: Animation name "run" already exists in library.
   at: rename_animation (scene/resources/animation_library.cpp:78)
ERROR: Animation name "walk" already exists in library.
   at: rename_animation (scene/resources/animation_library.cpp:78)
[   1% ] [90m[1mimport[22m | Running Custom Script...[39m[0m
[  99% ] [90m[1mimport[22m | Saving...[39m[0m
[92m[ DONE ][39m [1mimport[22m
[0m
[  50% ] [90m[1mreimport[22m | BLACK_PUPPET.glb[39m[0m
[   0% ] [90m[1mimport[22m | Started Import Scene (104 steps)[39m[0m
[   0% ] [90m[1mimport[22m | Importing Scene...[39m[0m
ERROR: Animation name "dash" already exists in library.
   at: rename_animation (scene/resources/animation_library.cpp:78)
ERROR: Animation name "run" already exists in library.
   at: rename_animation (scene/resources/animation_library.cpp:78)
ERROR: Animation name "walk" already exists in library.
   at: rename_animation (scene/resources/animation_library.cpp:78)
[   1% ] [90m[1mimport[22m | Running Custom Script...[39m[0m
[  99% ] [90m[1mimport[22m | Saving...[39m[0m
[92m[ DONE ][39m [1mimport[22m
[0m
[  52% ] [90m[1mreimport[22m | PRISMATIC_GRAY.glb[39m[0m
[   0% ] [90m[1mimport[22m | Started Import Scene (104 steps)[39m[0m
[   0% ] [90m[1mimport[22m | Importing Scene...[39m[0m
ERROR: Animation name "dash" already exists in library.
   at: rename_animation (scene/resources/animation_library.cpp:78)
ERROR: Animation name "run" already exists in library.
   at: rename_animation (scene/resources/animation_library.cpp:78)
ERROR: Animation name "walk" already exists in library.
   at: rename_animation (scene/resources/animation_library.cpp:78)
[   1% ] [90m[1mimport[22m | Running Custom Script...[39m[0m
[  99% ] [90m[1mimport[22m | Saving...[39m[0m
[92m[ DONE ][39m [1mimport[22m
[0m
[  53% ] [90m[1mreimport[22m | WHITE_PUPPET.glb[39m[0m
[   0% ] [90m[1mimport[22m | Started Import Scene (104 steps)[39m[0m
[   0% ] [90m[1mimport[22m | Importing Scene...[39m[0m
ERROR: Animation name "dash" already exists in library.
   at: rename_animation (scene/resources/animation_library.cpp:78)
ERROR: Animation name "run" already exists in library.
   at: rename_animation (scene/resources/animation_library.cpp:78)
ERROR: Animation name "walk" already exists in library.
   at: rename_animation (scene/resources/animation_library.cpp:78)
[   1% ] [90m[1mimport[22m | Running Custom Script...[39m[0m
[  99% ] [90m[1mimport[22m | Saving...[39m[0m
[92m[ DONE ][39m [1mimport[22m
[0m
[  55% ] [90m[1mreimport[22m | BASE.glb[39m[0m
[   0% ] [90m[1mimport[22m | Started Import Scene (104 steps)[39m[0m
[   0% ] [90m[1mimport[22m | Importing Scene...[39m[0m
ERROR: Animation name "dash" already exists in library.
   at: rename_animation (scene/resources/animation_library.cpp:78)
ERROR: Animation name "run" already exists in library.
   at: rename_animation (scene/resources/animation_library.cpp:78)
ERROR: Animation name "walk" already exists in library.
   at: rename_animation (scene/resources/animation_library.cpp:78)
[   1% ] [90m[1mimport[22m | Running Custom Script...[39m[0m
[  99% ] [90m[1mimport[22m | Saving...[39m[0m
[92m[ DONE ][39m [1mimport[22m
[0m
[  56% ] [90m[1mreimport[22m | BLACK_PUPPET.glb[39m[0m
[   0% ] [90m[1mimport[22m | Started Import Scene (104 steps)[39m[0m
[   0% ] [90m[1mimport[22m | Importing Scene...[39m[0m
ERROR: Animation name "dash" already exists in library.
   at: rename_animation (scene/resources/animation_library.cpp:78)
ERROR: Animation name "run" already exists in library.
   at: rename_animation (scene/resources/animation_library.cpp:78)
ERROR: Animation name "walk" already exists in library.
   at: rename_animation (scene/resources/animation_library.cpp:78)
[   1% ] [90m[1mimport[22m | Running Custom Script...[39m[0m
[  99% ] [90m[1mimport[22m | Saving...[39m[0m
[92m[ DONE ][39m [1mimport[22m
[0m
[  58% ] [90m[1mreimport[22m | PRISMATIC_GRAY.glb[39m[0m
[   0% ] [90m[1mimport[22m | Started Import Scene (104 steps)[39m[0m
[   0% ] [90m[1mimport[22m | Importing Scene...[39m[0m
ERROR: Animation name "dash" already exists in library.
   at: rename_animation (scene/resources/animation_library.cpp:78)
ERROR: Animation name "run" already exists in library.
   at: rename_animation (scene/resources/animation_library.cpp:78)
ERROR: Animation name "walk" already exists in library.
   at: rename_animation (scene/resources/animation_library.cpp:78)
[   1% ] [90m[1mimport[22m | Running Custom Script...[39m[0m
[  99% ] [90m[1mimport[22m | Saving...[39m[0m
[92m[ DONE ][39m [1mimport[22m
[0m
[  60% ] [90m[1mreimport[22m | WHITE_PUPPET.glb[39m[0m
[   0% ] [90m[1mimport[22m | Started Import Scene (104 steps)[39m[0m
[   0% ] [90m[1mimport[22m | Importing Scene...[39m[0m
ERROR: Animation name "dash" already exists in library.
   at: rename_animation (scene/resources/animation_library.cpp:78)
ERROR: Animation name "run" already exists in library.
   at: rename_animation (scene/resources/animation_library.cpp:78)
ERROR: Animation name "walk" already exists in library.
   at: rename_animation (scene/resources/animation_library.cpp:78)
[   1% ] [90m[1mimport[22m | Running Custom Script...[39m[0m
[  99% ] [90m[1mimport[22m | Saving...[39m[0m
[92m[ DONE ][39m [1mimport[22m
[0m
[  61% ] [90m[1mreimport[22m | BASE.glb[39m[0m
[   0% ] [90m[1mimport[22m | Started Import Scene (104 steps)[39m[0m
[   0% ] [90m[1mimport[22m | Importing Scene...[39m[0m
ERROR: Animation name "dash" already exists in library.
   at: rename_animation (scene/resources/animation_library.cpp:78)
ERROR: Animation name "run" already exists in library.
   at: rename_animation (scene/resources/animation_library.cpp:78)
ERROR: Animation name "walk" already exists in library.
   at: rename_animation (scene/resources/animation_library.cpp:78)
[   1% ] [90m[1mimport[22m | Running Custom Script...[39m[0m
[  99% ] [90m[1mimport[22m | Saving...[39m[0m
[92m[ DONE ][39m [1mimport[22m
[0m
[  63% ] [90m[1mreimport[22m | BLACK_PUPPET.glb[39m[0m
[   0% ] [90m[1mimport[22m | Started Import Scene (104 steps)[39m[0m
[   0% ] [90m[1mimport[22m | Importing Scene...[39m[0m
ERROR: Animation name "dash" already exists in library.
   at: rename_animation (scene/resources/animation_library.cpp:78)
ERROR: Animation name "run" already exists in library.
   at: rename_animation (scene/resources/animation_library.cpp:78)
ERROR: Animation name "walk" already exists in library.
   at: rename_animation (scene/resources/animation_library.cpp:78)
[   1% ] [90m[1mimport[22m | Running Custom Script...[39m[0m
[  99% ] [90m[1mimport[22m | Saving...[39m[0m
[92m[ DONE ][39m [1mimport[22m
[0m
[  64% ] [90m[1mreimport[22m | PRISMATIC_GRAY.glb[39m[0m
[   0% ] [90m[1mimport[22m | Started Import Scene (104 steps)[39m[0m
[   0% ] [90m[1mimport[22m | Importing Scene...[39m[0m
ERROR: Animation name "dash" already exists in library.
   at: rename_animation (scene/resources/animation_library.cpp:78)
ERROR: Animation name "run" already exists in library.
   at: rename_animation (scene/resources/animation_library.cpp:78)
ERROR: Animation name "walk" already exists in library.
   at: rename_animation (scene/resources/animation_library.cpp:78)
[   1% ] [90m[1mimport[22m | Running Custom Script...[39m[0m
[  99% ] [90m[1mimport[22m | Saving...[39m[0m
[92m[ DONE ][39m [1mimport[22m
[0m
[  66% ] [90m[1mreimport[22m | WHITE_PUPPET.glb[39m[0m
[   0% ] [90m[1mimport[22m | Started Import Scene (104 steps)[39m[0m
[   0% ] [90m[1mimport[22m | Importing Scene...[39m[0m
ERROR: Animation name "dash" already exists in library.
   at: rename_animation (scene/resources/animation_library.cpp:78)
ERROR: Animation name "run" already exists in library.
   at: rename_animation (scene/resources/animation_library.cpp:78)
ERROR: Animation name "walk" already exists in library.
   at: rename_animation (scene/resources/animation_library.cpp:78)
[   1% ] [90m[1mimport[22m | Running Custom Script...[39m[0m
[  99% ] [90m[1mimport[22m | Saving...[39m[0m
[92m[ DONE ][39m [1mimport[22m
[0m
[  67% ] [90m[1mreimport[22m | BASE.glb[39m[0m
[   0% ] [90m[1mimport[22m | Started Import Scene (104 steps)[39m[0m
[   0% ] [90m[1mimport[22m | Importing Scene...[39m[0m
ERROR: Animation name "dash" already exists in library.
   at: rename_animation (scene/resources/animation_library.cpp:78)
ERROR: Animation name "run" already exists in library.
   at: rename_animation (scene/resources/animation_library.cpp:78)
ERROR: Animation name "walk" already exists in library.
   at: rename_animation (scene/resources/animation_library.cpp:78)
[   1% ] [90m[1mimport[22m | Running Custom Script...[39m[0m
[  99% ] [90m[1mimport[22m | Saving...[39m[0m
[92m[ DONE ][39m [1mimport[22m
[0m
[  69% ] [90m[1mreimport[22m | BLACK_PUPPET.glb[39m[0m
[   0% ] [90m[1mimport[22m | Started Import Scene (104 steps)[39m[0m
[   0% ] [90m[1mimport[22m | Importing Scene...[39m[0m
ERROR: Animation name "dash" already exists in library.
   at: rename_animation (scene/resources/animation_library.cpp:78)
ERROR: Animation name "run" already exists in library.
   at: rename_animation (scene/resources/animation_library.cpp:78)
ERROR: Animation name "walk" already exists in library.
   at: rename_animation (scene/resources/animation_library.cpp:78)
[   1% ] [90m[1mimport[22m | Running Custom Script...[39m[0m
[  99% ] [90m[1mimport[22m | Saving...[39m[0m
[92m[ DONE ][39m [1mimport[22m
[0m
[  70% ] [90m[1mreimport[22m | PRISMATIC_GRAY.glb[39m[0m
[   0% ] [90m[1mimport[22m | Started Import Scene (104 steps)[39m[0m
[   0% ] [90m[1mimport[22m | Importing Scene...[39m[0m
ERROR: Animation name "dash" already exists in library.
   at: rename_animation (scene/resources/animation_library.cpp:78)
ERROR: Animation name "run" already exists in library.
   at: rename_animation (scene/resources/animation_library.cpp:78)
ERROR: Animation name "walk" already exists in library.
   at: rename_animation (scene/resources/animation_library.cpp:78)
[   1% ] [90m[1mimport[22m | Running Custom Script...[39m[0m
[  99% ] [90m[1mimport[22m | Saving...[39m[0m
[92m[ DONE ][39m [1mimport[22m
[0m
[  72% ] [90m[1mreimport[22m | WHITE_PUPPET.glb[39m[0m
[   0% ] [90m[1mimport[22m | Started Import Scene (104 steps)[39m[0m
[   0% ] [90m[1mimport[22m | Importing Scene...[39m[0m
ERROR: Animation name "dash" already exists in library.
   at: rename_animation (scene/resources/animation_library.cpp:78)
ERROR: Animation name "run" already exists in library.
   at: rename_animation (scene/resources/animation_library.cpp:78)
ERROR: Animation name "walk" already exists in library.
   at: rename_animation (scene/resources/animation_library.cpp:78)
[   1% ] [90m[1mimport[22m | Running Custom Script...[39m[0m
[  99% ] [90m[1mimport[22m | Saving...[39m[0m
[92m[ DONE ][39m [1mimport[22m
[0m
[  73% ] [90m[1mreimport[22m | BASE.glb[39m[0m
[   0% ] [90m[1mimport[22m | Started Import Scene (104 steps)[39m[0m
[   0% ] [90m[1mimport[22m | Importing Scene...[39m[0m
ERROR: Animation name "dash" already exists in library.
   at: rename_animation (scene/resources/animation_library.cpp:78)
ERROR: Animation name "run" already exists in library.
   at: rename_animation (scene/resources/animation_library.cpp:78)
ERROR: Animation name "walk" already exists in library.
   at: rename_animation (scene/resources/animation_library.cpp:78)
[   1% ] [90m[1mimport[22m | Running Custom Script...[39m[0m
[  99% ] [90m[1mimport[22m | Saving...[39m[0m
[92m[ DONE ][39m [1mimport[22m
[0m
[  75% ] [90m[1mreimport[22m | BLACK_PUPPET.glb[39m[0m
[   0% ] [90m[1mimport[22m | Started Import Scene (104 steps)[39m[0m
[   0% ] [90m[1mimport[22m | Importing Scene...[39m[0m
ERROR: Animation name "dash" already exists in library.
   at: rename_animation (scene/resources/animation_library.cpp:78)
ERROR: Animation name "run" already exists in library.
   at: rename_animation (scene/resources/animation_library.cpp:78)
ERROR: Animation name "walk" already exists in library.
   at: rename_animation (scene/resources/animation_library.cpp:78)
[   1% ] [90m[1mimport[22m | Running Custom Script...[39m[0m
[  99% ] [90m[1mimport[22m | Saving...[39m[0m
[92m[ DONE ][39m [1mimport[22m
[0m
[  76% ] [90m[1mreimport[22m | PRISMATIC_GRAY.glb[39m[0m
[   0% ] [90m[1mimport[22m | Started Import Scene (104 steps)[39m[0m
[   0% ] [90m[1mimport[22m | Importing Scene...[39m[0m
ERROR: Animation name "dash" already exists in library.
   at: rename_animation (scene/resources/animation_library.cpp:78)
ERROR: Animation name "run" already exists in library.
   at: rename_animation (scene/resources/animation_library.cpp:78)
ERROR: Animation name "walk" already exists in library.
   at: rename_animation (scene/resources/animation_library.cpp:78)
[   1% ] [90m[1mimport[22m | Running Custom Script...[39m[0m
[  99% ] [90m[1mimport[22m | Saving...[39m[0m
[92m[ DONE ][39m [1mimport[22m
[0m
[  78% ] [90m[1mreimport[22m | WHITE_PUPPET.glb[39m[0m
[   0% ] [90m[1mimport[22m | Started Import Scene (104 steps)[39m[0m
[   0% ] [90m[1mimport[22m | Importing Scene...[39m[0m
ERROR: Animation name "dash" already exists in library.
   at: rename_animation (scene/resources/animation_library.cpp:78)
ERROR: Animation name "run" already exists in library.
   at: rename_animation (scene/resources/animation_library.cpp:78)
ERROR: Animation name "walk" already exists in library.
   at: rename_animation (scene/resources/animation_library.cpp:78)
[   1% ] [90m[1mimport[22m | Running Custom Script...[39m[0m
[  99% ] [90m[1mimport[22m | Saving...[39m[0m
[92m[ DONE ][39m [1mimport[22m
[0m
[  80% ] [90m[1mreimport[22m | BASE.glb[39m[0m
[   0% ] [90m[1mimport[22m | Started Import Scene (104 steps)[39m[0m
[   0% ] [90m[1mimport[22m | Importing Scene...[39m[0m
ERROR: Animation name "dash" already exists in library.
   at: rename_animation (scene/resources/animation_library.cpp:78)
ERROR: Animation name "run" already exists in library.
   at: rename_animation (scene/resources/animation_library.cpp:78)
ERROR: Animation name "walk" already exists in library.
   at: rename_animation (scene/resources/animation_library.cpp:78)
[   1% ] [90m[1mimport[22m | Running Custom Script...[39m[0m
[  99% ] [90m[1mimport[22m | Saving...[39m[0m
[92m[ DONE ][39m [1mimport[22m
[0m
[  81% ] [90m[1mreimport[22m | BLACK_PUPPET.glb[39m[0m
[   0% ] [90m[1mimport[22m | Started Import Scene (104 steps)[39m[0m
[   0% ] [90m[1mimport[22m | Importing Scene...[39m[0m
ERROR: Animation name "dash" already exists in library.
   at: rename_animation (scene/resources/animation_library.cpp:78)
ERROR: Animation name "run" already exists in library.
   at: rename_animation (scene/resources/animation_library.cpp:78)
ERROR: Animation name "walk" already exists in library.
   at: rename_animation (scene/resources/animation_library.cpp:78)
[   1% ] [90m[1mimport[22m | Running Custom Script...[39m[0m
[  99% ] [90m[1mimport[22m | Saving...[39m[0m
[92m[ DONE ][39m [1mimport[22m
[0m
[  83% ] [90m[1mreimport[22m | PRISMATIC_GRAY.glb[39m[0m
[   0% ] [90m[1mimport[22m | Started Import Scene (104 steps)[39m[0m
[   0% ] [90m[1mimport[22m | Importing Scene...[39m[0m
ERROR: Animation name "dash" already exists in library.
   at: rename_animation (scene/resources/animation_library.cpp:78)
ERROR: Animation name "run" already exists in library.
   at: rename_animation (scene/resources/animation_library.cpp:78)
ERROR: Animation name "walk" already exists in library.
   at: rename_animation (scene/resources/animation_library.cpp:78)
[   1% ] [90m[1mimport[22m | Running Custom Script...[39m[0m
[  99% ] [90m[1mimport[22m | Saving...[39m[0m
[92m[ DONE ][39m [1mimport[22m
[0m
[  84% ] [90m[1mreimport[22m | WHITE_PUPPET.glb[39m[0m
[   0% ] [90m[1mimport[22m | Started Import Scene (104 steps)[39m[0m
[   0% ] [90m[1mimport[22m | Importing Scene...[39m[0m
ERROR: Animation name "dash" already exists in library.
   at: rename_animation (scene/resources/animation_library.cpp:78)
ERROR: Animation name "run" already exists in library.
   at: rename_animation (scene/resources/animation_library.cpp:78)
ERROR: Animation name "walk" already exists in library.
   at: rename_animation (scene/resources/animation_library.cpp:78)
[   1% ] [90m[1mimport[22m | Running Custom Script...[39m[0m
[  99% ] [90m[1mimport[22m | Saving...[39m[0m
[92m[ DONE ][39m [1mimport[22m
[0m
[  86% ] [90m[1mreimport[22m | BASE.glb[39m[0m
[   0% ] [90m[1mimport[22m | Started Import Scene (104 steps)[39m[0m
[   0% ] [90m[1mimport[22m | Importing Scene...[39m[0m
ERROR: Animation name "dash" already exists in library.
   at: rename_animation (scene/resources/animation_library.cpp:78)
ERROR: Animation name "run" already exists in library.
   at: rename_animation (scene/resources/animation_library.cpp:78)
ERROR: Animation name "walk" already exists in library.
   at: rename_animation (scene/resources/animation_library.cpp:78)
[   1% ] [90m[1mimport[22m | Running Custom Script...[39m[0m
[  99% ] [90m[1mimport[22m | Saving...[39m[0m
[92m[ DONE ][39m [1mimport[22m
[0m
[  87% ] [90m[1mreimport[22m | BLACK_PUPPET.glb[39m[0m
[   0% ] [90m[1mimport[22m | Started Import Scene (104 steps)[39m[0m
[   0% ] [90m[1mimport[22m | Importing Scene...[39m[0m
ERROR: Animation name "dash" already exists in library.
   at: rename_animation (scene/resources/animation_library.cpp:78)
ERROR: Animation name "run" already exists in library.
   at: rename_animation (scene/resources/animation_library.cpp:78)
ERROR: Animation name "walk" already exists in library.
   at: rename_animation (scene/resources/animation_library.cpp:78)
[   1% ] [90m[1mimport[22m | Running Custom Script...[39m[0m
[  99% ] [90m[1mimport[22m | Saving...[39m[0m
[92m[ DONE ][39m [1mimport[22m
[0m
[  89% ] [90m[1mreimport[22m | PRISMATIC_GRAY.glb[39m[0m
[   0% ] [90m[1mimport[22m | Started Import Scene (104 steps)[39m[0m
[   0% ] [90m[1mimport[22m | Importing Scene...[39m[0m
ERROR: Animation name "dash" already exists in library.
   at: rename_animation (scene/resources/animation_library.cpp:78)
ERROR: Animation name "run" already exists in library.
   at: rename_animation (scene/resources/animation_library.cpp:78)
ERROR: Animation name "walk" already exists in library.
   at: rename_animation (scene/resources/animation_library.cpp:78)
[   1% ] [90m[1mimport[22m | Running Custom Script...[39m[0m
[  99% ] [90m[1mimport[22m | Saving...[39m[0m
[92m[ DONE ][39m [1mimport[22m
[0m
[  90% ] [90m[1mreimport[22m | WHITE_PUPPET.glb[39m[0m
[   0% ] [90m[1mimport[22m | Started Import Scene (104 steps)[39m[0m
[   0% ] [90m[1mimport[22m | Importing Scene...[39m[0m
ERROR: Animation name "dash" already exists in library.
   at: rename_animation (scene/resources/animation_library.cpp:78)
ERROR: Animation name "run" already exists in library.
   at: rename_animation (scene/resources/animation_library.cpp:78)
ERROR: Animation name "walk" already exists in library.
   at: rename_animation (scene/resources/animation_library.cpp:78)
[   1% ] [90m[1mimport[22m | Running Custom Script...[39m[0m
[  99% ] [90m[1mimport[22m | Saving...[39m[0m
[92m[ DONE ][39m [1mimport[22m
[0m
[  92% ] [90m[1mreimport[22m | BASE.glb[39m[0m
[   0% ] [90m[1mimport[22m | Started Import Scene (104 steps)[39m[0m
[   0% ] [90m[1mimport[22m | Importing Scene...[39m[0m
ERROR: Animation name "dash" already exists in library.
   at: rename_animation (scene/resources/animation_library.cpp:78)
ERROR: Animation name "run" already exists in library.
   at: rename_animation (scene/resources/animation_library.cpp:78)
ERROR: Animation name "walk" already exists in library.
   at: rename_animation (scene/resources/animation_library.cpp:78)
[   1% ] [90m[1mimport[22m | Running Custom Script...[39m[0m
[  99% ] [90m[1mimport[22m | Saving...[39m[0m
[92m[ DONE ][39m [1mimport[22m
[0m
[  93% ] [90m[1mreimport[22m | BLACK_PUPPET.glb[39m[0m
[   0% ] [90m[1mimport[22m | Started Import Scene (104 steps)[39m[0m
[   0% ] [90m[1mimport[22m | Importing Scene...[39m[0m
ERROR: Animation name "dash" already exists in library.
   at: rename_animation (scene/resources/animation_library.cpp:78)
ERROR: Animation name "run" already exists in library.
   at: rename_animation (scene/resources/animation_library.cpp:78)
ERROR: Animation name "walk" already exists in library.
   at: rename_animation (scene/resources/animation_library.cpp:78)
[   1% ] [90m[1mimport[22m | Running Custom Script...[39m[0m
[  99% ] [90m[1mimport[22m | Saving...[39m[0m
[92m[ DONE ][39m [1mimport[22m
[0m
[  95% ] [90m[1mreimport[22m | PRISMATIC_GRAY.glb[39m[0m
[   0% ] [90m[1mimport[22m | Started Import Scene (104 steps)[39m[0m
[   0% ] [90m[1mimport[22m | Importing Scene...[39m[0m
ERROR: Animation name "dash" already exists in library.
   at: rename_animation (scene/resources/animation_library.cpp:78)
ERROR: Animation name "run" already exists in library.
   at: rename_animation (scene/resources/animation_library.cpp:78)
ERROR: Animation name "walk" already exists in library.
   at: rename_animation (scene/resources/animation_library.cpp:78)
[   1% ] [90m[1mimport[22m | Running Custom Script...[39m[0m
[  99% ] [90m[1mimport[22m | Saving...[39m[0m
[92m[ DONE ][39m [1mimport[22m
[0m
[  96% ] [90m[1mreimport[22m | WHITE_PUPPET.glb[39m[0m
[   0% ] [90m[1mimport[22m | Started Import Scene (104 steps)[39m[0m
[   0% ] [90m[1mimport[22m | Importing Scene...[39m[0m
ERROR: Animation name "dash" already exists in library.
   at: rename_animation (scene/resources/animation_library.cpp:78)
ERROR: Animation name "run" already exists in library.
   at: rename_animation (scene/resources/animation_library.cpp:78)
ERROR: Animation name "walk" already exists in library.
   at: rename_animation (scene/resources/animation_library.cpp:78)
[   1% ] [90m[1mimport[22m | Running Custom Script...[39m[0m
[  99% ] [90m[1mimport[22m | Saving...[39m[0m
[92m[ DONE ][39m [1mimport[22m
[0m
[  98% ] [90m[1mreimport[22m | Finalizing Asset Import...[39m[0m
[92m[ DONE ][39m [1mreimport[22m
[0m
[   0% ] [90m[1mreimport[22m | Started (Re)Importing Assets (64 steps)[39m[0m
[   0% ] [90m[1mreimport[22m | Executing post-reimport operations...[39m[0m
[92m[ DONE ][39m [1mreimport[22m
[0m
[   0% ] [90m[1mloading_editor_layout[22m | Started Loading editor (5 steps)[39m[0m
[   0% ] [90m[1mloading_editor_layout[22m | Loading editor layout...[39m[0m
[  16% ] [90m[1mloading_editor_layout[22m | Loading docks...[39m[0m
[92m[ DONE ][39m [1mloading_editor_layout[22m
[0m
cannot connect to daemon at tcp:5037: Operation not permitted
ERROR: Cannot save file '/Users/gunnchos/Library/Application Support/Godot/editor_settings-4.7.tres'.
   at: save (scene/resources/resource_format_text.cpp:1768)
ERROR: Error saving editor settings to /Users/gunnchos/Library/Application Support/Godot/editor_settings-4.7.tres
   at: save (editor/settings/editor_settings.cpp:1525)
