Godot Engine v4.7.1.stable.official.a13da4feb - https://godotengine.org

ORDINARY_PROFILE /Users/gunnchos/Library/Application Support/Godot/app_userdata/Anime Aggressors Review kaia_ordinary_01_20261009
ORDINARY_SCENE res://scenes/boot/BootScene.tscn
ORDINARY_SCENE res://scenes/menus/MainMenuScene.tscn
ORDINARY_SCENE res://scenes/menus/StoryCampaignScene.tscn
ORDINARY_SCENE res://scenes/battle/BattleScene.tscn
ORDINARY_PROGRESS {"frame":1800,"inputs":["left"],"node":"kaia-windrow:prologue","objective":{},"p1_damage":0.0,"p1_position":[-224.083099365234,280.175170898438],"p1_stocks":2,"p2_damage":0.0,"p2_stocks":2}
ORDINARY_PROGRESS {"frame":3600,"inputs":["shield"],"node":"kaia-windrow:prologue","objective":{},"p1_damage":0.0,"p1_position":[-238.883102416992,280.175170898438],"p1_stocks":2,"p2_damage":12.16512,"p2_stocks":2}
ORDINARY_PROGRESS {"frame":5400,"inputs":[],"node":"kaia-windrow:prologue","objective":{},"p1_damage":0.0,"p1_position":[-446.818878173828,280.175170898438],"p1_stocks":2,"p2_damage":17.8827264,"p2_stocks":2}
ORDINARY_PROGRESS {"frame":7200,"inputs":[],"node":"kaia-windrow:prologue","objective":{},"p1_damage":0.0,"p1_position":[-463.577026367188,280.242156982422],"p1_stocks":2,"p2_damage":17.8827264,"p2_stocks":2}
ORDINARY_PROGRESS {"frame":9000,"inputs":[],"node":"kaia-windrow:prologue","objective":{},"p1_damage":0.0,"p1_position":[-463.544647216797,280.2421875],"p1_stocks":2,"p2_damage":17.8827264,"p2_stocks":2}
ORDINARY_PROGRESS {"frame":10800,"inputs":[],"node":"kaia-windrow:prologue","objective":{},"p1_damage":0.0,"p1_position":[-463.512268066406,280.2421875],"p1_stocks":2,"p2_damage":17.8827264,"p2_stocks":2}
ORDINARY_SCENE res://scenes/ui/ResultsScene.tscn
ORDINARY_RESULT {"blocks":15,"enemy_hits":0,"enemy_moves":132,"frames":10980,"max_player_damage":0.0,"node":"kaia-windrow:prologue","normal_rules":true,"player_hits":3,"receipt":{"additional_opponent":"","advanced":false,"node_id":"kaia-windrow:prologue","objective_contract":"STOCK_WIN","objective_evidence":{"elapsed":0.0,"stock_win":false,"survived":false},"qualifying":true,"replay":false,"route_id":"kaia-windrow","survive_seconds":0,"token":"kaia-windrow:prologue:1150080:1","winner":2},"start_stocks":2,"winner":2}
ORDINARY_SCENE res://scenes/battle/BattleScene.tscn
ORDINARY_PROGRESS {"frame":1800,"inputs":["left"],"node":"kaia-windrow:prologue","objective":{},"p1_damage":0.0,"p1_position":[-224.083099365234,280.175170898438],"p1_stocks":2,"p2_damage":0.0,"p2_stocks":2}
ORDINARY_PROGRESS {"frame":3600,"inputs":["shield"],"node":"kaia-windrow:prologue","objective":{},"p1_damage":0.0,"p1_position":[-238.883102416992,280.175170898438],"p1_stocks":2,"p2_damage":12.16512,"p2_stocks":2}
ORDINARY_PROGRESS {"frame":5400,"inputs":[],"node":"kaia-windrow:prologue","objective":{},"p1_damage":0.0,"p1_position":[-446.818878173828,280.175170898438],"p1_stocks":2,"p2_damage":17.8827264,"p2_stocks":2}
ORDINARY_PROGRESS {"frame":7200,"inputs":[],"node":"kaia-windrow:prologue","objective":{},"p1_damage":0.0,"p1_position":[-463.577026367188,280.242156982422],"p1_stocks":2,"p2_damage":17.8827264,"p2_stocks":2}
ORDINARY_PROGRESS {"frame":9000,"inputs":[],"node":"kaia-windrow:prologue","objective":{},"p1_damage":0.0,"p1_position":[-463.544647216797,280.2421875],"p1_stocks":2,"p2_damage":17.8827264,"p2_stocks":2}
ORDINARY_PROGRESS {"frame":10800,"inputs":[],"node":"kaia-windrow:prologue","objective":{},"p1_damage":0.0,"p1_position":[-463.512268066406,280.2421875],"p1_stocks":2,"p2_damage":17.8827264,"p2_stocks":2}
ORDINARY_SCENE res://scenes/ui/ResultsScene.tscn
ORDINARY_RESULT {"blocks":15,"enemy_hits":0,"enemy_moves":132,"frames":10980,"max_player_damage":0.0,"node":"kaia-windrow:prologue","normal_rules":true,"player_hits":3,"receipt":{"additional_opponent":"","advanced":false,"node_id":"kaia-windrow:prologue","objective_contract":"STOCK_WIN","objective_evidence":{"elapsed":0.0,"stock_win":false,"survived":false},"qualifying":true,"replay":false,"route_id":"kaia-windrow","survive_seconds":0,"token":"kaia-windrow:prologue:9664148:2","winner":2},"start_stocks":2,"winner":2}
ORDINARY_SCENE res://scenes/battle/BattleScene.tscn
ORDINARY_PROGRESS {"frame":1800,"inputs":["left"],"node":"kaia-windrow:prologue","objective":{},"p1_damage":0.0,"p1_position":[-224.083099365234,280.175170898438],"p1_stocks":2,"p2_damage":0.0,"p2_stocks":2}
ORDINARY_PROGRESS {"frame":3600,"inputs":["shield"],"node":"kaia-windrow:prologue","objective":{},"p1_damage":0.0,"p1_position":[-238.883102416992,280.175170898438],"p1_stocks":2,"p2_damage":12.16512,"p2_stocks":2}
ORDINARY_PROGRESS {"frame":5400,"inputs":[],"node":"kaia-windrow:prologue","objective":{},"p1_damage":0.0,"p1_position":[-446.818878173828,280.175170898438],"p1_stocks":2,"p2_damage":17.8827264,"p2_stocks":2}
ORDINARY_PROGRESS {"frame":7200,"inputs":[],"node":"kaia-windrow:prologue","objective":{},"p1_damage":0.0,"p1_position":[-463.577026367188,280.242156982422],"p1_stocks":2,"p2_damage":17.8827264,"p2_stocks":2}
ORDINARY_PROGRESS {"frame":9000,"inputs":[],"node":"kaia-windrow:prologue","objective":{},"p1_damage":0.0,"p1_position":[-463.544647216797,280.2421875],"p1_stocks":2,"p2_damage":17.8827264,"p2_stocks":2}
ORDINARY_PROGRESS {"frame":10800,"inputs":[],"node":"kaia-windrow:prologue","objective":{},"p1_damage":0.0,"p1_position":[-463.512268066406,280.2421875],"p1_stocks":2,"p2_damage":17.8827264,"p2_stocks":2}
ORDINARY_SCENE res://scenes/ui/ResultsScene.tscn
ORDINARY_RESULT {"blocks":15,"enemy_hits":0,"enemy_moves":132,"frames":10980,"max_player_damage":0.0,"node":"kaia-windrow:prologue","normal_rules":true,"player_hits":3,"receipt":{"additional_opponent":"","advanced":false,"node_id":"kaia-windrow:prologue","objective_contract":"STOCK_WIN","objective_evidence":{"elapsed":0.0,"stock_win":false,"survived":false},"qualifying":true,"replay":false,"route_id":"kaia-windrow","survive_seconds":0,"token":"kaia-windrow:prologue:18027146:3","winner":2},"start_stocks":2,"winner":2}
ORDINARY_SCENE res://scenes/battle/BattleScene.tscn
ORDINARY_PROGRESS {"frame":1800,"inputs":["left"],"node":"kaia-windrow:prologue","objective":{},"p1_damage":0.0,"p1_position":[-224.083099365234,280.175170898438],"p1_stocks":2,"p2_damage":0.0,"p2_stocks":2}
ORDINARY_PROGRESS {"frame":3600,"inputs":["shield"],"node":"kaia-windrow:prologue","objective":{},"p1_damage":0.0,"p1_position":[-238.883102416992,280.175170898438],"p1_stocks":2,"p2_damage":12.16512,"p2_stocks":2}
ORDINARY_PROGRESS {"frame":5400,"inputs":[],"node":"kaia-windrow:prologue","objective":{},"p1_damage":0.0,"p1_position":[-446.818878173828,280.175170898438],"p1_stocks":2,"p2_damage":17.8827264,"p2_stocks":2}
ORDINARY_PROGRESS {"frame":7200,"inputs":[],"node":"kaia-windrow:prologue","objective":{},"p1_damage":0.0,"p1_position":[-463.577026367188,280.242156982422],"p1_stocks":2,"p2_damage":17.8827264,"p2_stocks":2}
ORDINARY_PROGRESS {"frame":9000,"inputs":[],"node":"kaia-windrow:prologue","objective":{},"p1_damage":0.0,"p1_position":[-463.544647216797,280.2421875],"p1_stocks":2,"p2_damage":17.8827264,"p2_stocks":2}
ORDINARY_PROGRESS {"frame":10800,"inputs":[],"node":"kaia-windrow:prologue","objective":{},"p1_damage":0.0,"p1_position":[-463.512268066406,280.2421875],"p1_stocks":2,"p2_damage":17.8827264,"p2_stocks":2}
ORDINARY_SCENE res://scenes/ui/ResultsScene.tscn
ORDINARY_RESULT {"blocks":15,"enemy_hits":0,"enemy_moves":132,"frames":10980,"max_player_damage":0.0,"node":"kaia-windrow:prologue","normal_rules":true,"player_hits":3,"receipt":{"additional_opponent":"","advanced":false,"node_id":"kaia-windrow:prologue","objective_contract":"STOCK_WIN","objective_evidence":{"elapsed":0.0,"stock_win":false,"survived":false},"qualifying":true,"replay":false,"route_id":"kaia-windrow","survive_seconds":0,"token":"kaia-windrow:prologue:26606899:4","winner":2},"start_stocks":2,"winner":2}
ORDINARY_SCENE res://scenes/battle/BattleScene.tscn
ORDINARY_PROGRESS {"frame":1800,"inputs":["left"],"node":"kaia-windrow:prologue","objective":{},"p1_damage":0.0,"p1_position":[-224.083099365234,280.175170898438],"p1_stocks":2,"p2_damage":0.0,"p2_stocks":2}
ORDINARY_PROGRESS {"frame":3600,"inputs":["shield"],"node":"kaia-windrow:prologue","objective":{},"p1_damage":0.0,"p1_position":[-238.883102416992,280.175170898438],"p1_stocks":2,"p2_damage":12.16512,"p2_stocks":2}
ORDINARY_PROGRESS {"frame":5400,"inputs":[],"node":"kaia-windrow:prologue","objective":{},"p1_damage":0.0,"p1_position":[-446.818878173828,280.175170898438],"p1_stocks":2,"p2_damage":17.8827264,"p2_stocks":2}
ORDINARY_PROGRESS {"frame":7200,"inputs":[],"node":"kaia-windrow:prologue","objective":{},"p1_damage":0.0,"p1_position":[-463.577026367188,280.242156982422],"p1_stocks":2,"p2_damage":17.8827264,"p2_stocks":2}
ORDINARY_PROGRESS {"frame":9000,"inputs":[],"node":"kaia-windrow:prologue","objective":{},"p1_damage":0.0,"p1_position":[-463.544647216797,280.2421875],"p1_stocks":2,"p2_damage":17.8827264,"p2_stocks":2}
ORDINARY_PROGRESS {"frame":10800,"inputs":[],"node":"kaia-windrow:prologue","objective":{},"p1_damage":0.0,"p1_position":[-463.512268066406,280.2421875],"p1_stocks":2,"p2_damage":17.8827264,"p2_stocks":2}
ORDINARY_SCENE res://scenes/ui/ResultsScene.tscn
ORDINARY_RESULT {"blocks":15,"enemy_hits":0,"enemy_moves":132,"frames":10980,"max_player_damage":0.0,"node":"kaia-windrow:prologue","normal_rules":true,"player_hits":3,"receipt":{"additional_opponent":"","advanced":false,"node_id":"kaia-windrow:prologue","objective_contract":"STOCK_WIN","objective_evidence":{"elapsed":0.0,"stock_win":false,"survived":false},"qualifying":true,"replay":false,"route_id":"kaia-windrow","survive_seconds":0,"token":"kaia-windrow:prologue:35214798:5","winner":2},"start_stocks":2,"winner":2}
ORDINARY_COMPLETE ["Ordinary-input driver lost repeatedly at kaia-windrow:prologue"]
