Godot Engine v4.7.1.stable.official.a13da4feb - https://godotengine.org
TextServer: Added interface "Dummy"
TextServer: Added interface "ICU / HarfBuzz / Graphite (Built-in)"
SDL: Init OK!
Using "default" pen tablet driver...

TextServer: Primary interface set to: "ICU / HarfBuzz / Graphite (Built-in)".
CORE API HASH: 3769296884
EDITOR API HASH: 3146738256
Loading resource: res://tests/v1_closure/CombatActivation.gd remapped: res://tests/v1_closure/CombatActivation.gd
Completed load for: 'res://tests/v1_closure/CombatActivation.gd' remapped 'res://tests/v1_closure/CombatActivation.gd' at thread -1
SceneTreeFTI: traversal method DEFAULT
Loading resource: res://scripts/core/GameState.gd remapped: res://scripts/core/GameState.gd
Completed load for: 'res://scripts/core/GameState.gd' remapped 'res://scripts/core/GameState.gd' at thread -1
Loading resource: res://scripts/core/build_identity.gd remapped: res://scripts/core/build_identity.gd
Completed load for: 'res://scripts/core/build_identity.gd' remapped 'res://scripts/core/build_identity.gd' at thread -1
Loading resource: res://scripts/ui/build_watermark.gd remapped: res://scripts/ui/build_watermark.gd
Completed load for: 'res://scripts/ui/build_watermark.gd' remapped 'res://scripts/ui/build_watermark.gd' at thread -1
Loading resource: res://scripts/core/AchievementRuntime.gd remapped: res://scripts/core/AchievementRuntime.gd
Completed load for: 'res://scripts/core/AchievementRuntime.gd' remapped 'res://scripts/core/AchievementRuntime.gd' at thread -1
Loading resource: res://scripts/ui/achievement_toast.gd remapped: res://scripts/ui/achievement_toast.gd
Completed load for: 'res://scripts/ui/achievement_toast.gd' remapped 'res://scripts/ui/achievement_toast.gd' at thread -1
Loading resource: res://scripts/core/SceneRouter.gd remapped: res://scripts/core/SceneRouter.gd
Completed load for: 'res://scripts/core/SceneRouter.gd' remapped 'res://scripts/core/SceneRouter.gd' at thread -1
Loading resource: res://scripts/story/v1_campaign_runtime.gd remapped: res://scripts/story/v1_campaign_runtime.gd
Completed load for: 'res://scripts/story/v1_campaign_runtime.gd' remapped 'res://scripts/story/v1_campaign_runtime.gd' at thread -1
Loading resource: res://scripts/input/touch_input_manager.gd remapped: res://scripts/input/touch_input_manager.gd
Loading resource: res://scenes/ui/TouchControlsOverlay.tscn remapped: res://scenes/ui/TouchControlsOverlay.tscn
Loading resource: res://scripts/input/touch_controls_overlay.gd remapped: res://scripts/input/touch_controls_overlay.gd
Completed load for: 'res://scripts/input/touch_controls_overlay.gd' remapped 'res://scripts/input/touch_controls_overlay.gd' at thread -1
Completed load for: 'res://scenes/ui/TouchControlsOverlay.tscn' remapped 'res://scenes/ui/TouchControlsOverlay.tscn' at thread -1
Completed load for: 'res://scripts/input/touch_input_manager.gd' remapped 'res://scripts/input/touch_input_manager.gd' at thread -1
Loading resource: res://scripts/core/NavigationAuthority.gd remapped: res://scripts/core/NavigationAuthority.gd
Completed load for: 'res://scripts/core/NavigationAuthority.gd' remapped 'res://scripts/core/NavigationAuthority.gd' at thread -1
Loading resource: res://scripts/core/DeviceRoleRuntime.gd remapped: res://scripts/core/DeviceRoleRuntime.gd
Completed load for: 'res://scripts/core/DeviceRoleRuntime.gd' remapped 'res://scripts/core/DeviceRoleRuntime.gd' at thread -1
Loading resource: res://scripts/core/MatchTelemetry.gd remapped: res://scripts/core/MatchTelemetry.gd
Completed load for: 'res://scripts/core/MatchTelemetry.gd' remapped 'res://scripts/core/MatchTelemetry.gd' at thread -1
Loading resource: res://scripts/audio/AudioDirector.gd remapped: res://scripts/audio/AudioDirector.gd
Completed load for: 'res://scripts/audio/AudioDirector.gd' remapped 'res://scripts/audio/AudioDirector.gd' at thread -1
Loading resource: res://scripts/rc/production_gate_harness.gd remapped: res://scripts/rc/production_gate_harness.gd
Completed load for: 'res://scripts/rc/production_gate_harness.gd' remapped 'res://scripts/rc/production_gate_harness.gd' at thread -1
Loading resource: res://scripts/rc/wave015_physical_harness.gd remapped: res://scripts/rc/wave015_physical_harness.gd
Completed load for: 'res://scripts/rc/wave015_physical_harness.gd' remapped 'res://scripts/rc/wave015_physical_harness.gd' at thread -1
Loading resource: res://scripts/rc/wave015_crash_census_harness.gd remapped: res://scripts/rc/wave015_crash_census_harness.gd
Loading resource: res://scenes/fighters/Fighter.tscn remapped: res://scenes/fighters/Fighter.tscn
Loading resource: res://scripts/fighters/fighter.gd remapped: res://scripts/fighters/fighter.gd
Loading resource: res://scenes/combat/Projectile2D.tscn remapped: res://scenes/combat/Projectile2D.tscn
Loading resource: res://scripts/combat/projectile.gd remapped: res://scripts/combat/projectile.gd
Completed load for: 'res://scripts/combat/projectile.gd' remapped 'res://scripts/combat/projectile.gd' at thread -1
Completed load for: 'res://scenes/combat/Projectile2D.tscn' remapped 'res://scenes/combat/Projectile2D.tscn' at thread -1
Completed load for: 'res://scripts/fighters/fighter.gd' remapped 'res://scripts/fighters/fighter.gd' at thread -1
Completed load for: 'res://scenes/fighters/Fighter.tscn' remapped 'res://scenes/fighters/Fighter.tscn' at thread -1
Completed load for: 'res://scripts/rc/wave015_crash_census_harness.gd' remapped 'res://scripts/rc/wave015_crash_census_harness.gd' at thread -1
Loading resource: res://scripts/rc/wave015_battlescene_stability_harness.gd remapped: res://scripts/rc/wave015_battlescene_stability_harness.gd
Completed load for: 'res://scripts/rc/wave015_battlescene_stability_harness.gd' remapped 'res://scripts/rc/wave015_battlescene_stability_harness.gd' at thread -1
Loading resource: res://scripts/rc/wave016_pixel_capture_harness.gd remapped: res://scripts/rc/wave016_pixel_capture_harness.gd
Completed load for: 'res://scripts/rc/wave016_pixel_capture_harness.gd' remapped 'res://scripts/rc/wave016_pixel_capture_harness.gd' at thread -1
Loading resource: res://scripts/rc/wave017_pixel_closeout_harness.gd remapped: res://scripts/rc/wave017_pixel_closeout_harness.gd
Completed load for: 'res://scripts/rc/wave017_pixel_closeout_harness.gd' remapped 'res://scripts/rc/wave017_pixel_closeout_harness.gd' at thread -1
Loading resource: res://scripts/rc/wave020_cp2_pixel_physical_harness.gd remapped: res://scripts/rc/wave020_cp2_pixel_physical_harness.gd
Completed load for: 'res://scripts/rc/wave020_cp2_pixel_physical_harness.gd' remapped 'res://scripts/rc/wave020_cp2_pixel_physical_harness.gd' at thread -1
Loading resource: res://scripts/diagnostics/runtime_flight_recorder.gd remapped: res://scripts/diagnostics/runtime_flight_recorder.gd
Completed load for: 'res://scripts/diagnostics/runtime_flight_recorder.gd' remapped 'res://scripts/diagnostics/runtime_flight_recorder.gd' at thread -1
Loading resource: res://scripts/diagnostics/wave018_visibility_telemetry.gd remapped: res://scripts/diagnostics/wave018_visibility_telemetry.gd
Completed load for: 'res://scripts/diagnostics/wave018_visibility_telemetry.gd' remapped 'res://scripts/diagnostics/wave018_visibility_telemetry.gd' at thread -1
Loading resource: res://scripts/cross_device/cross_device_contract_runner.gd remapped: res://scripts/cross_device/cross_device_contract_runner.gd
Completed load for: 'res://scripts/cross_device/cross_device_contract_runner.gd' remapped 'res://scripts/cross_device/cross_device_contract_runner.gd' at thread -1
Loading resource: res://scripts/juice/juice_event_bus.gd remapped: res://scripts/juice/juice_event_bus.gd
Completed load for: 'res://scripts/juice/juice_event_bus.gd' remapped 'res://scripts/juice/juice_event_bus.gd' at thread -1
Loaded system CA certificates
Loading resource: res://scenes/battle/BattleScene.tscn remapped: res://scenes/battle/BattleScene.tscn
Loading resource: res://scripts/battle/battle_scene.gd remapped: res://scripts/battle/battle_scene.gd
Loading resource: res://scenes/ui/DebugHud.tscn remapped: res://scenes/ui/DebugHud.tscn
Loading resource: res://scripts/debug/debug_hud.gd remapped: res://scripts/debug/debug_hud.gd
Completed load for: 'res://scripts/debug/debug_hud.gd' remapped 'res://scripts/debug/debug_hud.gd' at thread -1
Completed load for: 'res://scenes/ui/DebugHud.tscn' remapped 'res://scenes/ui/DebugHud.tscn' at thread -1
Completed load for: 'res://scripts/battle/battle_scene.gd' remapped 'res://scripts/battle/battle_scene.gd' at thread -1
Completed load for: 'res://scenes/battle/BattleScene.tscn' remapped 'res://scenes/battle/BattleScene.tscn' at thread -1
Loading resource: res://scripts/battle/stage_procedural_builder.gd remapped: res://scripts/battle/stage_procedural_builder.gd
Completed load for: 'res://scripts/battle/stage_procedural_builder.gd' remapped 'res://scripts/battle/stage_procedural_builder.gd' at thread -1
Loading resource: res://assets/stages/procedural/skyline-arena.svg remapped: res://assets/stages/procedural/skyline-arena.svg
Loading resource: res://.godot/imported/skyline-arena.svg-a207a54ede135c95d48c46a13b78f5cf.ctex remapped: res://.godot/imported/skyline-arena.svg-a207a54ede135c95d48c46a13b78f5cf.ctex
Completed load for: 'res://assets/stages/procedural/skyline-arena.svg' remapped 'res://assets/stages/procedural/skyline-arena.svg' at thread -1
Loading resource: res://assets/audio/procedural/stages/skyline-arena/bed.wav remapped: res://assets/audio/procedural/stages/skyline-arena/bed.wav
Loading resource: res://.godot/imported/bed.wav-7f70791e3625c3ae9ef6cdf7e3a3b2c2.sample remapped: res://.godot/imported/bed.wav-7f70791e3625c3ae9ef6cdf7e3a3b2c2.sample
Completed load for: 'res://assets/audio/procedural/stages/skyline-arena/bed.wav' remapped 'res://assets/audio/procedural/stages/skyline-arena/bed.wav' at thread -1
Loading resource: res://assets/characters/collectible_v1/kaia-windrow/male/BASE.glb remapped: res://assets/characters/collectible_v1/kaia-windrow/male/BASE.glb
Loading resource: res://.godot/imported/BASE.glb-fd18198fbbe37f5195c6402b36893d7d.scn remapped: res://.godot/imported/BASE.glb-fd18198fbbe37f5195c6402b36893d7d.scn
Completed load for: 'res://assets/characters/collectible_v1/kaia-windrow/male/BASE.glb' remapped 'res://assets/characters/collectible_v1/kaia-windrow/male/BASE.glb' at thread -1
Loading resource: res://scripts/visual/collectible_expression_controller.gd remapped: res://scripts/visual/collectible_expression_controller.gd
Completed load for: 'res://scripts/visual/collectible_expression_controller.gd' remapped 'res://scripts/visual/collectible_expression_controller.gd' at thread -1
Loading resource: res://assets/characters/collectible_v1/ember-vale/female/BASE.glb remapped: res://assets/characters/collectible_v1/ember-vale/female/BASE.glb
Loading resource: res://.godot/imported/BASE.glb-f6b14e364f1fbcb3391bd151ccd65684.scn remapped: res://.godot/imported/BASE.glb-f6b14e364f1fbcb3391bd151ccd65684.scn
Completed load for: 'res://assets/characters/collectible_v1/ember-vale/female/BASE.glb' remapped 'res://assets/characters/collectible_v1/ember-vale/female/BASE.glb' at thread -1
Loading resource: res://scripts/input/controller_watchdog.gd remapped: res://scripts/input/controller_watchdog.gd
Completed load for: 'res://scripts/input/controller_watchdog.gd' remapped 'res://scripts/input/controller_watchdog.gd' at thread -1
Loading resource: res://assets/audio/collectible_v1/kaia-windrow/whiff.wav remapped: res://assets/audio/collectible_v1/kaia-windrow/whiff.wav
Loading resource: res://.godot/imported/whiff.wav-bf229c41abf4ce7e9ead31f76809c4d5.sample remapped: res://.godot/imported/whiff.wav-bf229c41abf4ce7e9ead31f76809c4d5.sample
Completed load for: 'res://assets/audio/collectible_v1/kaia-windrow/whiff.wav' remapped 'res://assets/audio/collectible_v1/kaia-windrow/whiff.wav' at thread -1
Loading resource: res://assets/audio/collectible_v1/ember-vale/whiff.wav remapped: res://assets/audio/collectible_v1/ember-vale/whiff.wav
Loading resource: res://.godot/imported/whiff.wav-c265dc492621734adadd416d6acd5de0.sample remapped: res://.godot/imported/whiff.wav-c265dc492621734adadd416d6acd5de0.sample
Completed load for: 'res://assets/audio/collectible_v1/ember-vale/whiff.wav' remapped 'res://assets/audio/collectible_v1/ember-vale/whiff.wav' at thread -1
Loading resource: res://assets/audio/collectible_v1/kaia-windrow/block.wav remapped: res://assets/audio/collectible_v1/kaia-windrow/block.wav
Loading resource: res://.godot/imported/block.wav-6d7626df36b9ec0982592091e3e930d5.sample remapped: res://.godot/imported/block.wav-6d7626df36b9ec0982592091e3e930d5.sample
Completed load for: 'res://assets/audio/collectible_v1/kaia-windrow/block.wav' remapped 'res://assets/audio/collectible_v1/kaia-windrow/block.wav' at thread -1
COMBAT_ACTIVATION PASS failures=[]
