{
  "program": "VXP-3",
  "title": "Generated art v9 hero proportions + contact choreography (not human-authored final art)",
  "head_sha": "c7e8c8805b3cc858f92338f3799a135b692358bc",
  "base_sha": "6cd1b3100a7e467c2c991394576891660deb1162",
  "branch": "vxp/vxp-3-combat-impact-nix-rook",
  "rc1_tag_untouched": true,
  "GEN_ART_V9_ATTACHMENT_INTEGRITY_PASS": true,
  "UNINTENTIONAL_FLOATING_ART_PARTS": 0,
  "GEN_ART_V9_VALUE_BLOCKING_PASS": true,
  "GEN_ART_V9_PAIR_CONTACT_GEOMETRY_PASS": false,
  "GEN_ART_V9_SCREEN_SPACE_READ_PASS": false,
  "GEN_ART_V9_GLOVE_SILHOUETTE_PASS": false,
  "GEN_ART_V9_BOOT_SILHOUETTE_PASS": false,
  "GEN_ART_V9_IDLE_BODY_LANGUAGE_PASS": false,
  "GEN_ART_V9_LOCOMOTION_IDENTITY_PASS": false,
  "GEN_ART_V9_IMPACT_COMPOSITION_PASS": false,
  "GEN_ART_V9_HURT_SILHOUETTE_PASS": false,
  "GEN_ART_V9_CONTACT_FREEZE_FRAME_PASS": false,
  "GEN_ART_V9_CHARGE_SILHOUETTE_PASS": false,
  "GEN_ART_V9_SUPER_FREEZE_FRAME_PASS": false,
  "GEN_ART_V9_CLASH_FORCE_READ_PASS": false,
  "GEN_ART_V9_MOBILE_READ_PASS": false,
  "GEN_ART_V9_HEAVY_CONTACT_VISUAL_READ_PASS": false,
  "digital": {
    "style": true,
    "suit": true,
    "gloves": true,
    "boots": true,
    "masks": true,
    "masses": true,
    "values": true,
    "cameras": true,
    "no_peach": true,
    "no_remesh": true,
    "attach": true,
    "contact": false,
    "screen": false,
    "composition": false
  },
  "FRONT_CAMERA_CORRECT": "7/7",
  "WAVE014_GENERATED_RUNTIME_DISCOVERY_PASS": true,
  "WAVE020_ROSTER_VISIBILITY_PASS": true,
  "HEADLESS_VISIBILITY_NO_NULL_PASS": true,
  "GENERATED_REVIEW_CANDIDATE": false,
  "GENERATED_ART_RELEASE_CEILING_REACHED": false,
  "HUMAN_AUTHORED_ART_PASS": false,
  "HUMAN_AUTHORED_ANIMATION_PASS": false,
  "HUMAN_ART_DIRECTION_APPROVAL": false,
  "HUMAN_ANIMATION_QUALITY_PASS": false,
  "HUMAN_COMBAT_FEEL_PASS": false,
  "HUMAN_AURA_CLASH_PASS": false,
  "HUMAN_CLIP_WORTHY_PASS": false,
  "MERGE_AUTHORIZED": false,
  "FINAL_AUTHORED_ANIMATION_PASS": false,
  "automated_only": true,
  "owner_visual_unanswered": true,
  "visual_quality_note": "Digital pair/hurt/charge/clash gates are structural prerequisites only. They are not a visual-complete claim."
}
# Generated Art v9 A–Z

Generated production art only. Heroic proportions + contact choreography on the graphic low-poly cel lock. Not human-authored final art. Do not merge. Do not touch RC1.

**A new head:** `c7e8c8805b3cc858f92338f3799a135b692358bc`
**PR:** https://github.com/gunnchOS3k/anime-aggressors/pull/106
**Base:** `6cd1b3100a7e467c2c991394576891660deb1162`
**RC1:** `v1.0.0-rc.1` untouched

## B two-cycle iteration evidence

- pending generate/render/revise cycles

## C hero proportion profiles

- ember-vale: shoulder=1.18 hand=1.42 boot=1.34 head=1.14 feature=1.36 line=horizontal_diagonal_drive
- rook-ironside: shoulder=1.3 hand=1.52 boot=1.48 head=0.84 feature=1.24 line=short_crush_down
- juno-spark: shoulder=0.9 hand=0.96 boot=1.16 head=1.22 feature=1.4 line=fast_diagonal_snap
- kaia-windrow: shoulder=0.94 hand=1.1 boot=1.18 head=1.04 feature=1.48 line=curved_sweep_arc
- nix-calder: shoulder=1.08 hand=1.18 boot=1.3 head=1.16 feature=1.32 line=tight_precision_stiff
- orion-vell: shoulder=1.1 hand=1.34 boot=1.14 head=1.06 feature=1.44 line=inward_then_outward
- vesper-nyx: shoulder=0.96 hand=1.16 boot=1.12 head=1.08 feature=1.46 line=offset_delayed_asymmetric

## D Ember

- construction: profile_loft_no_voxel_remesh
- triangles: 6574
- costume_parts: 9 attachments=20
- value_groups: 3 collapse=False
- defender: rook-ironside
- contact_distance: 0.1012 overlap=1.1682 sep=None geom=True
- pair_two_figures: True
- honest still: pending visual read

## E Rook

- construction: profile_loft_no_voxel_remesh
- triangles: 8008
- costume_parts: 9 attachments=20
- value_groups: 3 collapse=False
- defender: nix-calder
- contact_distance: 0.0743 overlap=1.2853 sep=None geom=True
- pair_two_figures: True
- honest still: pending visual read

## F Juno

- construction: profile_loft_no_voxel_remesh
- triangles: 5112
- costume_parts: 11 attachments=22
- value_groups: 3 collapse=False
- defender: orion-vell
- contact_distance: 0.1163 overlap=1.1588 sep=None geom=True
- pair_two_figures: True
- honest still: pending visual read

## G Kaia

- construction: profile_loft_no_voxel_remesh
- triangles: 5386
- costume_parts: 10 attachments=21
- value_groups: 3 collapse=False
- defender: vesper-nyx
- contact_distance: 0.131 overlap=0.7262 sep=None geom=True
- pair_two_figures: True
- honest still: pending visual read

## H Nix

- construction: profile_loft_no_voxel_remesh
- triangles: 6178
- costume_parts: 11 attachments=22
- value_groups: 3 collapse=False
- defender: ember-vale
- contact_distance: 0.2193 overlap=1.1358 sep=None geom=False
- pair_two_figures: True
- honest still: pending visual read

## I Orion

- construction: profile_loft_no_voxel_remesh
- triangles: 6510
- costume_parts: 7 attachments=18
- value_groups: 3 collapse=False
- defender: kaia-windrow
- contact_distance: 0.0919 overlap=1.0269 sep=None geom=True
- pair_two_figures: True
- honest still: pending visual read

## J Vesper

- construction: profile_loft_no_voxel_remesh
- triangles: 5416
- costume_parts: 8 attachments=19
- value_groups: 3 collapse=False
- defender: juno-spark
- contact_distance: 0.1172 overlap=1.1927 sep=None geom=True
- pair_two_figures: True
- honest still: pending visual read

## K glove silhouettes: digital=PASS visual=FAIL
## L boot silhouettes: digital=PASS visual=FAIL
## M idle identity: FAIL
## N locomotion identity: FAIL
## O impact composition: digital=FAIL visual=FAIL

## P Ember/Rook heavies: ember_geom=True rook_geom=True
## Q Juno/Kaia heavies: juno_geom=True kaia_geom=True
## R Nix/Orion/Vesper heavies: nix=False orion=True vesper=True
## S hurt silhouettes: FAIL
## T charge silhouettes: FAIL
## U super silhouettes: FAIL
## V clash force read: FAIL

## W v9 gate matrix

- GEN_ART_V9_ATTACHMENT_INTEGRITY_PASS: True unintentional_float=0
- GEN_ART_V9_VALUE_BLOCKING_PASS: True
- GEN_ART_V9_SCREEN_SPACE_READ_PASS: False
- GEN_ART_V9_GLOVE_SILHOUETTE_PASS: False
- GEN_ART_V9_BOOT_SILHOUETTE_PASS: False
- GEN_ART_V9_IDLE_BODY_LANGUAGE_PASS: False
- GEN_ART_V9_LOCOMOTION_IDENTITY_PASS: False
- GEN_ART_V9_IMPACT_COMPOSITION_PASS: False
- GEN_ART_V9_HURT_SILHOUETTE_PASS: False
- GEN_ART_V9_CONTACT_FREEZE_FRAME_PASS: False
- GEN_ART_V9_CHARGE_SILHOUETTE_PASS: False
- GEN_ART_V9_SUPER_FREEZE_FRAME_PASS: False
- GEN_ART_V9_CLASH_FORCE_READ_PASS: False
- GEN_ART_V9_MOBILE_READ_PASS: False
- FRONT_CAMERA_CORRECT: 7/7
- WAVE014: PASS
- WAVE020: PASS
- HUMAN_*: all false
- MERGE_AUTHORIZED: false
- attach_ok: True

## X exact-head CI: pending after push
## Y APK/Pixel: not eligible unless GENERATED_REVIEW_CANDIDATE and exact-head CI are green

## Z generated-review-candidate vs release-ceiling

GENERATED_REVIEW_CANDIDATE=false
GENERATED_ART_RELEASE_CEILING_REACHED=false

Inspect v9 stills. Do not merge.

Next human step: Review artifacts/vxp3/review/generated_art_v9/ stills. Do not set HUMAN_* or MERGE.


{
  "masters_ok": true,
  "geometry_ok": true
}
