Godot Engine v4.7.1.stable.official.a13da4feb - https://godotengine.org

PRODUCTION_GATE_EVIDENCE /private/tmp/vp-anime-72-a320c7c/game-godot/gate1/evidence/out/actual_production_runtime.json
PRODUCTION_GATE_EVIDENCE /private/tmp/vp-anime-72-a320c7c/game-godot/../gate1/evidence/out/actual_production_runtime.json
PRODUCTION_GATE_EVIDENCE /private/tmp/vp-anime-72-a320c7c/game-godot/../artifacts/wp014/actual_production_runtime.json
PRODUCTION_GATE_PASS
  [PASS] title_menu
  [PASS] new_game_session_fighters_loaded
  [PASS] real_input_movement
  [PASS] aura_charge
  [PASS] grab_input_read
  [PASS] h2h_core_loop
  [PASS] stock_loss_and_stage_bounds
  [PASS] pause_resume
  [PASS] settings_a11y_baseline
  [PASS] audio_hook
  [PASS] save_load_lifecycle
  [PASS] crash_recovery
  [PASS] logging_perf_telemetry
WARNING: 9 ObjectDB instances were leaked at exit (run with `--verbose` for details).
   at: cleanup (core/object/object.cpp:2536)
ERROR: 4 resources still in use at exit (run with --verbose for details).
   at: clear (core/io/resource.cpp:822)
