=== REPRO START 2026-09-18T20:55:28Z ===
HEAD=836bb4ace3bcb136c4cf40724b9182a627baa08c
GODOT=/opt/homebrew/bin/godot
4.7.1.stable.official.a13da4feb

=== 1) godot --headless --path game-godot --quit-after 1 ===
quit_after1_exit=0
ERROR: Parent node is busy setting up children, `add_child()` failed. Consider using `add_child.call_deferred(child)` instead.
   at: add_child (scene/main/node.cpp:1721)
   GDScript backtrace (most recent call first):
       [0] _viewport_bank (res://scripts/fighters/fighter_model_3d.gd:830)
       [1] _build_viewport (res://scripts/fighters/fighter_model_3d.gd:741)
       [2] _ready (res://scripts/fighters/fighter_model_3d.gd:84)
       [3] _build_visuals (res://scripts/core/boot_scene.gd:87)
       [4] _ready (res://scripts/core/boot_scene.gd:43)
ERROR: Node not inside tree. Use look_at_from_position() instead.
   at: look_at (scene/3d/node_3d.cpp:1253)
   GDScript backtrace (most recent call first):
       [0] _build_viewport (res://scripts/fighters/fighter_model_3d.gd:773)
       [1] _ready (res://scripts/fighters/fighter_model_3d.gd:84)
       [2] _build_visuals (res://scripts/core/boot_scene.gd:87)
       [3] _ready (res://scripts/core/boot_scene.gd:43)
WARNING: 1 ObjectDB instance was leaked at exit (run with `--verbose` for details).
   at: cleanup (core/object/object.cpp:2536)

=== 2) godot --headless --path game-godot -s res://tests/smoke_runner.gd ===
smoke_exit=1
       [5] _run_all (res://tests/smoke_runner.gd:57)
ERROR: Failed loading resource: res://.godot/imported/bed.wav-c3da1763a1839a782e44d190c317f143.sample.
   at: _load (core/io/resource_loader.cpp:317)
   GDScript backtrace (most recent call first):
       [0] load_stream (res://scripts/audio/procedural_audio_bank.gd:49)
       [1] preload_launch_bank (res://scripts/audio/procedural_audio_bank.gd:149)
       [2] self_test (res://scripts/audio/procedural_audio_bank.gd:163)
       [3] run (res://tests/smoke_anime_digital_rc.gd:59)
       [4] _invoke (res://tests/smoke_runner.gd:38)
       [5] _run_all (res://tests/smoke_runner.gd:57)
ERROR: Failed loading resource: res://assets/audio/procedural/stages/cascade-foundry/bed.wav.
   at: _load (core/io/resource_loader.cpp:317)
   GDScript backtrace (most recent call first):
       [0] load_stream (res://scripts/audio/procedural_audio_bank.gd:49)
       [1] preload_launch_bank (res://scripts/audio/procedural_audio_bank.gd:149)
       [2] self_test (res://scripts/audio/procedural_audio_bank.gd:163)
       [3] run (res://tests/smoke_anime_digital_rc.gd:59)
       [4] _invoke (res://tests/smoke_runner.gd:38)
       [5] _run_all (res://tests/smoke_runner.gd:57)
ERROR: Cannot open file 'res://.godot/imported/bed.wav-0fb61994b96cd39a68e935d5f259564c.sample'.
   at: load (core/io/resource_format_binary.cpp:1156)
   GDScript backtrace (most recent call first):
       [0] load_stream (res://scripts/audio/procedural_audio_bank.gd:49)
       [1] preload_launch_bank (res://scripts/audio/procedural_audio_bank.gd:149)
       [2] self_test (res://scripts/audio/procedural_audio_bank.gd:163)
       [3] run (res://tests/smoke_anime_digital_rc.gd:59)
       [4] _invoke (res://tests/smoke_runner.gd:38)
       [5] _run_all (res://tests/smoke_runner.gd:57)
ERROR: Failed loading resource: res://.godot/imported/bed.wav-0fb61994b96cd39a68e935d5f259564c.sample.
   at: _load (core/io/resource_loader.cpp:317)
   GDScript backtrace (most recent call first):
       [0] load_stream (res://scripts/audio/procedural_audio_bank.gd:49)
       [1] preload_launch_bank (res://scripts/audio/procedural_audio_bank.gd:149)
       [2] self_test (res://scripts/audio/procedural_audio_bank.gd:163)
       [3] run (res://tests/smoke_anime_digital_rc.gd:59)
       [4] _invoke (res://tests/smoke_runner.gd:38)
       [5] _run_all (res://tests/smoke_runner.gd:57)
ERROR: Failed loading resource: res://assets/audio/procedural/stages/void-pier/bed.wav.
   at: _load (core/io/resource_loader.cpp:317)
   GDScript backtrace (most recent call first):
       [0] load_stream (res://scripts/audio/procedural_audio_bank.gd:49)
       [1] preload_launch_bank (res://scripts/audio/procedural_audio_bank.gd:149)
       [2] self_test (res://scripts/audio/procedural_audio_bank.gd:163)
       [3] run (res://tests/smoke_anime_digital_rc.gd:59)
       [4] _invoke (res://tests/smoke_runner.gd:38)
       [5] _run_all (res://tests/smoke_runner.gd:57)
ERROR: Cannot open file 'res://.godot/imported/bed.wav-1eb80f988f339445cad0dcc6c3b563a9.sample'.
   at: load (core/io/resource_format_binary.cpp:1156)
   GDScript backtrace (most recent call first):
       [0] load_stream (res://scripts/audio/procedural_audio_bank.gd:49)
       [1] preload_launch_bank (res://scripts/audio/procedural_audio_bank.gd:149)
       [2] self_test (res://scripts/audio/procedural_audio_bank.gd:163)
       [3] run (res://tests/smoke_anime_digital_rc.gd:59)
       [4] _invoke (res://tests/smoke_runner.gd:38)
       [5] _run_all (res://tests/smoke_runner.gd:57)
ERROR: Failed loading resource: res://.godot/imported/bed.wav-1eb80f988f339445cad0dcc6c3b563a9.sample.
   at: _load (core/io/resource_loader.cpp:317)
   GDScript backtrace (most recent call first):
       [0] load_stream (res://scripts/audio/procedural_audio_bank.gd:49)
       [1] preload_launch_bank (res://scripts/audio/procedural_audio_bank.gd:149)
       [2] self_test (res://scripts/audio/procedural_audio_bank.gd:163)
       [3] run (res://tests/smoke_anime_digital_rc.gd:59)
       [4] _invoke (res://tests/smoke_runner.gd:38)
       [5] _run_all (res://tests/smoke_runner.gd:57)
ERROR: Failed loading resource: res://assets/audio/procedural/stages/ember-courtyard/bed.wav.
   at: _load (core/io/resource_loader.cpp:317)
   GDScript backtrace (most recent call first):
       [0] load_stream (res://scripts/audio/procedural_audio_bank.gd:49)
       [1] preload_launch_bank (res://scripts/audio/procedural_audio_bank.gd:149)
       [2] self_test (res://scripts/audio/procedural_audio_bank.gd:163)
       [3] run (res://tests/smoke_anime_digital_rc.gd:59)
       [4] _invoke (res://tests/smoke_runner.gd:38)
       [5] _run_all (res://tests/smoke_runner.gd:57)
ERROR: Cannot open file 'res://.godot/imported/bed.wav-bf1688624e3476b73f173107ab092983.sample'.
   at: load (core/io/resource_format_binary.cpp:1156)
   GDScript backtrace (most recent call first):
       [0] load_stream (res://scripts/audio/procedural_audio_bank.gd:49)
       [1] preload_launch_bank (res://scripts/audio/procedural_audio_bank.gd:149)
       [2] self_test (res://scripts/audio/procedural_audio_bank.gd:163)
       [3] run (res://tests/smoke_anime_digital_rc.gd:59)
       [4] _invoke (res://tests/smoke_runner.gd:38)
       [5] _run_all (res://tests/smoke_runner.gd:57)
ERROR: Failed loading resource: res://.godot/imported/bed.wav-bf1688624e3476b73f173107ab092983.sample.
   at: _load (core/io/resource_loader.cpp:317)
   GDScript backtrace (most recent call first):
       [0] load_stream (res://scripts/audio/procedural_audio_bank.gd:49)
       [1] preload_launch_bank (res://scripts/audio/procedural_audio_bank.gd:149)
       [2] self_test (res://scripts/audio/procedural_audio_bank.gd:163)
       [3] run (res://tests/smoke_anime_digital_rc.gd:59)
       [4] _invoke (res://tests/smoke_runner.gd:38)
       [5] _run_all (res://tests/smoke_runner.gd:57)
ERROR: Failed loading resource: res://assets/audio/procedural/stages/training-grid/bed.wav.
   at: _load (core/io/resource_loader.cpp:317)
   GDScript backtrace (most recent call first):
       [0] load_stream (res://scripts/audio/procedural_audio_bank.gd:49)
       [1] preload_launch_bank (res://scripts/audio/procedural_audio_bank.gd:149)
       [2] self_test (res://scripts/audio/procedural_audio_bank.gd:163)
       [3] run (res://tests/smoke_anime_digital_rc.gd:59)
       [4] _invoke (res://tests/smoke_runner.gd:38)
       [5] _run_all (res://tests/smoke_runner.gd:57)
SCRIPT ERROR: Parse Error: Could not find type "CharacterSelectShowcaseFlourish" in the current scope.
          at: GDScript::reload (res://scripts/menus/fighter_select_scene.gd:29)
          GDScript backtrace (most recent call first):
              [0] run (res://tests/smoke_match_loop.gd:29)
              [1] _invoke (res://tests/smoke_runner.gd:38)
              [2] _run_all (res://tests/smoke_runner.gd:57)
ERROR: Failed to load script "res://scripts/menus/fighter_select_scene.gd" with error "Parse error".
   at: load (modules/gdscript/gdscript_resource_format.cpp:46)
   GDScript backtrace (most recent call first):
       [0] run (res://tests/smoke_match_loop.gd:29)
       [1] _invoke (res://tests/smoke_runner.gd:38)
       [2] _run_all (res://tests/smoke_runner.gd:57)
ERROR: smoke_runner: 2 suite(s) failed
   at: push_error (core/variant/variant_utility.cpp:1023)
   GDScript backtrace (most recent call first):
       [0] _run_all (res://tests/smoke_runner.gd:64)
WARNING: 6 ObjectDB instances were leaked at exit (run with `--verbose` for details).
   at: cleanup (core/object/object.cpp:2536)
ERROR: 2 resources still in use at exit (run with --verbose for details).
   at: clear (core/io/resource.cpp:822)

=== .godot state after runs ===
imported_count=0
