ERROR: SMOKE FAIL: Debug HUD must be gated by OS.is_debug_build()
   at: push_error (core/variant/variant_utility.cpp:1023)
   GDScript backtrace (most recent call first):
       [0] ok (res://tests/smoke_assert.gd:12)
       [1] run (res://tests/smoke_release_mode.gd:11)
       [2] _invoke (res://tests/smoke_runner.gd:38)
       [3] _run_all (res://tests/smoke_runner.gd:57)
ERROR: SMOKE FAIL: ember-vale final modelPath
   at: push_error (core/variant/variant_utility.cpp:1023)
   GDScript backtrace (most recent call first):
       [0] ok (res://tests/smoke_assert.gd:12)
       [1] run (res://tests/smoke_anime_beta_content.gd:75)
       [2] _invoke (res://tests/smoke_runner.gd:38)
       [3] _run_all (res://tests/smoke_runner.gd:57)
ERROR: SMOKE FAIL: rook-ironside final modelPath
   at: push_error (core/variant/variant_utility.cpp:1023)
   GDScript backtrace (most recent call first):
       [0] ok (res://tests/smoke_assert.gd:12)
       [1] run (res://tests/smoke_anime_beta_content.gd:75)
       [2] _invoke (res://tests/smoke_runner.gd:38)
       [3] _run_all (res://tests/smoke_runner.gd:57)
ERROR: SMOKE FAIL: juno-spark final modelPath
   at: push_error (core/variant/variant_utility.cpp:1023)
   GDScript backtrace (most recent call first):
       [0] ok (res://tests/smoke_assert.gd:12)
       [1] run (res://tests/smoke_anime_beta_content.gd:75)
       [2] _invoke (res://tests/smoke_runner.gd:38)
       [3] _run_all (res://tests/smoke_runner.gd:57)
ERROR: SMOKE FAIL: kaia-windrow final modelPath
   at: push_error (core/variant/variant_utility.cpp:1023)
   GDScript backtrace (most recent call first):
       [0] ok (res://tests/smoke_assert.gd:12)
       [1] run (res://tests/smoke_anime_beta_content.gd:75)
       [2] _invoke (res://tests/smoke_runner.gd:38)
       [3] _run_all (res://tests/smoke_runner.gd:57)
ERROR: SMOKE FAIL: nix-calder final modelPath
   at: push_error (core/variant/variant_utility.cpp:1023)
   GDScript backtrace (most recent call first):
       [0] ok (res://tests/smoke_assert.gd:12)
       [1] run (res://tests/smoke_anime_beta_content.gd:75)
       [2] _invoke (res://tests/smoke_runner.gd:38)
       [3] _run_all (res://tests/smoke_runner.gd:57)
ERROR: SMOKE FAIL: orion-vell final modelPath
   at: push_error (core/variant/variant_utility.cpp:1023)
   GDScript backtrace (most recent call first):
       [0] ok (res://tests/smoke_assert.gd:12)
       [1] run (res://tests/smoke_anime_beta_content.gd:75)
       [2] _invoke (res://tests/smoke_runner.gd:38)
       [3] _run_all (res://tests/smoke_runner.gd:57)
ERROR: SMOKE FAIL: vesper-nyx final modelPath
   at: push_error (core/variant/variant_utility.cpp:1023)
   GDScript backtrace (most recent call first):
       [0] ok (res://tests/smoke_assert.gd:12)
       [1] run (res://tests/smoke_anime_beta_content.gd:75)
       [2] _invoke (res://tests/smoke_runner.gd:38)
       [3] _run_all (res://tests/smoke_runner.gd:57)
ERROR: smoke_runner: 2 suite(s) failed
   at: push_error (core/variant/variant_utility.cpp:1023)
   GDScript backtrace (most recent call first):
       [0] _run_all (res://tests/smoke_runner.gd:64)
WARNING: 6 ObjectDB instances were leaked at exit (run with `--verbose` for details).
   at: cleanup (core/object/object.cpp:2536)
ERROR: 2 resources still in use at exit (run with --verbose for details).
   at: clear (core/io/resource.cpp:822)
