Godot Engine v4.7.1.stable.official.a13da4feb - https://godotengine.org

[smoke] running boot
[smoke] OK boot
[smoke] running release_mode
[smoke] FAIL release_mode:
Debug HUD must be gated by OS.is_debug_build()
[smoke] running data_load
[smoke] OK data_load
[smoke] running combat_depth
[smoke] OK combat_depth
[smoke] running wave_d_alpha
[smoke] OK wave_d_alpha
[smoke] running wave_d2_alpha_exit
[smoke] OK wave_d2_alpha_exit
[smoke] running anime_alpha_exit
[smoke] OK anime_alpha_exit
[smoke] running anime_beta_content
[smoke] FAIL anime_beta_content:
ember-vale final modelPath
rook-ironside final modelPath
juno-spark final modelPath
kaia-windrow final modelPath
nix-calder final modelPath
orion-vell final modelPath
vesper-nyx final modelPath
stage preview texture loads
[smoke] running anime_digital_rc
[smoke] OK anime_digital_rc
[smoke] running game_rc_achievements
[smoke] OK game_rc_achievements
[smoke] running device_a11y_telemetry
[smoke] OK device_a11y_telemetry
[smoke] running fighter_scene
[smoke] OK fighter_scene
[smoke] running training_scene
[smoke] OK training_scene
[smoke] running battle_scene
[smoke] OK battle_scene
[smoke] running match_loop
[smoke] OK match_loop
