Godot Engine v4.7.1.stable.official.a13da4feb - https://godotengine.org

EXERCISE kaia-windrow:prologue
EXERCISE kaia-windrow:recruit:juno-spark
EXERCISE kaia-windrow:recruit:nix-calder
EXERCISE kaia-windrow:recruit:rook-ironside
EXERCISE kaia-windrow:recruit:orion-vell
EXERCISE kaia-windrow:recruit:ember-vale
EXERCISE kaia-windrow:recruit:vesper-nyx
EXERCISE kaia-windrow:accord
EXERCISE kaia-windrow:catastrophe
EXERCISE kaia-windrow:impossible_battle_1
EXERCISE kaia-windrow:first_loss
OBJECTIVE_EVIDENCE { "objective_complete": true, "elapsed": 2.0, "interaction": "DECISIVE_INTERVENTION", "decision": "", "escorted_fighters": [], "steps": 92, "yin_count": 3, "yang_count": 2, "player_hits": 0, "guard_seconds": 0.0, "released": [], "player_damage": {  }, "perspectives": 0, "form": "BASE", "attack": true, "guard": false, "traversal": true, "identities_exercised": 0, "alternations": 0 } state=idle shielding=false
EXERCISE kaia-windrow:puppet_imbalance
OBJECTIVE_EVIDENCE { "objective_complete": true, "elapsed": 7.43333333333331, "interaction": "DECISIVE_INTERVENTION", "decision": "", "escorted_fighters": [], "steps": 0, "yin_count": 3, "yang_count": 2, "player_hits": 6, "guard_seconds": 2.01666666666666, "released": [], "player_damage": { "juno-spark": 44.53097472, "nix-calder": 0.0, "orion-vell": 0.0, "ember-vale": 0.0, "vesper-nyx": 0.0 }, "perspectives": 1, "form": "BASE", "attack": true, "guard": true, "traversal": true, "identities_exercised": 0, "alternations": 0 } state=shield_hold shielding=true
EXERCISE kaia-windrow:first_release
OBJECTIVE_EVIDENCE { "objective_complete": true, "elapsed": 5.43333333333332, "interaction": "DECISIVE_INTERVENTION", "decision": "", "escorted_fighters": [], "steps": 0, "yin_count": 3, "yang_count": 2, "player_hits": 6, "guard_seconds": 0.0, "released": ["nix-calder"], "player_damage": { "juno-spark": 0.0, "nix-calder": 44.53097472, "orion-vell": 0.0, "ember-vale": 0.0, "vesper-nyx": 0.0 }, "perspectives": 1, "form": "BASE", "attack": true, "guard": false, "traversal": true, "identities_exercised": 0, "alternations": 0 } state=special_startup shielding=false
EXERCISE kaia-windrow:equilibrium
OBJECTIVE_EVIDENCE { "objective_complete": true, "elapsed": 9.01666666666669, "interaction": "DECISIVE_INTERVENTION", "decision": "", "escorted_fighters": [], "steps": 0, "yin_count": 2, "yang_count": 2, "player_hits": 0, "guard_seconds": 8.01666666666664, "released": [], "player_damage": { "juno-spark": 0.0, "orion-vell": 0.0, "ember-vale": 0.0, "vesper-nyx": 0.0 }, "perspectives": 2, "form": "BASE", "attack": false, "guard": true, "traversal": true, "identities_exercised": 0, "alternations": 0 } state=shield_hold shielding=true
EXERCISE kaia-windrow:dual_release_1
OBJECTIVE_EVIDENCE { "objective_complete": true, "elapsed": 14.6833333333336, "interaction": "DECISIVE_INTERVENTION", "decision": "", "escorted_fighters": [], "steps": 0, "yin_count": 2, "yang_count": 2, "player_hits": 17, "guard_seconds": 0.0, "released": ["juno-spark", "ember-vale"], "player_damage": { "juno-spark": 44.53097472, "orion-vell": 0.0, "ember-vale": 42.0913152, "vesper-nyx": 0.0 }, "perspectives": 2, "form": "BASE", "attack": true, "guard": false, "traversal": true, "identities_exercised": 0, "alternations": 0 } state=special_startup shielding=false
EXERCISE kaia-windrow:dual_release_2
OBJECTIVE_EVIDENCE { "objective_complete": true, "elapsed": 14.6833333333336, "interaction": "DECISIVE_INTERVENTION", "decision": "", "escorted_fighters": [], "steps": 0, "yin_count": 1, "yang_count": 1, "player_hits": 17, "guard_seconds": 0.0, "released": ["orion-vell", "vesper-nyx"], "player_damage": { "orion-vell": 44.53097472, "vesper-nyx": 42.0913152 }, "perspectives": 4, "form": "BASE", "attack": true, "guard": false, "traversal": true, "identities_exercised": 0, "alternations": 0 } state=special_startup shielding=false
EXERCISE kaia-windrow:prismatic_gray
OBJECTIVE_EVIDENCE { "objective_complete": true, "elapsed": 5.19999999999999, "interaction": "DECISIVE_INTERVENTION", "decision": "", "escorted_fighters": [], "steps": 6, "yin_count": 0, "yang_count": 0, "player_hits": 0, "guard_seconds": 0.0, "released": [], "player_damage": {  }, "perspectives": 6, "form": "PRISMATIC_GRAY", "attack": false, "guard": true, "traversal": true, "identities_exercised": 0, "alternations": 0 } state=shield_hold shielding=true
EXERCISE kaia-windrow:impossible_battle_2
OBJECTIVE_EVIDENCE { "objective_complete": false, "elapsed": 20.4833333333335, "interaction": "DECISIVE_INTERVENTION", "decision": "", "escorted_fighters": [], "steps": 0, "yin_count": 0, "yang_count": 0, "player_hits": 0, "guard_seconds": 0.0, "released": [], "player_damage": {  }, "perspectives": 6, "form": "PRISMATIC_GRAY", "attack": false, "guard": true, "traversal": true, "identities_exercised": 0, "alternations": 0 } state=shield_hold shielding=true
ERROR: authenticated_result_kaia-windrow:impossible_battle_2
   at: push_error (core/variant/variant_utility.cpp:1023)
   GDScript backtrace (most recent call first):
       [0] check (res://tests/v1_closure/FullCampaign.gd:18)
       [1] _run (res://tests/v1_closure/FullCampaign.gd:80)
       [2] frames (res://tests/v1_closure/FullCampaign.gd:20)
ERROR: results_scene_kaia-windrow:impossible_battle_2
   at: push_error (core/variant/variant_utility.cpp:1023)
   GDScript backtrace (most recent call first):
       [0] check (res://tests/v1_closure/FullCampaign.gd:18)
       [1] _run (res://tests/v1_closure/FullCampaign.gd:81)
       [2] frames (res://tests/v1_closure/FullCampaign.gd:20)
ERROR: signed_resume_kaia-windrow:impossible_battle_2
   at: push_error (core/variant/variant_utility.cpp:1023)
   GDScript backtrace (most recent call first):
       [0] check (res://tests/v1_closure/FullCampaign.gd:18)
       [1] _run (res://tests/v1_closure/FullCampaign.gd:88)
       [2] frames (res://tests/v1_closure/FullCampaign.gd:20)
FULL_CAMPAIGN false nodes=18 failures=["authenticated_result_kaia-windrow:impossible_battle_2", "results_scene_kaia-windrow:impossible_battle_2", "signed_resume_kaia-windrow:impossible_battle_2"]
