{"project": "/var/folders/dp/z5frf3m511jcdpdf8v878v8h0000gn/T/aa-ordinary-review-ojb57mvk/game-godot", "profile": "production_shippingrosterpath_20261010", "isolated_project_name": "Anime Aggressors Review production_shippingrosterpath_20261010", "command": ["/opt/homebrew/bin/godot", "--path", "/var/folders/dp/z5frf3m511jcdpdf8v878v8h0000gn/T/aa-ordinary-review-ojb57mvk/game-godot", "--log-file", "/Users/gunnchos/Downloads/gunnchos-7gc-research-product-spine/repos/_anime_v1_closure/artifacts/v1_closure/dialogue_performance/regressions/ShippingRosterPath/godot.log", "--headless", "--fixed-fps", "60", "--script", "res://tests/v1_closure/ShippingRosterPath.gd", "--", "--ordinary-output=/Users/gunnchos/Downloads/gunnchos-7gc-research-product-spine/repos/_anime_v1_closure/artifacts/v1_closure/dialogue_performance/regressions/ShippingRosterPath", "--roster-staged-unlocks=/private/tmp/anime-full-campaign-v2.json", "--source-sha=b1b64dd2a2f1c5aee9d6b7b879758996aefa7c06", "--ordinary-max-nodes=20", "--ordinary-route=kaia-windrow"]}
Godot Engine v4.7.1.stable.official.a13da4feb - https://godotengine.org

WARNING: REVIEW_ONLY announcer spoken-name unavailable: fighter=ember-vale reason=speech_unavailable
     at: push_warning (core/variant/variant_utility.cpp:1033)
     GDScript backtrace (most recent call first):
         [0] _warn_unavailable (res://scripts/audio/announcer_voice_provider.gd:180)
         [1] speak_lockin (res://scripts/audio/announcer_voice_provider.gd:122)
         [2] announce_lock (res://scripts/audio/fighter_announcer.gd:94)
         [3] _announce_lock (res://scripts/menus/fighter_select_scene.gd:821)
         [4] _on_next_player_pressed (res://scripts/menus/fighter_select_scene.gd:758)
         [5] _on_lock_in_pressed (res://scripts/menus/fighter_select_scene.gd:745)
         [6] _run (res://tests/v1_closure/ShippingRosterPath.gd:64)
         [7] wait_scene (res://tests/v1_closure/ShippingRosterPath.gd:29)
         [8] frames (res://tests/v1_closure/ShippingRosterPath.gd:16)
SHIPPING_PATH_CHECK ember-vale:male
WARNING: REVIEW_ONLY announcer spoken-name unavailable: fighter=ember-vale reason=speech_unavailable
     at: push_warning (core/variant/variant_utility.cpp:1033)
     GDScript backtrace (most recent call first):
         [0] _warn_unavailable (res://scripts/audio/announcer_voice_provider.gd:180)
         [1] speak_lockin (res://scripts/audio/announcer_voice_provider.gd:122)
         [2] announce_lock (res://scripts/audio/fighter_announcer.gd:94)
         [3] _announce_lock (res://scripts/menus/fighter_select_scene.gd:821)
         [4] _on_next_player_pressed (res://scripts/menus/fighter_select_scene.gd:758)
         [5] _on_lock_in_pressed (res://scripts/menus/fighter_select_scene.gd:745)
         [6] _run (res://tests/v1_closure/ShippingRosterPath.gd:64)
         [7] wait_scene (res://tests/v1_closure/ShippingRosterPath.gd:29)
         [8] frames (res://tests/v1_closure/ShippingRosterPath.gd:16)
SHIPPING_PATH_CHECK ember-vale:female
WARNING: REVIEW_ONLY announcer spoken-name unavailable: fighter=rook-ironside reason=speech_unavailable
     at: push_warning (core/variant/variant_utility.cpp:1033)
     GDScript backtrace (most recent call first):
         [0] _warn_unavailable (res://scripts/audio/announcer_voice_provider.gd:180)
         [1] speak_lockin (res://scripts/audio/announcer_voice_provider.gd:122)
         [2] announce_lock (res://scripts/audio/fighter_announcer.gd:94)
         [3] _announce_lock (res://scripts/menus/fighter_select_scene.gd:821)
         [4] _on_next_player_pressed (res://scripts/menus/fighter_select_scene.gd:758)
         [5] _on_lock_in_pressed (res://scripts/menus/fighter_select_scene.gd:745)
         [6] _run (res://tests/v1_closure/ShippingRosterPath.gd:64)
         [7] wait_scene (res://tests/v1_closure/ShippingRosterPath.gd:29)
         [8] frames (res://tests/v1_closure/ShippingRosterPath.gd:16)
SHIPPING_PATH_CHECK rook-ironside:male
WARNING: REVIEW_ONLY announcer spoken-name unavailable: fighter=rook-ironside reason=speech_unavailable
     at: push_warning (core/variant/variant_utility.cpp:1033)
     GDScript backtrace (most recent call first):
         [0] _warn_unavailable (res://scripts/audio/announcer_voice_provider.gd:180)
         [1] speak_lockin (res://scripts/audio/announcer_voice_provider.gd:122)
         [2] announce_lock (res://scripts/audio/fighter_announcer.gd:94)
         [3] _announce_lock (res://scripts/menus/fighter_select_scene.gd:821)
         [4] _on_next_player_pressed (res://scripts/menus/fighter_select_scene.gd:758)
         [5] _on_lock_in_pressed (res://scripts/menus/fighter_select_scene.gd:745)
         [6] _run (res://tests/v1_closure/ShippingRosterPath.gd:64)
         [7] wait_scene (res://tests/v1_closure/ShippingRosterPath.gd:29)
         [8] frames (res://tests/v1_closure/ShippingRosterPath.gd:16)
SHIPPING_PATH_CHECK rook-ironside:female
WARNING: REVIEW_ONLY announcer spoken-name unavailable: fighter=juno-spark reason=speech_unavailable
     at: push_warning (core/variant/variant_utility.cpp:1033)
     GDScript backtrace (most recent call first):
         [0] _warn_unavailable (res://scripts/audio/announcer_voice_provider.gd:180)
         [1] speak_lockin (res://scripts/audio/announcer_voice_provider.gd:122)
         [2] announce_lock (res://scripts/audio/fighter_announcer.gd:94)
         [3] _announce_lock (res://scripts/menus/fighter_select_scene.gd:821)
         [4] _on_next_player_pressed (res://scripts/menus/fighter_select_scene.gd:758)
         [5] _on_lock_in_pressed (res://scripts/menus/fighter_select_scene.gd:745)
         [6] _run (res://tests/v1_closure/ShippingRosterPath.gd:64)
         [7] wait_scene (res://tests/v1_closure/ShippingRosterPath.gd:29)
         [8] frames (res://tests/v1_closure/ShippingRosterPath.gd:16)
SHIPPING_PATH_CHECK juno-spark:male
WARNING: REVIEW_ONLY announcer spoken-name unavailable: fighter=juno-spark reason=speech_unavailable
     at: push_warning (core/variant/variant_utility.cpp:1033)
     GDScript backtrace (most recent call first):
         [0] _warn_unavailable (res://scripts/audio/announcer_voice_provider.gd:180)
         [1] speak_lockin (res://scripts/audio/announcer_voice_provider.gd:122)
         [2] announce_lock (res://scripts/audio/fighter_announcer.gd:94)
         [3] _announce_lock (res://scripts/menus/fighter_select_scene.gd:821)
         [4] _on_next_player_pressed (res://scripts/menus/fighter_select_scene.gd:758)
         [5] _on_lock_in_pressed (res://scripts/menus/fighter_select_scene.gd:745)
         [6] _run (res://tests/v1_closure/ShippingRosterPath.gd:64)
         [7] wait_scene (res://tests/v1_closure/ShippingRosterPath.gd:29)
         [8] frames (res://tests/v1_closure/ShippingRosterPath.gd:16)
SHIPPING_PATH_CHECK juno-spark:female
WARNING: REVIEW_ONLY announcer spoken-name unavailable: fighter=kaia-windrow reason=speech_unavailable
     at: push_warning (core/variant/variant_utility.cpp:1033)
     GDScript backtrace (most recent call first):
         [0] _warn_unavailable (res://scripts/audio/announcer_voice_provider.gd:180)
         [1] speak_lockin (res://scripts/audio/announcer_voice_provider.gd:122)
         [2] announce_lock (res://scripts/audio/fighter_announcer.gd:94)
         [3] _announce_lock (res://scripts/menus/fighter_select_scene.gd:821)
         [4] _on_next_player_pressed (res://scripts/menus/fighter_select_scene.gd:758)
         [5] _on_lock_in_pressed (res://scripts/menus/fighter_select_scene.gd:745)
         [6] _run (res://tests/v1_closure/ShippingRosterPath.gd:64)
         [7] wait_scene (res://tests/v1_closure/ShippingRosterPath.gd:29)
         [8] frames (res://tests/v1_closure/ShippingRosterPath.gd:16)
SHIPPING_PATH_CHECK kaia-windrow:male
WARNING: REVIEW_ONLY announcer spoken-name unavailable: fighter=kaia-windrow reason=speech_unavailable
     at: push_warning (core/variant/variant_utility.cpp:1033)
     GDScript backtrace (most recent call first):
         [0] _warn_unavailable (res://scripts/audio/announcer_voice_provider.gd:180)
         [1] speak_lockin (res://scripts/audio/announcer_voice_provider.gd:122)
         [2] announce_lock (res://scripts/audio/fighter_announcer.gd:94)
         [3] _announce_lock (res://scripts/menus/fighter_select_scene.gd:821)
         [4] _on_next_player_pressed (res://scripts/menus/fighter_select_scene.gd:758)
         [5] _on_lock_in_pressed (res://scripts/menus/fighter_select_scene.gd:745)
         [6] _run (res://tests/v1_closure/ShippingRosterPath.gd:64)
         [7] wait_scene (res://tests/v1_closure/ShippingRosterPath.gd:29)
         [8] frames (res://tests/v1_closure/ShippingRosterPath.gd:16)
SHIPPING_PATH_CHECK kaia-windrow:female
WARNING: REVIEW_ONLY announcer spoken-name unavailable: fighter=nix-calder reason=speech_unavailable
     at: push_warning (core/variant/variant_utility.cpp:1033)
     GDScript backtrace (most recent call first):
         [0] _warn_unavailable (res://scripts/audio/announcer_voice_provider.gd:180)
         [1] speak_lockin (res://scripts/audio/announcer_voice_provider.gd:122)
         [2] announce_lock (res://scripts/audio/fighter_announcer.gd:94)
         [3] _announce_lock (res://scripts/menus/fighter_select_scene.gd:821)
         [4] _on_next_player_pressed (res://scripts/menus/fighter_select_scene.gd:758)
         [5] _on_lock_in_pressed (res://scripts/menus/fighter_select_scene.gd:745)
         [6] _run (res://tests/v1_closure/ShippingRosterPath.gd:64)
         [7] wait_scene (res://tests/v1_closure/ShippingRosterPath.gd:29)
         [8] frames (res://tests/v1_closure/ShippingRosterPath.gd:16)
SHIPPING_PATH_CHECK nix-calder:male
WARNING: REVIEW_ONLY announcer spoken-name unavailable: fighter=nix-calder reason=speech_unavailable
     at: push_warning (core/variant/variant_utility.cpp:1033)
     GDScript backtrace (most recent call first):
         [0] _warn_unavailable (res://scripts/audio/announcer_voice_provider.gd:180)
         [1] speak_lockin (res://scripts/audio/announcer_voice_provider.gd:122)
         [2] announce_lock (res://scripts/audio/fighter_announcer.gd:94)
         [3] _announce_lock (res://scripts/menus/fighter_select_scene.gd:821)
         [4] _on_next_player_pressed (res://scripts/menus/fighter_select_scene.gd:758)
         [5] _on_lock_in_pressed (res://scripts/menus/fighter_select_scene.gd:745)
         [6] _run (res://tests/v1_closure/ShippingRosterPath.gd:64)
         [7] wait_scene (res://tests/v1_closure/ShippingRosterPath.gd:29)
         [8] frames (res://tests/v1_closure/ShippingRosterPath.gd:16)
SHIPPING_PATH_CHECK nix-calder:female
WARNING: REVIEW_ONLY announcer spoken-name unavailable: fighter=orion-vell reason=speech_unavailable
     at: push_warning (core/variant/variant_utility.cpp:1033)
     GDScript backtrace (most recent call first):
         [0] _warn_unavailable (res://scripts/audio/announcer_voice_provider.gd:180)
         [1] speak_lockin (res://scripts/audio/announcer_voice_provider.gd:122)
         [2] announce_lock (res://scripts/audio/fighter_announcer.gd:94)
         [3] _announce_lock (res://scripts/menus/fighter_select_scene.gd:821)
         [4] _on_next_player_pressed (res://scripts/menus/fighter_select_scene.gd:758)
         [5] _on_lock_in_pressed (res://scripts/menus/fighter_select_scene.gd:745)
         [6] _run (res://tests/v1_closure/ShippingRosterPath.gd:64)
         [7] wait_scene (res://tests/v1_closure/ShippingRosterPath.gd:29)
         [8] frames (res://tests/v1_closure/ShippingRosterPath.gd:16)
SHIPPING_PATH_CHECK orion-vell:male
WARNING: REVIEW_ONLY announcer spoken-name unavailable: fighter=orion-vell reason=speech_unavailable
     at: push_warning (core/variant/variant_utility.cpp:1033)
     GDScript backtrace (most recent call first):
         [0] _warn_unavailable (res://scripts/audio/announcer_voice_provider.gd:180)
         [1] speak_lockin (res://scripts/audio/announcer_voice_provider.gd:122)
         [2] announce_lock (res://scripts/audio/fighter_announcer.gd:94)
         [3] _announce_lock (res://scripts/menus/fighter_select_scene.gd:821)
         [4] _on_next_player_pressed (res://scripts/menus/fighter_select_scene.gd:758)
         [5] _on_lock_in_pressed (res://scripts/menus/fighter_select_scene.gd:745)
         [6] _run (res://tests/v1_closure/ShippingRosterPath.gd:64)
         [7] wait_scene (res://tests/v1_closure/ShippingRosterPath.gd:29)
         [8] frames (res://tests/v1_closure/ShippingRosterPath.gd:16)
SHIPPING_PATH_CHECK orion-vell:female
WARNING: REVIEW_ONLY announcer spoken-name unavailable: fighter=vesper-nyx reason=speech_unavailable
     at: push_warning (core/variant/variant_utility.cpp:1033)
     GDScript backtrace (most recent call first):
         [0] _warn_unavailable (res://scripts/audio/announcer_voice_provider.gd:180)
         [1] speak_lockin (res://scripts/audio/announcer_voice_provider.gd:122)
         [2] announce_lock (res://scripts/audio/fighter_announcer.gd:94)
         [3] _announce_lock (res://scripts/menus/fighter_select_scene.gd:821)
         [4] _on_next_player_pressed (res://scripts/menus/fighter_select_scene.gd:758)
         [5] _on_lock_in_pressed (res://scripts/menus/fighter_select_scene.gd:745)
         [6] _run (res://tests/v1_closure/ShippingRosterPath.gd:64)
         [7] wait_scene (res://tests/v1_closure/ShippingRosterPath.gd:29)
         [8] frames (res://tests/v1_closure/ShippingRosterPath.gd:16)
SHIPPING_PATH_CHECK vesper-nyx:male
WARNING: REVIEW_ONLY announcer spoken-name unavailable: fighter=vesper-nyx reason=speech_unavailable
     at: push_warning (core/variant/variant_utility.cpp:1033)
     GDScript backtrace (most recent call first):
         [0] _warn_unavailable (res://scripts/audio/announcer_voice_provider.gd:180)
         [1] speak_lockin (res://scripts/audio/announcer_voice_provider.gd:122)
         [2] announce_lock (res://scripts/audio/fighter_announcer.gd:94)
         [3] _announce_lock (res://scripts/menus/fighter_select_scene.gd:821)
         [4] _on_next_player_pressed (res://scripts/menus/fighter_select_scene.gd:758)
         [5] _on_lock_in_pressed (res://scripts/menus/fighter_select_scene.gd:745)
         [6] _run (res://tests/v1_closure/ShippingRosterPath.gd:64)
         [7] wait_scene (res://tests/v1_closure/ShippingRosterPath.gd:29)
         [8] frames (res://tests/v1_closure/ShippingRosterPath.gd:16)
SHIPPING_PATH_CHECK vesper-nyx:female
WARNING: REVIEW_ONLY announcer spoken-name unavailable: fighter=yin reason=unknown_fighter
     at: push_warning (core/variant/variant_utility.cpp:1033)
     GDScript backtrace (most recent call first):
         [0] _warn_unavailable (res://scripts/audio/announcer_voice_provider.gd:180)
         [1] speak_lockin (res://scripts/audio/announcer_voice_provider.gd:82)
         [2] announce_lock (res://scripts/audio/fighter_announcer.gd:94)
         [3] _announce_lock (res://scripts/menus/fighter_select_scene.gd:821)
         [4] _on_next_player_pressed (res://scripts/menus/fighter_select_scene.gd:758)
         [5] _on_lock_in_pressed (res://scripts/menus/fighter_select_scene.gd:745)
         [6] _run (res://tests/v1_closure/ShippingRosterPath.gd:64)
         [7] wait_scene (res://tests/v1_closure/ShippingRosterPath.gd:29)
         [8] frames (res://tests/v1_closure/ShippingRosterPath.gd:16)
SHIPPING_PATH_CHECK yin:male
WARNING: REVIEW_ONLY announcer spoken-name unavailable: fighter=yin reason=unknown_fighter
     at: push_warning (core/variant/variant_utility.cpp:1033)
     GDScript backtrace (most recent call first):
         [0] _warn_unavailable (res://scripts/audio/announcer_voice_provider.gd:180)
         [1] speak_lockin (res://scripts/audio/announcer_voice_provider.gd:82)
         [2] announce_lock (res://scripts/audio/fighter_announcer.gd:94)
         [3] _announce_lock (res://scripts/menus/fighter_select_scene.gd:821)
         [4] _on_next_player_pressed (res://scripts/menus/fighter_select_scene.gd:758)
         [5] _on_lock_in_pressed (res://scripts/menus/fighter_select_scene.gd:745)
         [6] _run (res://tests/v1_closure/ShippingRosterPath.gd:64)
         [7] wait_scene (res://tests/v1_closure/ShippingRosterPath.gd:29)
         [8] frames (res://tests/v1_closure/ShippingRosterPath.gd:16)
SHIPPING_PATH_CHECK yin:female
WARNING: REVIEW_ONLY announcer spoken-name unavailable: fighter=yang reason=unknown_fighter
     at: push_warning (core/variant/variant_utility.cpp:1033)
     GDScript backtrace (most recent call first):
         [0] _warn_unavailable (res://scripts/audio/announcer_voice_provider.gd:180)
         [1] speak_lockin (res://scripts/audio/announcer_voice_provider.gd:82)
         [2] announce_lock (res://scripts/audio/fighter_announcer.gd:94)
         [3] _announce_lock (res://scripts/menus/fighter_select_scene.gd:821)
         [4] _on_next_player_pressed (res://scripts/menus/fighter_select_scene.gd:758)
         [5] _on_lock_in_pressed (res://scripts/menus/fighter_select_scene.gd:745)
         [6] _run (res://tests/v1_closure/ShippingRosterPath.gd:64)
         [7] wait_scene (res://tests/v1_closure/ShippingRosterPath.gd:29)
         [8] frames (res://tests/v1_closure/ShippingRosterPath.gd:16)
SHIPPING_PATH_CHECK yang:male
WARNING: REVIEW_ONLY announcer spoken-name unavailable: fighter=yang reason=unknown_fighter
     at: push_warning (core/variant/variant_utility.cpp:1033)
     GDScript backtrace (most recent call first):
         [0] _warn_unavailable (res://scripts/audio/announcer_voice_provider.gd:180)
         [1] speak_lockin (res://scripts/audio/announcer_voice_provider.gd:82)
         [2] announce_lock (res://scripts/audio/fighter_announcer.gd:94)
         [3] _announce_lock (res://scripts/menus/fighter_select_scene.gd:821)
         [4] _on_next_player_pressed (res://scripts/menus/fighter_select_scene.gd:758)
         [5] _on_lock_in_pressed (res://scripts/menus/fighter_select_scene.gd:745)
         [6] _run (res://tests/v1_closure/ShippingRosterPath.gd:64)
         [7] wait_scene (res://tests/v1_closure/ShippingRosterPath.gd:29)
         [8] frames (res://tests/v1_closure/ShippingRosterPath.gd:16)
SHIPPING_PATH_CHECK yang:female
SHIPPING_ROSTER PASS rows=18 failures=[]
