Godot Engine v4.7.1.stable.official.a13da4feb - https://godotengine.org
OpenGL API 4.1 Metal - 91.7 - Compatibility - Using Device: Apple - Apple M2

ORDINARY_PROFILE /Users/gunnchos/Library/Application Support/Godot/app_userdata/Anime Aggressors Review kaia_final_20261009
ORDINARY_SCENE res://scenes/boot/BootScene.tscn
ORDINARY_SAVE_RESOLUTION path=user://anime_v1_campaign.json resolved=/Users/gunnchos/Library/Application Support/Godot/app_userdata/Anime Aggressors Review kaia_final_20261009/anime_v1_campaign.json exists=true bytes=12944
ORDINARY_START_PROGRESS ["kaia-windrow:prologue","kaia-windrow:recruit:juno-spark","kaia-windrow:recruit:nix-calder","kaia-windrow:recruit:rook-ironside","kaia-windrow:recruit:orion-vell","kaia-windrow:recruit:ember-vale","kaia-windrow:recruit:vesper-nyx","kaia-windrow:accord","kaia-windrow:catastrophe","kaia-windrow:impossible_battle_1","kaia-windrow:first_loss","kaia-windrow:puppet_imbalance","kaia-windrow:first_release","kaia-windrow:equilibrium","kaia-windrow:dual_release_1","kaia-windrow:dual_release_2","kaia-windrow:prismatic_gray","kaia-windrow:impossible_battle_2","kaia-windrow:epilogue","kaia-windrow:unlock"] error=
ORDINARY_SCENE res://scenes/menus/MainMenuScene.tscn
ORDINARY_SCENE res://scenes/menus/StoryCampaignScene.tscn
ORDINARY_SCENE res://scenes/battle/BattleScene.tscn
ORDINARY_SCENE res://scenes/ui/ResultsScene.tscn
ORDINARY_RESULT {"blocks":0,"enemy_hits":0,"enemy_moves":18,"frames":480,"max_player_damage":0.0,"node":"kaia-windrow:first_loss","normal_rules":true,"player_hits":0,"receipt":{"additional_opponent":"","advanced":false,"node_id":"kaia-windrow:first_loss","objective_contract":"FIRST_LOSS","objective_evidence":{"alternations":0,"attack":true,"decision":"","elapsed":4.74999999999999,"escorted_fighters":[],"form":"BASE","guard":false,"guard_seconds":0.0,"identities_exercised":0,"interaction":"DECISIVE_INTERVENTION","objective_complete":true,"perspectives":0,"player_damage":{},"player_hits":0,"released":[],"steps":2,"traversal":true,"yang_count":2,"yin_count":3},"qualifying":true,"replay":true,"route_id":"kaia-windrow","survive_seconds":0,"token":"kaia-windrow:first_loss:3480833:1","winner":1},"start_stocks":2,"winner":1}
ORDINARY_SCENE res://scenes/menus/StoryCampaignScene.tscn
ORDINARY_SCENE res://scenes/battle/BattleScene.tscn
ORDINARY_PROGRESS {"frame":600,"inputs":["shield"],"node":"kaia-windrow:puppet_imbalance","objective":{"alternations":0,"attack":true,"decision":"","elapsed":6.41666666666665,"escorted_fighters":[],"form":"BASE","guard":true,"guard_seconds":0.716666666666667,"identities_exercised":0,"interaction":"DECISIVE_INTERVENTION","objective_complete":false,"perspectives":1,"player_damage":{"ember-vale":0.0,"juno-spark":0.0,"nix-calder":0.0,"orion-vell":13.0056192,"vesper-nyx":0.0},"player_hits":3,"released":[],"steps":0,"traversal":true,"yang_count":2,"yin_count":3},"p1_damage":0.0,"p1_facing":-1,"p1_position":[52.892276763916,300.175231933594],"p1_shield":85.1000000000001,"p1_state":"shield_hold","p1_stocks":2,"p2_damage":8.7296,"p2_position":[377.5,322.0],"p2_shield":92.0,"p2_state":"ledge_hang","p2_stocks":99}
ORDINARY_SCENE res://scenes/ui/ResultsScene.tscn
ORDINARY_RESULT {"blocks":2,"enemy_hits":0,"enemy_moves":59,"frames":660,"max_player_damage":0.0,"node":"kaia-windrow:puppet_imbalance","normal_rules":true,"player_hits":3,"receipt":{"additional_opponent":"","advanced":false,"node_id":"kaia-windrow:puppet_imbalance","objective_contract":"PUPPET_IMBALANCE","objective_evidence":{"alternations":0,"attack":true,"decision":"","elapsed":7.71666666666664,"escorted_fighters":[],"form":"BASE","guard":true,"guard_seconds":2.01666666666666,"identities_exercised":0,"interaction":"DECISIVE_INTERVENTION","objective_complete":true,"perspectives":1,"player_damage":{"ember-vale":0.0,"juno-spark":0.0,"nix-calder":0.0,"orion-vell":13.0056192,"vesper-nyx":0.0},"player_hits":3,"released":[],"steps":0,"traversal":true,"yang_count":2,"yin_count":3},"qualifying":true,"replay":true,"route_id":"kaia-windrow","survive_seconds":0,"token":"kaia-windrow:puppet_imbalance:45168363:2","winner":1},"start_stocks":2,"winner":1}
ORDINARY_SCENE res://scenes/menus/StoryCampaignScene.tscn
ORDINARY_SCENE res://scenes/battle/BattleScene.tscn
ORDINARY_PROGRESS {"frame":600,"inputs":["left"],"node":"kaia-windrow:first_release","objective":{"alternations":0,"attack":true,"decision":"","elapsed":6.41666666666665,"escorted_fighters":[],"form":"BASE","guard":true,"guard_seconds":0.0,"identities_exercised":0,"interaction":"DECISIVE_INTERVENTION","objective_complete":false,"perspectives":1,"player_damage":{"ember-vale":0.0,"juno-spark":0.0,"nix-calder":0.0,"orion-vell":8.404992,"vesper-nyx":0.0},"player_hits":1,"released":[],"steps":0,"traversal":true,"yang_count":2,"yin_count":3},"p1_damage":16.0512,"p1_facing":-1,"p1_position":[103.635162353516,300.17529296875],"p1_shield":98.0,"p1_state":"attack_recovery","p1_stocks":2,"p2_damage":0.0,"p2_position":[284.485504150391,193.092575073242],"p2_shield":50.9000000000004,"p2_state":"attack_recovery","p2_stocks":99}
ORDINARY_SCENE res://scenes/ui/ResultsScene.tscn
ORDINARY_RESULT {"blocks":5,"enemy_hits":4,"enemy_moves":68,"frames":720,"max_player_damage":19.9232,"node":"kaia-windrow:first_release","normal_rules":true,"player_hits":11,"receipt":{"additional_opponent":"","advanced":false,"node_id":"kaia-windrow:first_release","objective_contract":"FIRST_RELEASE","objective_evidence":{"alternations":0,"attack":true,"decision":"","elapsed":8.75000000000001,"escorted_fighters":[],"form":"BASE","guard":true,"guard_seconds":0.0,"identities_exercised":0,"interaction":"DECISIVE_INTERVENTION","objective_complete":true,"perspectives":1,"player_damage":{"ember-vale":0.0,"juno-spark":0.0,"nix-calder":0.0,"orion-vell":42.099277824,"vesper-nyx":0.0},"player_hits":11,"released":["orion-vell"],"steps":0,"traversal":true,"yang_count":2,"yin_count":3},"qualifying":true,"replay":true,"route_id":"kaia-windrow","survive_seconds":0,"token":"kaia-windrow:first_release:122815318:3","winner":1},"start_stocks":2,"winner":1}
ORDINARY_SCENE res://scenes/menus/StoryCampaignScene.tscn
ORDINARY_SCENE res://scenes/battle/BattleScene.tscn
