Godot Engine v4.7.1.stable.official.a13da4feb - https://godotengine.org

EXERCISE kaia-windrow:prologue
EXERCISE kaia-windrow:recruit:juno-spark
EXERCISE kaia-windrow:recruit:nix-calder
EXERCISE kaia-windrow:recruit:rook-ironside
EXERCISE kaia-windrow:recruit:orion-vell
EXERCISE kaia-windrow:recruit:ember-vale
EXERCISE kaia-windrow:recruit:vesper-nyx
EXERCISE kaia-windrow:accord
EXERCISE kaia-windrow:catastrophe
EXERCISE kaia-windrow:impossible_battle_1
EXERCISE kaia-windrow:first_loss
OBJECTIVE_EVIDENCE { "objective_complete": true, "elapsed": 2.0, "interaction": "DECISIVE_INTERVENTION", "decision": "", "escorted_fighters": [], "steps": 2, "yin_count": 3, "yang_count": 2, "player_hits": 0, "guard_seconds": 0.0, "released": [], "player_damage": {  }, "perspectives": 0, "form": "BASE", "attack": true, "guard": false, "traversal": true, "identities_exercised": 0, "alternations": 0 } state=idle shielding=false
EXERCISE kaia-windrow:puppet_imbalance
OBJECTIVE_EVIDENCE { "objective_complete": true, "elapsed": 7.43333333333331, "interaction": "DECISIVE_INTERVENTION", "decision": "", "escorted_fighters": [], "steps": 0, "yin_count": 3, "yang_count": 2, "player_hits": 6, "guard_seconds": 2.01666666666666, "released": [], "player_damage": { "juno-spark": 44.53097472, "nix-calder": 0.0, "orion-vell": 0.0, "ember-vale": 0.0, "vesper-nyx": 0.0 }, "perspectives": 1, "form": "BASE", "attack": true, "guard": true, "traversal": true, "identities_exercised": 0, "alternations": 0 } state=shield_hold shielding=true
EXERCISE kaia-windrow:first_release
OBJECTIVE_EVIDENCE { "objective_complete": true, "elapsed": 5.43333333333332, "interaction": "DECISIVE_INTERVENTION", "decision": "", "escorted_fighters": [], "steps": 0, "yin_count": 3, "yang_count": 2, "player_hits": 6, "guard_seconds": 0.0, "released": ["nix-calder"], "player_damage": { "juno-spark": 0.0, "nix-calder": 44.53097472, "orion-vell": 0.0, "ember-vale": 0.0, "vesper-nyx": 0.0 }, "perspectives": 1, "form": "BASE", "attack": true, "guard": false, "traversal": true, "identities_exercised": 0, "alternations": 0 } state=special_startup shielding=false
EXERCISE kaia-windrow:equilibrium
OBJECTIVE_EVIDENCE { "objective_complete": true, "elapsed": 9.01666666666669, "interaction": "DECISIVE_INTERVENTION", "decision": "", "escorted_fighters": [], "steps": 0, "yin_count": 2, "yang_count": 2, "player_hits": 0, "guard_seconds": 8.01666666666664, "released": [], "player_damage": { "juno-spark": 0.0, "orion-vell": 0.0, "ember-vale": 0.0, "vesper-nyx": 0.0 }, "perspectives": 2, "form": "BASE", "attack": false, "guard": true, "traversal": true, "identities_exercised": 0, "alternations": 0 } state=shield_hold shielding=true
EXERCISE kaia-windrow:dual_release_1
OBJECTIVE_EVIDENCE { "objective_complete": true, "elapsed": 14.6833333333336, "interaction": "DECISIVE_INTERVENTION", "decision": "", "escorted_fighters": [], "steps": 0, "yin_count": 2, "yang_count": 2, "player_hits": 17, "guard_seconds": 0.0, "released": ["juno-spark", "ember-vale"], "player_damage": { "juno-spark": 44.53097472, "orion-vell": 0.0, "ember-vale": 42.0913152, "vesper-nyx": 0.0 }, "perspectives": 2, "form": "BASE", "attack": true, "guard": false, "traversal": true, "identities_exercised": 0, "alternations": 0 } state=special_startup shielding=false
EXERCISE kaia-windrow:dual_release_2
OBJECTIVE_EVIDENCE { "objective_complete": true, "elapsed": 14.6833333333336, "interaction": "DECISIVE_INTERVENTION", "decision": "", "escorted_fighters": [], "steps": 0, "yin_count": 1, "yang_count": 1, "player_hits": 17, "guard_seconds": 0.0, "released": ["orion-vell", "vesper-nyx"], "player_damage": { "orion-vell": 44.53097472, "vesper-nyx": 42.0913152 }, "perspectives": 4, "form": "BASE", "attack": true, "guard": false, "traversal": true, "identities_exercised": 0, "alternations": 0 } state=special_startup shielding=false
EXERCISE kaia-windrow:prismatic_gray
OBJECTIVE_EVIDENCE { "objective_complete": true, "elapsed": 5.19999999999999, "interaction": "DECISIVE_INTERVENTION", "decision": "", "escorted_fighters": [], "steps": 6, "yin_count": 0, "yang_count": 0, "player_hits": 0, "guard_seconds": 0.0, "released": [], "player_damage": {  }, "perspectives": 6, "form": "PRISMATIC_GRAY", "attack": false, "guard": true, "traversal": true, "identities_exercised": 0, "alternations": 0 } state=shield_hold shielding=true
EXERCISE kaia-windrow:impossible_battle_2
OBJECTIVE_EVIDENCE { "objective_complete": true, "elapsed": 18.0000000000003, "interaction": "DECISIVE_INTERVENTION", "decision": "", "escorted_fighters": [], "steps": 0, "yin_count": 0, "yang_count": 0, "player_hits": 0, "guard_seconds": 0.0, "released": [], "player_damage": {  }, "perspectives": 6, "form": "PRISMATIC_GRAY", "attack": true, "guard": true, "traversal": true, "identities_exercised": 0, "alternations": 0 } state=shield_break shielding=false
EXERCISE kaia-windrow:epilogue
EXERCISE kaia-windrow:unlock
EXERCISE ember-vale:prologue
EXERCISE ember-vale:recruit:vesper-nyx
EXERCISE ember-vale:recruit:rook-ironside
EXERCISE ember-vale:recruit:orion-vell
EXERCISE ember-vale:recruit:juno-spark
EXERCISE ember-vale:recruit:nix-calder
EXERCISE ember-vale:recruit:kaia-windrow
EXERCISE ember-vale:accord
EXERCISE ember-vale:catastrophe
EXERCISE ember-vale:impossible_battle_1
EXERCISE ember-vale:first_loss
EXERCISE ember-vale:puppet_imbalance
OBJECTIVE_EVIDENCE { "objective_complete": true, "elapsed": 6.59999999999998, "interaction": "RESTRAINED_PROTECTION", "decision": "", "escorted_fighters": [], "steps": 0, "yin_count": 3, "yang_count": 2, "player_hits": 5, "guard_seconds": 2.01666666666666, "released": [], "player_damage": { "vesper-nyx": 43.3032, "rook-ironside": 0.0, "orion-vell": 0.0, "juno-spark": 0.0, "kaia-windrow": 0.0 }, "perspectives": 1, "form": "BASE", "attack": true, "guard": true, "traversal": true, "identities_exercised": 0, "alternations": 0 } state=shield_hold shielding=true
EXERCISE ember-vale:first_release
OBJECTIVE_EVIDENCE { "objective_complete": true, "elapsed": 4.59999999999999, "interaction": "RESTRAINED_PROTECTION", "decision": "", "escorted_fighters": [], "steps": 0, "yin_count": 3, "yang_count": 2, "player_hits": 5, "guard_seconds": 0.0, "released": ["rook-ironside"], "player_damage": { "vesper-nyx": 0.0, "rook-ironside": 43.3032, "orion-vell": 0.0, "juno-spark": 0.0, "kaia-windrow": 0.0 }, "perspectives": 1, "form": "BASE", "attack": true, "guard": false, "traversal": true, "identities_exercised": 0, "alternations": 0 } state=special_startup shielding=false
EXERCISE ember-vale:equilibrium
OBJECTIVE_EVIDENCE { "objective_complete": true, "elapsed": 9.03333333333336, "interaction": "RESTRAINED_PROTECTION", "decision": "", "escorted_fighters": [], "steps": 0, "yin_count": 2, "yang_count": 2, "player_hits": 0, "guard_seconds": 8.01666666666664, "released": [], "player_damage": { "vesper-nyx": 0.0, "orion-vell": 0.0, "juno-spark": 0.0, "kaia-windrow": 0.0 }, "perspectives": 2, "form": "BASE", "attack": false, "guard": true, "traversal": true, "identities_exercised": 0, "alternations": 0 } state=shield_hold shielding=true
EXERCISE ember-vale:dual_release_1
OBJECTIVE_EVIDENCE { "objective_complete": true, "elapsed": 13.0166666666669, "interaction": "RESTRAINED_PROTECTION", "decision": "", "escorted_fighters": [], "steps": 0, "yin_count": 2, "yang_count": 2, "player_hits": 15, "guard_seconds": 0.0, "released": ["vesper-nyx", "juno-spark"], "player_damage": { "vesper-nyx": 43.3032, "orion-vell": 0.0, "juno-spark": 42.504, "kaia-windrow": 0.0 }, "perspectives": 2, "form": "BASE", "attack": true, "guard": false, "traversal": true, "identities_exercised": 0, "alternations": 0 } state=special_startup shielding=false
EXERCISE ember-vale:dual_release_2
OBJECTIVE_EVIDENCE { "objective_complete": true, "elapsed": 13.0166666666669, "interaction": "RESTRAINED_PROTECTION", "decision": "", "escorted_fighters": [], "steps": 0, "yin_count": 1, "yang_count": 1, "player_hits": 15, "guard_seconds": 0.0, "released": ["orion-vell", "kaia-windrow"], "player_damage": { "orion-vell": 43.3032, "kaia-windrow": 42.504 }, "perspectives": 4, "form": "BASE", "attack": true, "guard": false, "traversal": true, "identities_exercised": 0, "alternations": 0 } state=special_startup shielding=false
EXERCISE ember-vale:prismatic_gray
OBJECTIVE_EVIDENCE { "objective_complete": true, "elapsed": 5.11666666666665, "interaction": "RESTRAINED_PROTECTION", "decision": "", "escorted_fighters": [], "steps": 6, "yin_count": 0, "yang_count": 0, "player_hits": 0, "guard_seconds": 0.0, "released": [], "player_damage": {  }, "perspectives": 6, "form": "PRISMATIC_GRAY", "attack": false, "guard": true, "traversal": true, "identities_exercised": 0, "alternations": 0 } state=shield_hold shielding=true
EXERCISE ember-vale:impossible_battle_2
OBJECTIVE_EVIDENCE { "objective_complete": true, "elapsed": 18.0000000000003, "interaction": "RESTRAINED_PROTECTION", "decision": "", "escorted_fighters": [], "steps": 0, "yin_count": 0, "yang_count": 0, "player_hits": 0, "guard_seconds": 0.0, "released": [], "player_damage": {  }, "perspectives": 6, "form": "PRISMATIC_GRAY", "attack": true, "guard": true, "traversal": true, "identities_exercised": 0, "alternations": 0 } state=shield_hold shielding=true
EXERCISE ember-vale:epilogue
EXERCISE ember-vale:unlock
EXERCISE rook-ironside:prologue
EXERCISE rook-ironside:recruit:ember-vale
EXERCISE rook-ironside:recruit:juno-spark
EXERCISE rook-ironside:recruit:vesper-nyx
EXERCISE rook-ironside:recruit:kaia-windrow
EXERCISE rook-ironside:recruit:orion-vell
EXERCISE rook-ironside:recruit:nix-calder
EXERCISE rook-ironside:accord
EXERCISE rook-ironside:catastrophe
EXERCISE rook-ironside:impossible_battle_1
EXERCISE rook-ironside:first_loss
EXERCISE rook-ironside:puppet_imbalance
OBJECTIVE_EVIDENCE { "objective_complete": true, "elapsed": 4.93333333333332, "interaction": "SHARED_DEFENSE", "decision": "", "escorted_fighters": [], "steps": 0, "yin_count": 3, "yang_count": 2, "player_hits": 3, "guard_seconds": 2.01666666666666, "released": [], "player_damage": { "ember-vale": 43.34931072, "vesper-nyx": 0.0, "kaia-windrow": 0.0, "orion-vell": 0.0, "nix-calder": 0.0 }, "perspectives": 1, "form": "BASE", "attack": true, "guard": true, "traversal": true, "identities_exercised": 0, "alternations": 0 } state=shield_hold shielding=true
EXERCISE rook-ironside:first_release
OBJECTIVE_EVIDENCE { "objective_complete": true, "elapsed": 2.93333333333333, "interaction": "SHARED_DEFENSE", "decision": "", "escorted_fighters": [], "steps": 0, "yin_count": 3, "yang_count": 2, "player_hits": 3, "guard_seconds": 0.0, "released": ["vesper-nyx"], "player_damage": { "ember-vale": 0.0, "vesper-nyx": 43.34931072, "kaia-windrow": 0.0, "orion-vell": 0.0, "nix-calder": 0.0 }, "perspectives": 1, "form": "BASE", "attack": true, "guard": false, "traversal": true, "identities_exercised": 0, "alternations": 0 } state=special_startup shielding=false
EXERCISE rook-ironside:equilibrium
OBJECTIVE_EVIDENCE { "objective_complete": true, "elapsed": 8.85000000000002, "interaction": "SHARED_DEFENSE", "decision": "", "escorted_fighters": [], "steps": 0, "yin_count": 2, "yang_count": 2, "player_hits": 0, "guard_seconds": 8.01666666666664, "released": [], "player_damage": { "ember-vale": 0.0, "kaia-windrow": 0.0, "orion-vell": 0.0, "nix-calder": 0.0 }, "perspectives": 2, "form": "BASE", "attack": false, "guard": true, "traversal": true, "identities_exercised": 0, "alternations": 0 } state=shield_hold shielding=true
EXERCISE rook-ironside:dual_release_1
OBJECTIVE_EVIDENCE { "objective_complete": true, "elapsed": 8.01666666666664, "interaction": "SHARED_DEFENSE", "decision": "", "escorted_fighters": [], "steps": 0, "yin_count": 2, "yang_count": 2, "player_hits": 9, "guard_seconds": 0.0, "released": ["ember-vale", "orion-vell"], "player_damage": { "ember-vale": 43.34931072, "kaia-windrow": 0.0, "orion-vell": 41.94242976, "nix-calder": 0.0 }, "perspectives": 2, "form": "BASE", "attack": true, "guard": false, "traversal": true, "identities_exercised": 0, "alternations": 0 } state=special_startup shielding=false
EXERCISE rook-ironside:dual_release_2
OBJECTIVE_EVIDENCE { "objective_complete": true, "elapsed": 8.01666666666664, "interaction": "SHARED_DEFENSE", "decision": "", "escorted_fighters": [], "steps": 0, "yin_count": 1, "yang_count": 1, "player_hits": 9, "guard_seconds": 0.0, "released": ["kaia-windrow", "nix-calder"], "player_damage": { "kaia-windrow": 43.34931072, "nix-calder": 41.94242976 }, "perspectives": 4, "form": "BASE", "attack": true, "guard": false, "traversal": true, "identities_exercised": 0, "alternations": 0 } state=special_startup shielding=false
EXERCISE rook-ironside:prismatic_gray
OBJECTIVE_EVIDENCE { "objective_complete": true, "elapsed": 4.93333333333332, "interaction": "SHARED_DEFENSE", "decision": "", "escorted_fighters": [], "steps": 6, "yin_count": 0, "yang_count": 0, "player_hits": 0, "guard_seconds": 0.0, "released": [], "player_damage": {  }, "perspectives": 6, "form": "PRISMATIC_GRAY", "attack": false, "guard": true, "traversal": true, "identities_exercised": 0, "alternations": 0 } state=shield_hold shielding=true
EXERCISE rook-ironside:impossible_battle_2
OBJECTIVE_EVIDENCE { "objective_complete": true, "elapsed": 18.0000000000003, "interaction": "SHARED_DEFENSE", "decision": "", "escorted_fighters": [], "steps": 0, "yin_count": 0, "yang_count": 0, "player_hits": 0, "guard_seconds": 0.0, "released": [], "player_damage": {  }, "perspectives": 6, "form": "PRISMATIC_GRAY", "attack": true, "guard": true, "traversal": true, "identities_exercised": 0, "alternations": 0 } state=shield_hold shielding=true
EXERCISE rook-ironside:epilogue
EXERCISE rook-ironside:unlock
EXERCISE juno-spark:prologue
EXERCISE juno-spark:recruit:rook-ironside
EXERCISE juno-spark:recruit:kaia-windrow
EXERCISE juno-spark:recruit:ember-vale
EXERCISE juno-spark:recruit:nix-calder
EXERCISE juno-spark:recruit:vesper-nyx
EXERCISE juno-spark:recruit:orion-vell
EXERCISE juno-spark:accord
EXERCISE juno-spark:catastrophe
EXERCISE juno-spark:impossible_battle_1
EXERCISE juno-spark:first_loss
OBJECTIVE_EVIDENCE { "objective_complete": true, "elapsed": 2.5, "interaction": "LAST_VECTOR_ESCORT", "decision": "ESCORT_TEAM", "escorted_fighters": ["ember-vale", "rook-ironside", "kaia-windrow", "nix-calder", "vesper-nyx"], "steps": 2, "yin_count": 3, "yang_count": 2, "player_hits": 0, "guard_seconds": 0.0, "released": [], "player_damage": {  }, "perspectives": 0, "form": "BASE", "attack": true, "guard": true, "traversal": true, "identities_exercised": 0, "alternations": 0 } state=idle shielding=false
EXERCISE juno-spark:puppet_imbalance
OBJECTIVE_EVIDENCE { "objective_complete": true, "elapsed": 7.43333333333331, "interaction": "LAST_VECTOR_ESCORT", "decision": "", "escorted_fighters": [], "steps": 0, "yin_count": 3, "yang_count": 2, "player_hits": 6, "guard_seconds": 2.01666666666666, "released": [], "player_damage": { "rook-ironside": 40.89737088, "kaia-windrow": 0.0, "ember-vale": 0.0, "nix-calder": 0.0, "vesper-nyx": 0.0 }, "perspectives": 1, "form": "BASE", "attack": true, "guard": true, "traversal": true, "identities_exercised": 0, "alternations": 0 } state=shield_hold shielding=true
EXERCISE juno-spark:first_release
OBJECTIVE_EVIDENCE { "objective_complete": true, "elapsed": 5.43333333333332, "interaction": "LAST_VECTOR_ESCORT", "decision": "", "escorted_fighters": [], "steps": 0, "yin_count": 3, "yang_count": 2, "player_hits": 6, "guard_seconds": 0.0, "released": ["kaia-windrow"], "player_damage": { "rook-ironside": 0.0, "kaia-windrow": 40.89737088, "ember-vale": 0.0, "nix-calder": 0.0, "vesper-nyx": 0.0 }, "perspectives": 1, "form": "BASE", "attack": true, "guard": false, "traversal": true, "identities_exercised": 0, "alternations": 0 } state=special_active shielding=false
EXERCISE juno-spark:equilibrium
OBJECTIVE_EVIDENCE { "objective_complete": true, "elapsed": 9.05000000000003, "interaction": "LAST_VECTOR_ESCORT", "decision": "", "escorted_fighters": [], "steps": 0, "yin_count": 2, "yang_count": 2, "player_hits": 0, "guard_seconds": 8.01666666666664, "released": [], "player_damage": { "rook-ironside": 0.0, "ember-vale": 0.0, "nix-calder": 0.0, "vesper-nyx": 0.0 }, "perspectives": 2, "form": "BASE", "attack": false, "guard": true, "traversal": true, "identities_exercised": 0, "alternations": 0 } state=shield_hold shielding=true
EXERCISE juno-spark:dual_release_1
OBJECTIVE_EVIDENCE { "objective_complete": true, "elapsed": 15.516666666667, "interaction": "LAST_VECTOR_ESCORT", "decision": "", "escorted_fighters": [], "steps": 0, "yin_count": 2, "yang_count": 2, "player_hits": 18, "guard_seconds": 0.0, "released": ["rook-ironside", "nix-calder"], "player_damage": { "rook-ironside": 40.89737088, "ember-vale": 0.0, "nix-calder": 42.1202496, "vesper-nyx": 0.0 }, "perspectives": 2, "form": "BASE", "attack": true, "guard": false, "traversal": true, "identities_exercised": 0, "alternations": 0 } state=special_active shielding=false
EXERCISE juno-spark:dual_release_2
OBJECTIVE_EVIDENCE { "objective_complete": true, "elapsed": 15.516666666667, "interaction": "LAST_VECTOR_ESCORT", "decision": "", "escorted_fighters": [], "steps": 0, "yin_count": 1, "yang_count": 1, "player_hits": 18, "guard_seconds": 0.0, "released": ["ember-vale", "vesper-nyx"], "player_damage": { "ember-vale": 40.89737088, "vesper-nyx": 42.1202496 }, "perspectives": 4, "form": "BASE", "attack": true, "guard": false, "traversal": true, "identities_exercised": 0, "alternations": 0 } state=special_active shielding=false
EXERCISE juno-spark:prismatic_gray
OBJECTIVE_EVIDENCE { "objective_complete": true, "elapsed": 5.13333333333332, "interaction": "LAST_VECTOR_ESCORT", "decision": "", "escorted_fighters": [], "steps": 6, "yin_count": 0, "yang_count": 0, "player_hits": 0, "guard_seconds": 0.0, "released": [], "player_damage": {  }, "perspectives": 6, "form": "PRISMATIC_GRAY", "attack": false, "guard": true, "traversal": true, "identities_exercised": 0, "alternations": 0 } state=shield_hold shielding=true
EXERCISE juno-spark:impossible_battle_2
OBJECTIVE_EVIDENCE { "objective_complete": true, "elapsed": 18.0000000000003, "interaction": "LAST_VECTOR_ESCORT", "decision": "", "escorted_fighters": [], "steps": 0, "yin_count": 0, "yang_count": 0, "player_hits": 0, "guard_seconds": 0.0, "released": [], "player_damage": {  }, "perspectives": 6, "form": "PRISMATIC_GRAY", "attack": true, "guard": true, "traversal": true, "identities_exercised": 0, "alternations": 0 } state=shield_hold shielding=true
EXERCISE juno-spark:epilogue
EXERCISE juno-spark:unlock
EXERCISE nix-calder:prologue
EXERCISE nix-calder:recruit:kaia-windrow
EXERCISE nix-calder:recruit:orion-vell
EXERCISE nix-calder:recruit:juno-spark
EXERCISE nix-calder:recruit:vesper-nyx
EXERCISE nix-calder:recruit:rook-ironside
EXERCISE nix-calder:recruit:ember-vale
EXERCISE nix-calder:accord
EXERCISE nix-calder:catastrophe
EXERCISE nix-calder:impossible_battle_1
EXERCISE nix-calder:first_loss
OBJECTIVE_EVIDENCE { "objective_complete": true, "elapsed": 2.0, "interaction": "OPEN_BOUNDARY", "decision": "", "escorted_fighters": [], "steps": 2, "yin_count": 3, "yang_count": 2, "player_hits": 0, "guard_seconds": 0.0, "released": [], "player_damage": {  }, "perspectives": 0, "form": "BASE", "attack": true, "guard": false, "traversal": true, "identities_exercised": 0, "alternations": 0 } state=idle shielding=false
EXERCISE nix-calder:puppet_imbalance
OBJECTIVE_EVIDENCE { "objective_complete": true, "elapsed": 5.76666666666665, "interaction": "OPEN_BOUNDARY", "decision": "", "escorted_fighters": [], "steps": 0, "yin_count": 3, "yang_count": 2, "player_hits": 4, "guard_seconds": 2.01666666666666, "released": [], "player_damage": { "kaia-windrow": 41.775048, "orion-vell": 0.0, "juno-spark": 0.0, "rook-ironside": 0.0, "ember-vale": 0.0 }, "perspectives": 1, "form": "BASE", "attack": true, "guard": true, "traversal": true, "identities_exercised": 0, "alternations": 0 } state=shield_hold shielding=true
EXERCISE nix-calder:first_release
OBJECTIVE_EVIDENCE { "objective_complete": true, "elapsed": 3.76666666666666, "interaction": "OPEN_BOUNDARY", "decision": "", "escorted_fighters": [], "steps": 0, "yin_count": 3, "yang_count": 2, "player_hits": 4, "guard_seconds": 0.0, "released": ["orion-vell"], "player_damage": { "kaia-windrow": 0.0, "orion-vell": 41.775048, "juno-spark": 0.0, "rook-ironside": 0.0, "ember-vale": 0.0 }, "perspectives": 1, "form": "BASE", "attack": true, "guard": false, "traversal": true, "identities_exercised": 0, "alternations": 0 } state=special_startup shielding=false
EXERCISE nix-calder:equilibrium
OBJECTIVE_EVIDENCE { "objective_complete": true, "elapsed": 8.85000000000002, "interaction": "OPEN_BOUNDARY", "decision": "", "escorted_fighters": [], "steps": 0, "yin_count": 2, "yang_count": 2, "player_hits": 0, "guard_seconds": 8.01666666666664, "released": [], "player_damage": { "kaia-windrow": 0.0, "juno-spark": 0.0, "rook-ironside": 0.0, "ember-vale": 0.0 }, "perspectives": 2, "form": "BASE", "attack": false, "guard": true, "traversal": true, "identities_exercised": 0, "alternations": 0 } state=shield_hold shielding=true
EXERCISE nix-calder:dual_release_1
OBJECTIVE_EVIDENCE { "objective_complete": true, "elapsed": 11.3500000000001, "interaction": "OPEN_BOUNDARY", "decision": "", "escorted_fighters": [], "steps": 0, "yin_count": 2, "yang_count": 2, "player_hits": 13, "guard_seconds": 0.0, "released": ["kaia-windrow", "rook-ironside"], "player_damage": { "kaia-windrow": 41.775048, "juno-spark": 0.0, "rook-ironside": 43.80453, "ember-vale": 0.0 }, "perspectives": 2, "form": "BASE", "attack": true, "guard": false, "traversal": true, "identities_exercised": 0, "alternations": 0 } state=special_startup shielding=false
EXERCISE nix-calder:dual_release_2
OBJECTIVE_EVIDENCE { "objective_complete": true, "elapsed": 11.3500000000001, "interaction": "OPEN_BOUNDARY", "decision": "", "escorted_fighters": [], "steps": 0, "yin_count": 1, "yang_count": 1, "player_hits": 13, "guard_seconds": 0.0, "released": ["juno-spark", "ember-vale"], "player_damage": { "juno-spark": 41.775048, "ember-vale": 43.80453 }, "perspectives": 4, "form": "BASE", "attack": true, "guard": false, "traversal": true, "identities_exercised": 0, "alternations": 0 } state=special_startup shielding=false
EXERCISE nix-calder:prismatic_gray
OBJECTIVE_EVIDENCE { "objective_complete": true, "elapsed": 4.96666666666665, "interaction": "OPEN_BOUNDARY", "decision": "", "escorted_fighters": [], "steps": 6, "yin_count": 0, "yang_count": 0, "player_hits": 0, "guard_seconds": 0.0, "released": [], "player_damage": {  }, "perspectives": 6, "form": "PRISMATIC_GRAY", "attack": false, "guard": true, "traversal": true, "identities_exercised": 0, "alternations": 0 } state=shield_hold shielding=true
EXERCISE nix-calder:impossible_battle_2
OBJECTIVE_EVIDENCE { "objective_complete": true, "elapsed": 18.0000000000003, "interaction": "OPEN_BOUNDARY", "decision": "", "escorted_fighters": [], "steps": 0, "yin_count": 0, "yang_count": 0, "player_hits": 0, "guard_seconds": 0.0, "released": [], "player_damage": {  }, "perspectives": 6, "form": "PRISMATIC_GRAY", "attack": true, "guard": true, "traversal": true, "identities_exercised": 0, "alternations": 0 } state=shield_hold shielding=true
EXERCISE nix-calder:epilogue
EXERCISE nix-calder:unlock
EXERCISE orion-vell:prologue
EXERCISE orion-vell:recruit:nix-calder
EXERCISE orion-vell:recruit:vesper-nyx
EXERCISE orion-vell:recruit:kaia-windrow
EXERCISE orion-vell:recruit:ember-vale
EXERCISE orion-vell:recruit:juno-spark
EXERCISE orion-vell:recruit:rook-ironside
EXERCISE orion-vell:accord
EXERCISE orion-vell:catastrophe
EXERCISE orion-vell:impossible_battle_1
EXERCISE orion-vell:first_loss
EXERCISE orion-vell:puppet_imbalance
OBJECTIVE_EVIDENCE { "objective_complete": true, "elapsed": 6.59999999999998, "interaction": "PERSONAL_VECTOR", "decision": "", "escorted_fighters": [], "steps": 0, "yin_count": 3, "yang_count": 2, "player_hits": 5, "guard_seconds": 2.01666666666666, "released": [], "player_damage": { "nix-calder": 43.3032, "vesper-nyx": 0.0, "ember-vale": 0.0, "juno-spark": 0.0, "rook-ironside": 0.0 }, "perspectives": 1, "form": "BASE", "attack": true, "guard": true, "traversal": true, "identities_exercised": 0, "alternations": 0 } state=shield_hold shielding=true
EXERCISE orion-vell:first_release
OBJECTIVE_EVIDENCE { "objective_complete": true, "elapsed": 4.59999999999999, "interaction": "PERSONAL_VECTOR", "decision": "", "escorted_fighters": [], "steps": 0, "yin_count": 3, "yang_count": 2, "player_hits": 5, "guard_seconds": 0.0, "released": ["vesper-nyx"], "player_damage": { "nix-calder": 0.0, "vesper-nyx": 43.3032, "ember-vale": 0.0, "juno-spark": 0.0, "rook-ironside": 0.0 }, "perspectives": 1, "form": "BASE", "attack": true, "guard": false, "traversal": true, "identities_exercised": 0, "alternations": 0 } state=special_startup shielding=false
EXERCISE orion-vell:equilibrium
OBJECTIVE_EVIDENCE { "objective_complete": true, "elapsed": 9.03333333333336, "interaction": "PERSONAL_VECTOR", "decision": "", "escorted_fighters": [], "steps": 0, "yin_count": 2, "yang_count": 2, "player_hits": 0, "guard_seconds": 8.01666666666664, "released": [], "player_damage": { "nix-calder": 0.0, "ember-vale": 0.0, "juno-spark": 0.0, "rook-ironside": 0.0 }, "perspectives": 2, "form": "BASE", "attack": false, "guard": true, "traversal": true, "identities_exercised": 0, "alternations": 0 } state=shield_hold shielding=true
EXERCISE orion-vell:dual_release_1
OBJECTIVE_EVIDENCE { "objective_complete": true, "elapsed": 13.0166666666669, "interaction": "PERSONAL_VECTOR", "decision": "", "escorted_fighters": [], "steps": 0, "yin_count": 2, "yang_count": 2, "player_hits": 15, "guard_seconds": 0.0, "released": ["nix-calder", "juno-spark"], "player_damage": { "nix-calder": 43.3032, "ember-vale": 0.0, "juno-spark": 42.504, "rook-ironside": 0.0 }, "perspectives": 2, "form": "BASE", "attack": true, "guard": false, "traversal": true, "identities_exercised": 0, "alternations": 0 } state=special_startup shielding=false
EXERCISE orion-vell:dual_release_2
OBJECTIVE_EVIDENCE { "objective_complete": true, "elapsed": 13.0166666666669, "interaction": "PERSONAL_VECTOR", "decision": "", "escorted_fighters": [], "steps": 0, "yin_count": 1, "yang_count": 1, "player_hits": 15, "guard_seconds": 0.0, "released": ["ember-vale", "rook-ironside"], "player_damage": { "ember-vale": 43.3032, "rook-ironside": 42.504 }, "perspectives": 4, "form": "BASE", "attack": true, "guard": false, "traversal": true, "identities_exercised": 0, "alternations": 0 } state=special_startup shielding=false
EXERCISE orion-vell:prismatic_gray
OBJECTIVE_EVIDENCE { "objective_complete": true, "elapsed": 5.11666666666665, "interaction": "PERSONAL_VECTOR", "decision": "", "escorted_fighters": [], "steps": 6, "yin_count": 0, "yang_count": 0, "player_hits": 0, "guard_seconds": 0.0, "released": [], "player_damage": {  }, "perspectives": 6, "form": "PRISMATIC_GRAY", "attack": false, "guard": true, "traversal": true, "identities_exercised": 0, "alternations": 0 } state=shield_hold shielding=true
EXERCISE orion-vell:impossible_battle_2
OBJECTIVE_EVIDENCE { "objective_complete": true, "elapsed": 18.0000000000003, "interaction": "PERSONAL_VECTOR", "decision": "", "escorted_fighters": [], "steps": 0, "yin_count": 0, "yang_count": 0, "player_hits": 0, "guard_seconds": 0.0, "released": [], "player_damage": {  }, "perspectives": 6, "form": "PRISMATIC_GRAY", "attack": true, "guard": true, "traversal": true, "identities_exercised": 0, "alternations": 0 } state=shield_hold shielding=true
EXERCISE orion-vell:epilogue
EXERCISE orion-vell:unlock
EXERCISE vesper-nyx:prologue
EXERCISE vesper-nyx:recruit:orion-vell
EXERCISE vesper-nyx:recruit:ember-vale
EXERCISE vesper-nyx:recruit:nix-calder
EXERCISE vesper-nyx:recruit:rook-ironside
EXERCISE vesper-nyx:recruit:kaia-windrow
EXERCISE vesper-nyx:recruit:juno-spark
EXERCISE vesper-nyx:accord
EXERCISE vesper-nyx:catastrophe
EXERCISE vesper-nyx:impossible_battle_1
EXERCISE vesper-nyx:first_loss
OBJECTIVE_EVIDENCE { "objective_complete": true, "elapsed": 2.0, "interaction": "HONEST_SIGNAL", "decision": "", "escorted_fighters": [], "steps": 2, "yin_count": 3, "yang_count": 2, "player_hits": 0, "guard_seconds": 0.0, "released": [], "player_damage": {  }, "perspectives": 0, "form": "BASE", "attack": true, "guard": false, "traversal": true, "identities_exercised": 0, "alternations": 0 } state=idle shielding=false
EXERCISE vesper-nyx:puppet_imbalance
OBJECTIVE_EVIDENCE { "objective_complete": true, "elapsed": 7.43333333333331, "interaction": "HONEST_SIGNAL", "decision": "", "escorted_fighters": [], "steps": 0, "yin_count": 3, "yang_count": 2, "player_hits": 6, "guard_seconds": 2.01666666666666, "released": [], "player_damage": { "orion-vell": 42.69484512, "nix-calder": 0.0, "rook-ironside": 0.0, "kaia-windrow": 0.0, "juno-spark": 0.0 }, "perspectives": 1, "form": "BASE", "attack": true, "guard": true, "traversal": true, "identities_exercised": 0, "alternations": 0 } state=shield_hold shielding=true
EXERCISE vesper-nyx:first_release
OBJECTIVE_EVIDENCE { "objective_complete": true, "elapsed": 5.43333333333332, "interaction": "HONEST_SIGNAL", "decision": "", "escorted_fighters": [], "steps": 0, "yin_count": 3, "yang_count": 2, "player_hits": 6, "guard_seconds": 0.0, "released": ["nix-calder"], "player_damage": { "orion-vell": 0.0, "nix-calder": 42.69484512, "rook-ironside": 0.0, "kaia-windrow": 0.0, "juno-spark": 0.0 }, "perspectives": 1, "form": "BASE", "attack": true, "guard": false, "traversal": true, "identities_exercised": 0, "alternations": 0 } state=special_startup shielding=false
EXERCISE vesper-nyx:equilibrium
OBJECTIVE_EVIDENCE { "objective_complete": true, "elapsed": 9.05000000000003, "interaction": "HONEST_SIGNAL", "decision": "", "escorted_fighters": [], "steps": 0, "yin_count": 2, "yang_count": 2, "player_hits": 0, "guard_seconds": 8.01666666666664, "released": [], "player_damage": { "orion-vell": 0.0, "rook-ironside": 0.0, "kaia-windrow": 0.0, "juno-spark": 0.0 }, "perspectives": 2, "form": "BASE", "attack": false, "guard": true, "traversal": true, "identities_exercised": 0, "alternations": 0 } state=shield_hold shielding=true
EXERCISE vesper-nyx:dual_release_1
OBJECTIVE_EVIDENCE { "objective_complete": true, "elapsed": 14.6833333333336, "interaction": "HONEST_SIGNAL", "decision": "", "escorted_fighters": [], "steps": 0, "yin_count": 2, "yang_count": 2, "player_hits": 17, "guard_seconds": 0.0, "released": ["orion-vell", "kaia-windrow"], "player_damage": { "orion-vell": 42.69484512, "rook-ironside": 0.0, "kaia-windrow": 40.3557792, "juno-spark": 0.0 }, "perspectives": 2, "form": "BASE", "attack": true, "guard": false, "traversal": true, "identities_exercised": 0, "alternations": 0 } state=special_startup shielding=false
EXERCISE vesper-nyx:dual_release_2
OBJECTIVE_EVIDENCE { "objective_complete": true, "elapsed": 14.6833333333336, "interaction": "HONEST_SIGNAL", "decision": "", "escorted_fighters": [], "steps": 0, "yin_count": 1, "yang_count": 1, "player_hits": 17, "guard_seconds": 0.0, "released": ["rook-ironside", "juno-spark"], "player_damage": { "rook-ironside": 42.69484512, "juno-spark": 40.3557792 }, "perspectives": 4, "form": "BASE", "attack": true, "guard": false, "traversal": true, "identities_exercised": 0, "alternations": 0 } state=special_startup shielding=false
EXERCISE vesper-nyx:prismatic_gray
OBJECTIVE_EVIDENCE { "objective_complete": true, "elapsed": 5.13333333333332, "interaction": "HONEST_SIGNAL", "decision": "", "escorted_fighters": [], "steps": 6, "yin_count": 0, "yang_count": 0, "player_hits": 0, "guard_seconds": 0.0, "released": [], "player_damage": {  }, "perspectives": 6, "form": "PRISMATIC_GRAY", "attack": false, "guard": true, "traversal": true, "identities_exercised": 0, "alternations": 0 } state=shield_hold shielding=true
EXERCISE vesper-nyx:impossible_battle_2
OBJECTIVE_EVIDENCE { "objective_complete": true, "elapsed": 18.0000000000003, "interaction": "HONEST_SIGNAL", "decision": "", "escorted_fighters": [], "steps": 0, "yin_count": 0, "yang_count": 0, "player_hits": 0, "guard_seconds": 0.0, "released": [], "player_damage": {  }, "perspectives": 6, "form": "PRISMATIC_GRAY", "attack": true, "guard": true, "traversal": true, "identities_exercised": 0, "alternations": 0 } state=shield_hold shielding=true
EXERCISE vesper-nyx:epilogue
EXERCISE vesper-nyx:unlock
EXERCISE sevenfold:reunion
OBJECTIVE_EVIDENCE { "objective_complete": true, "elapsed": 0.83333333333333, "interaction": "", "decision": "", "escorted_fighters": [], "steps": 6, "yin_count": 0, "yang_count": 0, "player_hits": 0, "guard_seconds": 0.0, "released": [], "player_damage": {  }, "perspectives": 0, "form": "PRISMATIC_GRAY", "attack": false, "guard": false, "traversal": true, "identities_exercised": 0, "alternations": 0 } state=fast_fall shielding=false
EXERCISE sevenfold:trial
EXERCISE sevenfold:equilibrium
OBJECTIVE_EVIDENCE { "objective_complete": true, "elapsed": 21.0000000000001, "interaction": "", "decision": "", "escorted_fighters": [], "steps": 0, "yin_count": 0, "yang_count": 0, "player_hits": 0, "guard_seconds": 0.0, "released": [], "player_damage": {  }, "perspectives": 0, "form": "PRISMATIC_GRAY", "attack": false, "guard": true, "traversal": true, "identities_exercised": 0, "alternations": 6 } state=idle shielding=false
EXERCISE sevenfold:conversation
EXERCISE sevenfold:unlock
FULL_CAMPAIGN true nodes=145 failures=[]
