Godot Engine v4.7.1.stable.official.a13da4feb - https://godotengine.org

ORDINARY_PROFILE /Users/gunnchos/Library/Application Support/Godot/app_userdata/Anime Aggressors Review baseline_probe_20261009
ORDINARY_SCENE res://scenes/boot/BootScene.tscn
ORDINARY_SCENE res://scenes/menus/MainMenuScene.tscn
ORDINARY_SCENE res://scenes/menus/StoryCampaignScene.tscn
ORDINARY_SCENE res://scenes/battle/BattleScene.tscn
ORDINARY_PROGRESS {"frame":1800,"inputs":[],"node":"kaia-windrow:prologue","objective":{},"p1_damage":0.0,"p1_position":[41.3933181762695,280.175262451172],"p1_stocks":2,"p2_damage":12.16512,"p2_stocks":2}
ORDINARY_PROGRESS {"frame":3600,"inputs":[],"node":"kaia-windrow:prologue","objective":{},"p1_damage":0.0,"p1_position":[41.3933181762695,280.245819091797],"p1_stocks":2,"p2_damage":12.16512,"p2_stocks":2}
ORDINARY_PROGRESS {"frame":5400,"inputs":[],"node":"kaia-windrow:prologue","objective":{},"p1_damage":0.0,"p1_position":[341.465270996094,280.245819091797],"p1_stocks":2,"p2_damage":108.877824,"p2_stocks":2}
ORDINARY_PROGRESS {"frame":7200,"inputs":[],"node":"kaia-windrow:prologue","objective":{},"p1_damage":0.0,"p1_position":[393.306549072266,280.245819091797],"p1_stocks":2,"p2_damage":116.4201984,"p2_stocks":2}
ORDINARY_PROGRESS {"frame":9000,"inputs":[],"node":"kaia-windrow:prologue","objective":{},"p1_damage":0.0,"p1_position":[445.374084472656,280.245819091797],"p1_stocks":2,"p2_damage":123.9625728,"p2_stocks":2}
ORDINARY_PROGRESS {"frame":10800,"inputs":[],"node":"kaia-windrow:prologue","objective":{},"p1_damage":0.0,"p1_position":[445.374084472656,280.245819091797],"p1_stocks":2,"p2_damage":123.9625728,"p2_stocks":2}
ORDINARY_SCENE res://scenes/ui/ResultsScene.tscn
ORDINARY_RESULT {"blocks":165,"enemy_hits":0,"enemy_moves":0,"frames":10980,"max_player_damage":0.0,"node":"kaia-windrow:prologue","normal_rules":true,"player_hits":30,"receipt":{},"start_stocks":2,"winner":1}
ORDINARY_SCENE res://scenes/menus/StoryCampaignScene.tscn
ORDINARY_SCENE res://scenes/battle/BattleScene.tscn
ORDINARY_PROGRESS {"frame":1800,"inputs":[],"node":"kaia-windrow:prologue","objective":{},"p1_damage":0.0,"p1_position":[41.3933181762695,280.175262451172],"p1_stocks":2,"p2_damage":12.16512,"p2_stocks":2}
ORDINARY_PROGRESS {"frame":3600,"inputs":[],"node":"kaia-windrow:prologue","objective":{},"p1_damage":0.0,"p1_position":[41.3933181762695,280.245819091797],"p1_stocks":2,"p2_damage":12.16512,"p2_stocks":2}
ORDINARY_PROGRESS {"frame":5400,"inputs":[],"node":"kaia-windrow:prologue","objective":{},"p1_damage":0.0,"p1_position":[341.465270996094,280.245819091797],"p1_stocks":2,"p2_damage":108.877824,"p2_stocks":2}
ORDINARY_PROGRESS {"frame":7200,"inputs":[],"node":"kaia-windrow:prologue","objective":{},"p1_damage":0.0,"p1_position":[393.306549072266,280.245819091797],"p1_stocks":2,"p2_damage":116.4201984,"p2_stocks":2}
ORDINARY_PROGRESS {"frame":9000,"inputs":[],"node":"kaia-windrow:prologue","objective":{},"p1_damage":0.0,"p1_position":[445.374084472656,280.245819091797],"p1_stocks":2,"p2_damage":123.9625728,"p2_stocks":2}
ORDINARY_PROGRESS {"frame":10800,"inputs":[],"node":"kaia-windrow:prologue","objective":{},"p1_damage":0.0,"p1_position":[445.374084472656,280.245819091797],"p1_stocks":2,"p2_damage":123.9625728,"p2_stocks":2}
ORDINARY_SCENE res://scenes/ui/ResultsScene.tscn
ORDINARY_RESULT {"blocks":165,"enemy_hits":0,"enemy_moves":0,"frames":10980,"max_player_damage":0.0,"node":"kaia-windrow:prologue","normal_rules":true,"player_hits":30,"receipt":{},"start_stocks":2,"winner":1}
ORDINARY_SCENE res://scenes/menus/StoryCampaignScene.tscn
ORDINARY_SCENE res://scenes/battle/BattleScene.tscn
ORDINARY_PROGRESS {"frame":1800,"inputs":[],"node":"kaia-windrow:prologue","objective":{},"p1_damage":0.0,"p1_position":[41.3933181762695,280.175262451172],"p1_stocks":2,"p2_damage":12.16512,"p2_stocks":2}
ORDINARY_PROGRESS {"frame":3600,"inputs":[],"node":"kaia-windrow:prologue","objective":{},"p1_damage":0.0,"p1_position":[41.3933181762695,280.245819091797],"p1_stocks":2,"p2_damage":12.16512,"p2_stocks":2}
ORDINARY_PROGRESS {"frame":5400,"inputs":[],"node":"kaia-windrow:prologue","objective":{},"p1_damage":0.0,"p1_position":[341.465270996094,280.245819091797],"p1_stocks":2,"p2_damage":108.877824,"p2_stocks":2}
ORDINARY_PROGRESS {"frame":7200,"inputs":[],"node":"kaia-windrow:prologue","objective":{},"p1_damage":0.0,"p1_position":[393.306549072266,280.245819091797],"p1_stocks":2,"p2_damage":116.4201984,"p2_stocks":2}
ORDINARY_PROGRESS {"frame":9000,"inputs":[],"node":"kaia-windrow:prologue","objective":{},"p1_damage":0.0,"p1_position":[445.374084472656,280.245819091797],"p1_stocks":2,"p2_damage":123.9625728,"p2_stocks":2}
ORDINARY_PROGRESS {"frame":10800,"inputs":[],"node":"kaia-windrow:prologue","objective":{},"p1_damage":0.0,"p1_position":[445.374084472656,280.245819091797],"p1_stocks":2,"p2_damage":123.9625728,"p2_stocks":2}
ORDINARY_SCENE res://scenes/ui/ResultsScene.tscn
ORDINARY_RESULT {"blocks":165,"enemy_hits":0,"enemy_moves":0,"frames":10980,"max_player_damage":0.0,"node":"kaia-windrow:prologue","normal_rules":true,"player_hits":30,"receipt":{},"start_stocks":2,"winner":1}
ORDINARY_SCENE res://scenes/menus/StoryCampaignScene.tscn
ORDINARY_SCENE res://scenes/battle/BattleScene.tscn
ORDINARY_PROGRESS {"frame":1800,"inputs":[],"node":"kaia-windrow:prologue","objective":{},"p1_damage":0.0,"p1_position":[41.3933181762695,280.175262451172],"p1_stocks":2,"p2_damage":12.16512,"p2_stocks":2}
ORDINARY_PROGRESS {"frame":3600,"inputs":[],"node":"kaia-windrow:prologue","objective":{},"p1_damage":0.0,"p1_position":[41.3933181762695,280.245819091797],"p1_stocks":2,"p2_damage":12.16512,"p2_stocks":2}
ORDINARY_PROGRESS {"frame":5400,"inputs":[],"node":"kaia-windrow:prologue","objective":{},"p1_damage":0.0,"p1_position":[341.465270996094,280.245819091797],"p1_stocks":2,"p2_damage":108.877824,"p2_stocks":2}
ORDINARY_PROGRESS {"frame":7200,"inputs":[],"node":"kaia-windrow:prologue","objective":{},"p1_damage":0.0,"p1_position":[393.306549072266,280.245819091797],"p1_stocks":2,"p2_damage":116.4201984,"p2_stocks":2}
ORDINARY_PROGRESS {"frame":9000,"inputs":[],"node":"kaia-windrow:prologue","objective":{},"p1_damage":0.0,"p1_position":[445.374084472656,280.245819091797],"p1_stocks":2,"p2_damage":123.9625728,"p2_stocks":2}
ORDINARY_PROGRESS {"frame":10800,"inputs":[],"node":"kaia-windrow:prologue","objective":{},"p1_damage":0.0,"p1_position":[445.374084472656,280.245819091797],"p1_stocks":2,"p2_damage":123.9625728,"p2_stocks":2}
ORDINARY_SCENE res://scenes/ui/ResultsScene.tscn
ORDINARY_RESULT {"blocks":165,"enemy_hits":0,"enemy_moves":0,"frames":10980,"max_player_damage":0.0,"node":"kaia-windrow:prologue","normal_rules":true,"player_hits":30,"receipt":{},"start_stocks":2,"winner":1}
ORDINARY_SCENE res://scenes/menus/StoryCampaignScene.tscn
ORDINARY_SCENE res://scenes/battle/BattleScene.tscn
